Archive member included to satisfy reference by file (symbol)

c:/st/stm32cubeide_1.8.0/stm32cubeide/plugins/com.st.stm32cube.ide.mcu.externaltools.gnu-tools-for-stm32.9-2020-q2-update.win32_2.0.0.202105311346/tools/bin/../lib/gcc/arm-none-eabi/9.3.1/../../../../arm-none-eabi/lib/thumb/v7e-m+fp/hard\libc_nano.a(lib_a-errno.o)
                              ./Core/Src/syscalls.o (__errno)
c:/st/stm32cubeide_1.8.0/stm32cubeide/plugins/com.st.stm32cube.ide.mcu.externaltools.gnu-tools-for-stm32.9-2020-q2-update.win32_2.0.0.202105311346/tools/bin/../lib/gcc/arm-none-eabi/9.3.1/../../../../arm-none-eabi/lib/thumb/v7e-m+fp/hard\libc_nano.a(lib_a-exit.o)
                              c:/st/stm32cubeide_1.8.0/stm32cubeide/plugins/com.st.stm32cube.ide.mcu.externaltools.gnu-tools-for-stm32.9-2020-q2-update.win32_2.0.0.202105311346/tools/bin/../lib/gcc/arm-none-eabi/9.3.1/../../../../arm-none-eabi/lib/thumb/v7e-m+fp/hard/crt0.o (exit)
c:/st/stm32cubeide_1.8.0/stm32cubeide/plugins/com.st.stm32cube.ide.mcu.externaltools.gnu-tools-for-stm32.9-2020-q2-update.win32_2.0.0.202105311346/tools/bin/../lib/gcc/arm-none-eabi/9.3.1/../../../../arm-none-eabi/lib/thumb/v7e-m+fp/hard\libc_nano.a(lib_a-fclose.o)
                              ./Core/Src/seed.o (fclose)
c:/st/stm32cubeide_1.8.0/stm32cubeide/plugins/com.st.stm32cube.ide.mcu.externaltools.gnu-tools-for-stm32.9-2020-q2-update.win32_2.0.0.202105311346/tools/bin/../lib/gcc/arm-none-eabi/9.3.1/../../../../arm-none-eabi/lib/thumb/v7e-m+fp/hard\libc_nano.a(lib_a-fflush.o)
                              c:/st/stm32cubeide_1.8.0/stm32cubeide/plugins/com.st.stm32cube.ide.mcu.externaltools.gnu-tools-for-stm32.9-2020-q2-update.win32_2.0.0.202105311346/tools/bin/../lib/gcc/arm-none-eabi/9.3.1/../../../../arm-none-eabi/lib/thumb/v7e-m+fp/hard\libc_nano.a(lib_a-fclose.o) (__sflush_r)
c:/st/stm32cubeide_1.8.0/stm32cubeide/plugins/com.st.stm32cube.ide.mcu.externaltools.gnu-tools-for-stm32.9-2020-q2-update.win32_2.0.0.202105311346/tools/bin/../lib/gcc/arm-none-eabi/9.3.1/../../../../arm-none-eabi/lib/thumb/v7e-m+fp/hard\libc_nano.a(lib_a-findfp.o)
                              c:/st/stm32cubeide_1.8.0/stm32cubeide/plugins/com.st.stm32cube.ide.mcu.externaltools.gnu-tools-for-stm32.9-2020-q2-update.win32_2.0.0.202105311346/tools/bin/../lib/gcc/arm-none-eabi/9.3.1/../../../../arm-none-eabi/lib/thumb/v7e-m+fp/hard\libc_nano.a(lib_a-fclose.o) (__sfp_lock_acquire)
c:/st/stm32cubeide_1.8.0/stm32cubeide/plugins/com.st.stm32cube.ide.mcu.externaltools.gnu-tools-for-stm32.9-2020-q2-update.win32_2.0.0.202105311346/tools/bin/../lib/gcc/arm-none-eabi/9.3.1/../../../../arm-none-eabi/lib/thumb/v7e-m+fp/hard\libc_nano.a(lib_a-fopen.o)
                              ./Core/Src/seed.o (fopen)
c:/st/stm32cubeide_1.8.0/stm32cubeide/plugins/com.st.stm32cube.ide.mcu.externaltools.gnu-tools-for-stm32.9-2020-q2-update.win32_2.0.0.202105311346/tools/bin/../lib/gcc/arm-none-eabi/9.3.1/../../../../arm-none-eabi/lib/thumb/v7e-m+fp/hard\libc_nano.a(lib_a-fread.o)
                              ./Core/Src/seed.o (fread)
c:/st/stm32cubeide_1.8.0/stm32cubeide/plugins/com.st.stm32cube.ide.mcu.externaltools.gnu-tools-for-stm32.9-2020-q2-update.win32_2.0.0.202105311346/tools/bin/../lib/gcc/arm-none-eabi/9.3.1/../../../../arm-none-eabi/lib/thumb/v7e-m+fp/hard\libc_nano.a(lib_a-fseek.o)
                              c:/st/stm32cubeide_1.8.0/stm32cubeide/plugins/com.st.stm32cube.ide.mcu.externaltools.gnu-tools-for-stm32.9-2020-q2-update.win32_2.0.0.202105311346/tools/bin/../lib/gcc/arm-none-eabi/9.3.1/../../../../arm-none-eabi/lib/thumb/v7e-m+fp/hard\libc_nano.a(lib_a-fopen.o) (_fseek_r)
c:/st/stm32cubeide_1.8.0/stm32cubeide/plugins/com.st.stm32cube.ide.mcu.externaltools.gnu-tools-for-stm32.9-2020-q2-update.win32_2.0.0.202105311346/tools/bin/../lib/gcc/arm-none-eabi/9.3.1/../../../../arm-none-eabi/lib/thumb/v7e-m+fp/hard\libc_nano.a(lib_a-fseeko.o)
                              c:/st/stm32cubeide_1.8.0/stm32cubeide/plugins/com.st.stm32cube.ide.mcu.externaltools.gnu-tools-for-stm32.9-2020-q2-update.win32_2.0.0.202105311346/tools/bin/../lib/gcc/arm-none-eabi/9.3.1/../../../../arm-none-eabi/lib/thumb/v7e-m+fp/hard\libc_nano.a(lib_a-fseek.o) (_fseeko_r)
c:/st/stm32cubeide_1.8.0/stm32cubeide/plugins/com.st.stm32cube.ide.mcu.externaltools.gnu-tools-for-stm32.9-2020-q2-update.win32_2.0.0.202105311346/tools/bin/../lib/gcc/arm-none-eabi/9.3.1/../../../../arm-none-eabi/lib/thumb/v7e-m+fp/hard\libc_nano.a(lib_a-ftello.o)
                              c:/st/stm32cubeide_1.8.0/stm32cubeide/plugins/com.st.stm32cube.ide.mcu.externaltools.gnu-tools-for-stm32.9-2020-q2-update.win32_2.0.0.202105311346/tools/bin/../lib/gcc/arm-none-eabi/9.3.1/../../../../arm-none-eabi/lib/thumb/v7e-m+fp/hard\libc_nano.a(lib_a-fseeko.o) (_ftello_r)
[...]
Memory Configuration

Name             Origin             Length             Attributes
CCMRAM           0x0000000010000000 0x0000000000010000 xrw
RAM              0x0000000020000000 0x0000000000020000 xrw
FLASH            0x0000000008000000 0x0000000000100000 xr
*default*        0x0000000000000000 0xffffffffffffffff

Linker script and memory map

LOAD c:/st/stm32cubeide_1.8.0/stm32cubeide/plugins/com.st.stm32cube.ide.mcu.externaltools.gnu-tools-for-stm32.9-2020-q2-update.win32_2.0.0.202105311346/tools/bin/../lib/gcc/arm-none-eabi/9.3.1/thumb/v7e-m+fp/hard/crti.o
LOAD c:/st/stm32cubeide_1.8.0/stm32cubeide/plugins/com.st.stm32cube.ide.mcu.externaltools.gnu-tools-for-stm32.9-2020-q2-update.win32_2.0.0.202105311346/tools/bin/../lib/gcc/arm-none-eabi/9.3.1/thumb/v7e-m+fp/hard/crtbegin.o
LOAD c:/st/stm32cubeide_1.8.0/stm32cubeide/plugins/com.st.stm32cube.ide.mcu.externaltools.gnu-tools-for-stm32.9-2020-q2-update.win32_2.0.0.202105311346/tools/bin/../lib/gcc/arm-none-eabi/9.3.1/../../../../arm-none-eabi/lib/thumb/v7e-m+fp/hard/crt0.o
LOAD ./Core/Src/CRC32.o
LOAD ./Core/Src/ChaCha20.o
LOAD ./Core/Src/Ex_Flash.o
LOAD ./Core/Src/WQ25xx.o
LOAD ./Core/Src/add_scalar.o
LOAD ./Core/Src/fe.o
LOAD ./Core/Src/ge.o
LOAD ./Core/Src/key_exchange.o
LOAD ./Core/Src/keypair.o
LOAD ./Core/Src/main.o
LOAD ./Core/Src/sc.o
LOAD ./Core/Src/seed.o
LOAD ./Core/Src/sha3.o
LOAD ./Core/Src/sha512.o
LOAD ./Core/Src/sign.o
LOAD ./Core/Src/stm32f4xx_hal_msp.o
LOAD ./Core/Src/stm32f4xx_it.o
LOAD ./Core/Src/syscalls.o
LOAD ./Core/Src/sysmem.o
LOAD ./Core/Src/system_stm32f4xx.o
LOAD ./Core/Src/verify.o
LOAD ./Core/Startup/startup_stm32f407vgtx.o
LOAD ./Drivers/STM32F4xx_HAL_Driver/Src/stm32f4xx_hal.o
LOAD ./Drivers/STM32F4xx_HAL_Driver/Src/stm32f4xx_hal_cortex.o
LOAD ./Drivers/STM32F4xx_HAL_Driver/Src/stm32f4xx_hal_dma.o
LOAD ./Drivers/STM32F4xx_HAL_Driver/Src/stm32f4xx_hal_dma_ex.o
LOAD ./Drivers/STM32F4xx_HAL_Driver/Src/stm32f4xx_hal_exti.o
LOAD ./Drivers/STM32F4xx_HAL_Driver/Src/stm32f4xx_hal_flash.o
LOAD ./Drivers/STM32F4xx_HAL_Driver/Src/stm32f4xx_hal_flash_ex.o
LOAD ./Drivers/STM32F4xx_HAL_Driver/Src/stm32f4xx_hal_flash_ramfunc.o
LOAD ./Drivers/STM32F4xx_HAL_Driver/Src/stm32f4xx_hal_gpio.o
LOAD ./Drivers/STM32F4xx_HAL_Driver/Src/stm32f4xx_hal_pwr.o
LOAD ./Drivers/STM32F4xx_HAL_Driver/Src/stm32f4xx_hal_pwr_ex.o
LOAD ./Drivers/STM32F4xx_HAL_Driver/Src/stm32f4xx_hal_rcc.o
LOAD ./Drivers/STM32F4xx_HAL_Driver/Src/stm32f4xx_hal_rcc_ex.o
LOAD ./Drivers/STM32F4xx_HAL_Driver/Src/stm32f4xx_hal_sd.o
LOAD ./Drivers/STM32F4xx_HAL_Driver/Src/stm32f4xx_hal_spi.o
LOAD ./Drivers/STM32F4xx_HAL_Driver/Src/stm32f4xx_hal_tim.o
LOAD ./Drivers/STM32F4xx_HAL_Driver/Src/stm32f4xx_hal_tim_ex.o
LOAD ./Drivers/STM32F4xx_HAL_Driver/Src/stm32f4xx_hal_uart.o
LOAD ./Drivers/STM32F4xx_HAL_Driver/Src/stm32f4xx_ll_sdmmc.o
LOAD ./FATFS/App/fatfs.o
LOAD ./FATFS/Target/bsp_driver_sd.o
LOAD ./FATFS/Target/sd_diskio.o
LOAD ./Middlewares/Third_Party/FatFs/src/diskio.o
LOAD ./Middlewares/Third_Party/FatFs/src/ff.o
LOAD ./Middlewares/Third_Party/FatFs/src/ff_gen_drv.o
LOAD ./Middlewares/Third_Party/FatFs/src/option/syscall.o
START GROUP
LOAD c:/st/stm32cubeide_1.8.0/stm32cubeide/plugins/com.st.stm32cube.ide.mcu.externaltools.gnu-tools-for-stm32.9-2020-q2-update.win32_2.0.0.202105311346/tools/bin/../lib/gcc/arm-none-eabi/9.3.1/../../../../arm-none-eabi/lib/thumb/v7e-m+fp/hard\libc_nano.a
LOAD c:/st/stm32cubeide_1.8.0/stm32cubeide/plugins/com.st.stm32cube.ide.mcu.externaltools.gnu-tools-for-stm32.9-2020-q2-update.win32_2.0.0.202105311346/tools/bin/../lib/gcc/arm-none-eabi/9.3.1/../../../../arm-none-eabi/lib/thumb/v7e-m+fp/hard\libm.a
END GROUP
START GROUP
LOAD c:/st/stm32cubeide_1.8.0/stm32cubeide/plugins/com.st.stm32cube.ide.mcu.externaltools.gnu-tools-for-stm32.9-2020-q2-update.win32_2.0.0.202105311346/tools/bin/../lib/gcc/arm-none-eabi/9.3.1/thumb/v7e-m+fp/hard\libgcc.a
LOAD c:/st/stm32cubeide_1.8.0/stm32cubeide/plugins/com.st.stm32cube.ide.mcu.externaltools.gnu-tools-for-stm32.9-2020-q2-update.win32_2.0.0.202105311346/tools/bin/../lib/gcc/arm-none-eabi/9.3.1/../../../../arm-none-eabi/lib/thumb/v7e-m+fp/hard\libc_nano.a
END GROUP
START GROUP
LOAD c:/st/stm32cubeide_1.8.0/stm32cubeide/plugins/com.st.stm32cube.ide.mcu.externaltools.gnu-tools-for-stm32.9-2020-q2-update.win32_2.0.0.202105311346/tools/bin/../lib/gcc/arm-none-eabi/9.3.1/thumb/v7e-m+fp/hard\libgcc.a
LOAD c:/st/stm32cubeide_1.8.0/stm32cubeide/plugins/com.st.stm32cube.ide.mcu.externaltools.gnu-tools-for-stm32.9-2020-q2-update.win32_2.0.0.202105311346/tools/bin/../lib/gcc/arm-none-eabi/9.3.1/../../../../arm-none-eabi/lib/thumb/v7e-m+fp/hard\libc_nano.a
LOAD c:/st/stm32cubeide_1.8.0/stm32cubeide/plugins/com.st.stm32cube.ide.mcu.externaltools.gnu-tools-for-stm32.9-2020-q2-update.win32_2.0.0.202105311346/tools/bin/../lib/gcc/arm-none-eabi/9.3.1/../../../../arm-none-eabi/lib/thumb/v7e-m+fp/hard\libnosys.a
END GROUP
START GROUP
LOAD c:/st/stm32cubeide_1.8.0/stm32cubeide/plugins/com.st.stm32cube.ide.mcu.externaltools.gnu-tools-for-stm32.9-2020-q2-update.win32_2.0.0.202105311346/tools/bin/../lib/gcc/arm-none-eabi/9.3.1/thumb/v7e-m+fp/hard\libgcc.a
LOAD c:/st/stm32cubeide_1.8.0/stm32cubeide/plugins/com.st.stm32cube.ide.mcu.externaltools.gnu-tools-for-stm32.9-2020-q2-update.win32_2.0.0.202105311346/tools/bin/../lib/gcc/arm-none-eabi/9.3.1/../../../../arm-none-eabi/lib/thumb/v7e-m+fp/hard\libc_nano.a
LOAD c:/st/stm32cubeide_1.8.0/stm32cubeide/plugins/com.st.stm32cube.ide.mcu.externaltools.gnu-tools-for-stm32.9-2020-q2-update.win32_2.0.0.202105311346/tools/bin/../lib/gcc/arm-none-eabi/9.3.1/../../../../arm-none-eabi/lib/thumb/v7e-m+fp/hard\libnosys.a
END GROUP
LOAD c:/st/stm32cubeide_1.8.0/stm32cubeide/plugins/com.st.stm32cube.ide.mcu.externaltools.gnu-tools-for-stm32.9-2020-q2-update.win32_2.0.0.202105311346/tools/bin/../lib/gcc/arm-none-eabi/9.3.1/thumb/v7e-m+fp/hard/crtend.o
LOAD c:/st/stm32cubeide_1.8.0/stm32cubeide/plugins/com.st.stm32cube.ide.mcu.externaltools.gnu-tools-for-stm32.9-2020-q2-update.win32_2.0.0.202105311346/tools/bin/../lib/gcc/arm-none-eabi/9.3.1/thumb/v7e-m+fp/hard/crtn.o
                0x0000000020020000                _estack = (ORIGIN (RAM) + LENGTH (RAM))
                0x0000000000000200                _Min_Heap_Size = 0x200
                0x0000000000000400                _Min_Stack_Size = 0x400

.isr_vector     0x0000000008000000      0x188
                0x0000000008000000                . = ALIGN (0x4)
 *(.isr_vector)
 .isr_vector    0x0000000008000000      0x188 ./Core/Startup/startup_stm32f407vgtx.o
                0x0000000008000000                g_pfnVectors
                0x0000000008000188                . = ALIGN (0x4)

.text           0x0000000008000190    0x1b030
                0x0000000008000190                . = ALIGN (0x4)
 *(.text)
 .text          0x0000000008000190       0x40 c:/st/stm32cubeide_1.8.0/stm32cubeide/plugins/com.st.stm32cube.ide.mcu.externaltools.gnu-tools-for-stm32.9-2020-q2-update.win32_2.0.0.202105311346/tools/bin/../lib/gcc/arm-none-eabi/9.3.1/thumb/v7e-m+fp/hard/crtbegin.o
 .text          0x00000000080001d0       0x10 c:/st/stm32cubeide_1.8.0/stm32cubeide/plugins/com.st.stm32cube.ide.mcu.externaltools.gnu-tools-for-stm32.9-2020-q2-update.win32_2.0.0.202105311346/tools/bin/../lib/gcc/arm-none-eabi/9.3.1/../../../../arm-none-eabi/lib/thumb/v7e-m+fp/hard\libc_nano.a(lib_a-strlen.o)
                0x00000000080001d0                strlen
 .text          0x00000000080001e0       0xa0 c:/st/stm32cubeide_1.8.0/stm32cubeide/plugins/com.st.stm32cube.ide.mcu.externaltools.gnu-tools-for-stm32.9-2020-q2-update.win32_2.0.0.202105311346/tools/bin/../lib/gcc/arm-none-eabi/9.3.1/../../../../arm-none-eabi/lib/thumb/v7e-m+fp/hard\libc_nano.a(lib_a-memchr.o)
                0x00000000080001e0                memchr
 .text          0x0000000008000280      0x378 c:/st/stm32cubeide_1.8.0/stm32cubeide/plugins/com.st.stm32cube.ide.mcu.externaltools.gnu-tools-for-stm32.9-2020-q2-update.win32_2.0.0.202105311346/tools/bin/../lib/gcc/arm-none-eabi/9.3.1/thumb/v7e-m+fp/hard\libgcc.a(_arm_addsubdf3.o)
                0x0000000008000280                __aeabi_drsub
                0x0000000008000288                __aeabi_dsub
                0x0000000008000288                __subdf3
                0x000000000800028c                __aeabi_dadd
                0x000000000800028c                __adddf3
                0x0000000008000504                __floatunsidf
                0x0000000008000504                __aeabi_ui2d
                0x0000000008000524                __floatsidf
                0x0000000008000524                __aeabi_i2d
                0x0000000008000548                __aeabi_f2d
                0x0000000008000548                __extendsfdf2
                0x000000000800058c                __floatundidf
                0x000000000800058c                __aeabi_ul2d
                0x000000000800059c                __floatdidf
                0x000000000800059c                __aeabi_l2d
 .text          0x00000000080005f8      0x424 c:/st/stm32cubeide_1.8.0/stm32cubeide/plugins/com.st.stm32cube.ide.mcu.externaltools.gnu-tools-for-stm32.9-2020-q2-update.win32_2.0.0.202105311346/tools/bin/../lib/gcc/arm-none-eabi/9.3.1/thumb/v7e-m+fp/hard\libgcc.a(_arm_muldivdf3.o)
                0x00000000080005f8                __aeabi_dmul
                0x00000000080005f8                __muldf3
                0x000000000800084c                __divdf3
                0x000000000800084c                __aeabi_ddiv
 .text          0x0000000008000a1c      0x110 c:/st/stm32cubeide_1.8.0/stm32cubeide/plugins/com.st.stm32cube.ide.mcu.externaltools.gnu-tools-for-stm32.9-2020-q2-update.win32_2.0.0.202105311346/tools/bin/../lib/gcc/arm-none-eabi/9.3.1/thumb/v7e-m+fp/hard\libgcc.a(_arm_cmpdf2.o)
                0x0000000008000a1c                __gtdf2
                0x0000000008000a1c                __gedf2
                0x0000000008000a24                __ltdf2
                0x0000000008000a24                __ledf2
                0x0000000008000a2c                __nedf2
                0x0000000008000a2c                __eqdf2
                0x0000000008000a2c                __cmpdf2
                0x0000000008000aa8                __aeabi_cdrcmple
                0x0000000008000ab8                __aeabi_cdcmpeq
                0x0000000008000ab8                __aeabi_cdcmple
                0x0000000008000ac8                __aeabi_dcmpeq
                0x0000000008000adc                __aeabi_dcmplt
                0x0000000008000af0                __aeabi_dcmple
                0x0000000008000b04                __aeabi_dcmpge
                0x0000000008000b18                __aeabi_dcmpgt
 .text          0x0000000008000b2c       0x2c c:/st/stm32cubeide_1.8.0/stm32cubeide/plugins/com.st.stm32cube.ide.mcu.externaltools.gnu-tools-for-stm32.9-2020-q2-update.win32_2.0.0.202105311346/tools/bin/../lib/gcc/arm-none-eabi/9.3.1/thumb/v7e-m+fp/hard\libgcc.a(_arm_unorddf2.o)
                0x0000000008000b2c                __unorddf2
                0x0000000008000b2c                __aeabi_dcmpun
 .text          0x0000000008000b58       0x50 c:/st/stm32cubeide_1.8.0/stm32cubeide/plugins/com.st.stm32cube.ide.mcu.externaltools.gnu-tools-for-stm32.9-2020-q2-update.win32_2.0.0.202105311346/tools/bin/../lib/gcc/arm-none-eabi/9.3.1/thumb/v7e-m+fp/hard\libgcc.a(_arm_fixdfsi.o)
                0x0000000008000b58                __aeabi_d2iz
                0x0000000008000b58                __fixdfsi
 .text          0x0000000008000ba8       0x30 c:/st/stm32cubeide_1.8.0/stm32cubeide/plugins/com.st.stm32cube.ide.mcu.externaltools.gnu-tools-for-stm32.9-2020-q2-update.win32_2.0.0.202105311346/tools/bin/../lib/gcc/arm-none-eabi/9.3.1/thumb/v7e-m+fp/hard\libgcc.a(_aeabi_uldivmod.o)
                0x0000000008000ba8                __aeabi_uldivmod
 .text          0x0000000008000bd8      0x2c4 c:/st/stm32cubeide_1.8.0/stm32cubeide/plugins/com.st.stm32cube.ide.mcu.externaltools.gnu-tools-for-stm32.9-2020-q2-update.win32_2.0.0.202105311346/tools/bin/../lib/gcc/arm-none-eabi/9.3.1/thumb/v7e-m+fp/hard\libgcc.a(_udivmoddi4.o)
                0x0000000008000bd8                __udivmoddi4
 .text          0x0000000008000e9c        0x4 c:/st/stm32cubeide_1.8.0/stm32cubeide/plugins/com.st.stm32cube.ide.mcu.externaltools.gnu-tools-for-stm32.9-2020-q2-update.win32_2.0.0.202105311346/tools/bin/../lib/gcc/arm-none-eabi/9.3.1/thumb/v7e-m+fp/hard\libgcc.a(_dvmd_tls.o)
                0x0000000008000e9c                __aeabi_idiv0
                0x0000000008000e9c                __aeabi_ldiv0
 *(.text*)
 .text.Chacha20_Xor
                0x0000000008000ea0       0x48 ./Core/Src/ChaCha20.o
                0x0000000008000ea0                Chacha20_Xor
 .text.ChaCha20_SetCell
                0x0000000008000ee8       0xc6 ./Core/Src/ChaCha20.o
                0x0000000008000ee8                ChaCha20_SetCell
 .text.ChaCha20_Round
                0x0000000008000fae      0x44e ./Core/Src/ChaCha20.o
                0x0000000008000fae                ChaCha20_Round
 .text.ChaCha20_FinalXor
                0x00000000080013fc       0x90 ./Core/Src/ChaCha20.o
                0x00000000080013fc                ChaCha20_FinalXor
 .text.W25qxx_Spi
                0x000000000800148c       0x2c ./Core/Src/WQ25xx.o
                0x000000000800148c                W25qxx_Spi
 .text.W25qxx_ReadID
                0x00000000080014b8       0x70 ./Core/Src/WQ25xx.o
                0x00000000080014b8                W25qxx_ReadID
 .text.W25qxx_ReadUniqID
                0x0000000008001528       0x70 ./Core/Src/WQ25xx.o
                0x0000000008001528                W25qxx_ReadUniqID
 .text.W25qxx_ReadStatusRegister
                0x0000000008001598       0x90 ./Core/Src/WQ25xx.o
                0x0000000008001598                W25qxx_ReadStatusRegister
 .text.W25qxx_Init
                0x0000000008001628      0x190 ./Core/Src/WQ25xx.o
                0x0000000008001628                W25qxx_Init
 .text.W25qxx_SectorToPage
                0x00000000080017b8       0x2c ./Core/Src/WQ25xx.o
                0x00000000080017b8                W25qxx_SectorToPage
 .text.W25qxx_ReadPage
                0x00000000080017e4       0xf8 ./Core/Src/WQ25xx.o
                0x00000000080017e4                W25qxx_ReadPage
 .text.W25qxx_ReadSector
                0x00000000080018dc       0xc4 ./Core/Src/WQ25xx.o
                0x00000000080018dc                W25qxx_ReadSector
 .text.load_3   0x00000000080019a0       0x82 ./Core/Src/fe.o
 .text.load_4   0x0000000008001a22       0xa8 ./Core/Src/fe.o
 .text.fe_0     0x0000000008001aca       0x62 ./Core/Src/fe.o
                0x0000000008001aca                fe_0
 .text.fe_1     0x0000000008001b2c       0x62 ./Core/Src/fe.o
                0x0000000008001b2c                fe_1
 .text.fe_add   0x0000000008001b8e      0x136 ./Core/Src/fe.o
                0x0000000008001b8e                fe_add
 .text.fe_copy  0x0000000008001cc4       0xa0 ./Core/Src/fe.o
                0x0000000008001cc4                fe_copy
 .text.fe_frombytes
                0x0000000008001d64      0x6bc ./Core/Src/fe.o
                0x0000000008001d64                fe_frombytes
 .text.fe_invert
                0x0000000008002420      0x34e ./Core/Src/fe.o
                0x0000000008002420                fe_invert
 .text.fe_isnegative
                0x000000000800276e       0x22 ./Core/Src/fe.o
                0x000000000800276e                fe_isnegative
 .text.fe_isnonzero
                0x0000000008002790      0x1bc ./Core/Src/fe.o
                0x0000000008002790                fe_isnonzero
 .text.fe_mul   0x000000000800294c     0x29f6 ./Core/Src/fe.o
                0x000000000800294c                fe_mul
 .text.fe_neg   0x0000000008005342       0xdc ./Core/Src/fe.o
                0x0000000008005342                fe_neg
 .text.fe_pow22523
                0x000000000800541e      0x34c ./Core/Src/fe.o
                0x000000000800541e                fe_pow22523
 .text.fe_sq    0x000000000800576a     0x179e ./Core/Src/fe.o
                0x000000000800576a                fe_sq
 .text.fe_sq2   0x0000000008006f08     0x1908 ./Core/Src/fe.o
                0x0000000008006f08                fe_sq2
 .text.fe_sub   0x0000000008008810      0x136 ./Core/Src/fe.o
                0x0000000008008810                fe_sub
 .text.fe_tobytes
                0x0000000008008946      0x39e ./Core/Src/fe.o
                0x0000000008008946                fe_tobytes
 .text.ge_add   0x0000000008008ce4       0xe2 ./Core/Src/ge.o
                0x0000000008008ce4                ge_add
 .text.slide    0x0000000008008dc6      0x1b8 ./Core/Src/ge.o
 *fill*         0x0000000008008f7e        0x2 
 .text.ge_double_scalarmult_vartime
                0x0000000008008f80      0x3e0 ./Core/Src/ge.o
                0x0000000008008f80                ge_double_scalarmult_vartime
 .text.ge_frombytes_negate_vartime
                0x0000000008009360      0x19c ./Core/Src/ge.o
                0x0000000008009360                ge_frombytes_negate_vartime
 .text.ge_madd  0x00000000080094fc       0xd8 ./Core/Src/ge.o
                0x00000000080094fc                ge_madd
 .text.ge_msub  0x00000000080095d4       0xd8 ./Core/Src/ge.o
                0x00000000080095d4                ge_msub
 .text.ge_p1p1_to_p2
                0x00000000080096ac       0x4c ./Core/Src/ge.o
                0x00000000080096ac                ge_p1p1_to_p2
 .text.ge_p1p1_to_p3
                0x00000000080096f8       0x5e ./Core/Src/ge.o
                0x00000000080096f8                ge_p1p1_to_p3
 .text.ge_p2_0  0x0000000008009756       0x2c ./Core/Src/ge.o
                0x0000000008009756                ge_p2_0
 .text.ge_p2_dbl
                0x0000000008009782       0xb2 ./Core/Src/ge.o
                0x0000000008009782                ge_p2_dbl
 .text.ge_p3_dbl
                0x0000000008009834       0x2a ./Core/Src/ge.o
                0x0000000008009834                ge_p3_dbl
 *fill*         0x000000000800985e        0x2 
 .text.ge_p3_to_cached
                0x0000000008009860       0x5c ./Core/Src/ge.o
                0x0000000008009860                ge_p3_to_cached
 .text.ge_p3_to_p2
                0x00000000080098bc       0x42 ./Core/Src/ge.o
                0x00000000080098bc                ge_p3_to_p2
 .text.ge_sub   0x00000000080098fe       0xe2 ./Core/Src/ge.o
                0x00000000080098fe                ge_sub
 .text.ge_tobytes
                0x00000000080099e0       0x78 ./Core/Src/ge.o
                0x00000000080099e0                ge_tobytes
 .text.goto_application
                0x0000000008009a58       0x1c ./Core/Src/main.o
 .text.sd_init  0x0000000008009a74       0x18 ./Core/Src/main.o
                0x0000000008009a74                sd_init
 .text.sd_mount
                0x0000000008009a8c       0x20 ./Core/Src/main.o
                0x0000000008009a8c                sd_mount
 .text.sd_open  0x0000000008009aac       0x24 ./Core/Src/main.o
                0x0000000008009aac                sd_open
 .text.sd_read  0x0000000008009ad0       0x28 ./Core/Src/main.o
                0x0000000008009ad0                sd_read
 .text.sd_close
                0x0000000008009af8       0x16 ./Core/Src/main.o
                0x0000000008009af8                sd_close
 .text.store_into_flash
                0x0000000008009b0e       0x4a ./Core/Src/main.o
                0x0000000008009b0e                store_into_flash
 .text.init_flash
                0x0000000008009b58       0x7a ./Core/Src/main.o
                0x0000000008009b58                init_flash
 *fill*         0x0000000008009bd2        0x2 
 .text.read_file_and_store_into_flash
                0x0000000008009bd4      0x278 ./Core/Src/main.o
                0x0000000008009bd4                read_file_and_store_into_flash
 .text.read_chunk_data_in_flash
                0x0000000008009e4c       0x44 ./Core/Src/main.o
                0x0000000008009e4c                read_chunk_data_in_flash
 .text.tree_hash_on_flash
                0x0000000008009e90      0x268 ./Core/Src/main.o
                0x0000000008009e90                tree_hash_on_flash
 .text.read_reset_cause
                0x000000000800a0f8       0x2c ./Core/Src/main.o
                0x000000000800a0f8                read_reset_cause
 .text.main     0x000000000800a124      0x2ec ./Core/Src/main.o
                0x000000000800a124                main
 .text.SystemClock_Config
                0x000000000800a410       0xd4 ./Core/Src/main.o
                0x000000000800a410                SystemClock_Config
 .text.MX_SDIO_SD_Init
                0x000000000800a4e4       0x40 ./Core/Src/main.o
 .text.MX_SPI2_Init
                0x000000000800a524       0x6c ./Core/Src/main.o
 .text.MX_TIM1_Init
                0x000000000800a590       0xa4 ./Core/Src/main.o
 .text.MX_UART4_Init
                0x000000000800a634       0x54 ./Core/Src/main.o
 .text.MX_USART1_UART_Init
                0x000000000800a688       0x54 ./Core/Src/main.o
 .text.MX_USART2_UART_Init
                0x000000000800a6dc       0x54 ./Core/Src/main.o
 .text.MX_GPIO_Init
                0x000000000800a730      0x10c ./Core/Src/main.o
 .text.Error_Handler
                0x000000000800a83c        0xa ./Core/Src/main.o
                0x000000000800a83c                Error_Handler
 .text.load_3   0x000000000800a846       0x82 ./Core/Src/sc.o
 .text.load_4   0x000000000800a8c8       0xa8 ./Core/Src/sc.o
 .text.sc_reduce
                0x000000000800a970     0x3f2c ./Core/Src/sc.o
                0x000000000800a970                sc_reduce
 .text.sha3_keccakf
                0x000000000800e89c      0x45c ./Core/Src/sha3.o
                0x000000000800e89c                sha3_keccakf
 .text.sha3_init
                0x000000000800ecf8       0x5c ./Core/Src/sha3.o
                0x000000000800ecf8                sha3_init
 .text.sha3_update
                0x000000000800ed54       0x6c ./Core/Src/sha3.o
                0x000000000800ed54                sha3_update
 .text.sha3_final
                0x000000000800edc0       0x7e ./Core/Src/sha3.o
                0x000000000800edc0                sha3_final
 .text.sha3     0x000000000800ee3e       0x3e ./Core/Src/sha3.o
                0x000000000800ee3e                sha3
 .text.sha512_compress
                0x000000000800ee7c     0x1d5c ./Core/Src/sha512.o
 .text.sha512_init
                0x0000000008010bd8       0xd8 ./Core/Src/sha512.o
                0x0000000008010bd8                sha512_init
 .text.sha512_update
                0x0000000008010cb0      0x11a ./Core/Src/sha512.o
                0x0000000008010cb0                sha512_update
 .text.sha512_final
                0x0000000008010dca      0x2ec ./Core/Src/sha512.o
                0x0000000008010dca                sha512_final
 *fill*         0x00000000080110b6        0x2 
 .text.HAL_MspInit
                0x00000000080110b8       0x50 ./Core/Src/stm32f4xx_hal_msp.o
                0x00000000080110b8                HAL_MspInit
 .text.HAL_SD_MspInit
                0x0000000008011108       0xd0 ./Core/Src/stm32f4xx_hal_msp.o
                0x0000000008011108                HAL_SD_MspInit
 .text.HAL_SPI_MspInit
                0x00000000080111d8       0x90 ./Core/Src/stm32f4xx_hal_msp.o
                0x00000000080111d8                HAL_SPI_MspInit
 .text.HAL_TIM_Base_MspInit
                0x0000000008011268       0x44 ./Core/Src/stm32f4xx_hal_msp.o
                0x0000000008011268                HAL_TIM_Base_MspInit
 .text.HAL_UART_MspInit
                0x00000000080112ac      0x160 ./Core/Src/stm32f4xx_hal_msp.o
                0x00000000080112ac                HAL_UART_MspInit
 .text.NMI_Handler
                0x000000000801140c        0x6 ./Core/Src/stm32f4xx_it.o
                0x000000000801140c                NMI_Handler
 .text.HardFault_Handler
                0x0000000008011412        0x6 ./Core/Src/stm32f4xx_it.o
                0x0000000008011412                HardFault_Handler
 .text.MemManage_Handler
                0x0000000008011418        0x6 ./Core/Src/stm32f4xx_it.o
                0x0000000008011418                MemManage_Handler
 .text.BusFault_Handler
                0x000000000801141e        0x6 ./Core/Src/stm32f4xx_it.o
                0x000000000801141e                BusFault_Handler
 .text.UsageFault_Handler
                0x0000000008011424        0x6 ./Core/Src/stm32f4xx_it.o
                0x0000000008011424                UsageFault_Handler
 .text.SVC_Handler
                0x000000000801142a        0xe ./Core/Src/stm32f4xx_it.o
                0x000000000801142a                SVC_Handler
 .text.DebugMon_Handler
                0x0000000008011438        0xe ./Core/Src/stm32f4xx_it.o
                0x0000000008011438                DebugMon_Handler
 .text.PendSV_Handler
                0x0000000008011446        0xe ./Core/Src/stm32f4xx_it.o
                0x0000000008011446                PendSV_Handler
 .text.SysTick_Handler
                0x0000000008011454        0xc ./Core/Src/stm32f4xx_it.o
                0x0000000008011454                SysTick_Handler
 .text._getpid  0x0000000008011460       0x10 ./Core/Src/syscalls.o
                0x0000000008011460                _getpid
 .text._kill    0x0000000008011470       0x20 ./Core/Src/syscalls.o
                0x0000000008011470                _kill
 .text._exit    0x0000000008011490       0x14 ./Core/Src/syscalls.o
                0x0000000008011490                _exit
 .text._read    0x00000000080114a4       0x3a ./Core/Src/syscalls.o
                0x00000000080114a4                _read
 .text._write   0x00000000080114de       0x38 ./Core/Src/syscalls.o
                0x00000000080114de                _write
 .text._close   0x0000000008011516       0x18 ./Core/Src/syscalls.o
                0x0000000008011516                _close
 .text._fstat   0x000000000801152e       0x20 ./Core/Src/syscalls.o
                0x000000000801152e                _fstat
 .text._isatty  0x000000000801154e       0x16 ./Core/Src/syscalls.o
                0x000000000801154e                _isatty
 .text._lseek   0x0000000008011564       0x1a ./Core/Src/syscalls.o
                0x0000000008011564                _lseek
 *fill*         0x000000000801157e        0x2 
 .text._sbrk    0x0000000008011580       0x6c ./Core/Src/sysmem.o
                0x0000000008011580                _sbrk
 .text.SystemInit
                0x00000000080115ec       0x24 ./Core/Src/system_stm32f4xx.o
                0x00000000080115ec                SystemInit
 .text.consttime_equal
                0x0000000008011610      0x2dc ./Core/Src/verify.o
 .text.ed25519_verify
                0x00000000080118ec       0xfc ./Core/Src/verify.o
                0x00000000080118ec                ed25519_verify
 .text.Reset_Handler
                0x00000000080119e8       0x50 ./Core/Startup/startup_stm32f407vgtx.o
                0x00000000080119e8                Reset_Handler
 .text.Default_Handler
                0x0000000008011a38        0x2 ./Core/Startup/startup_stm32f407vgtx.o
                0x0000000008011a38                RTC_Alarm_IRQHandler
                0x0000000008011a38                HASH_RNG_IRQHandler
                0x0000000008011a38                EXTI2_IRQHandler
                0x0000000008011a38                TIM8_CC_IRQHandler
                0x0000000008011a38                TIM1_CC_IRQHandler
                0x0000000008011a38                DMA2_Stream5_IRQHandler
                0x0000000008011a38                DMA1_Stream5_IRQHandler
                0x0000000008011a38                PVD_IRQHandler
                0x0000000008011a38                SDIO_IRQHandler
                0x0000000008011a38                TAMP_STAMP_IRQHandler
                0x0000000008011a38                CAN2_RX1_IRQHandler
                0x0000000008011a38                EXTI3_IRQHandler
                0x0000000008011a38                TIM8_TRG_COM_TIM14_IRQHandler
                0x0000000008011a38                TIM1_UP_TIM10_IRQHandler
                0x0000000008011a38                TIM8_UP_TIM13_IRQHandler
                0x0000000008011a38                I2C3_ER_IRQHandler
                0x0000000008011a38                EXTI0_IRQHandler
                0x0000000008011a38                I2C2_EV_IRQHandler
                0x0000000008011a38                DMA1_Stream2_IRQHandler
                0x0000000008011a38                CAN1_RX0_IRQHandler
                0x0000000008011a38                FPU_IRQHandler
                0x0000000008011a38                OTG_HS_WKUP_IRQHandler
                0x0000000008011a38                CAN2_SCE_IRQHandler
                0x0000000008011a38                DMA2_Stream2_IRQHandler
                0x0000000008011a38                SPI1_IRQHandler
                0x0000000008011a38                TIM6_DAC_IRQHandler
                0x0000000008011a38                TIM1_BRK_TIM9_IRQHandler
                0x0000000008011a38                DCMI_IRQHandler
                0x0000000008011a38                CAN2_RX0_IRQHandler
                0x0000000008011a38                DMA2_Stream3_IRQHandler
                0x0000000008011a38                USART6_IRQHandler
                0x0000000008011a38                USART3_IRQHandler
                0x0000000008011a38                CAN1_RX1_IRQHandler
                0x0000000008011a38                UART5_IRQHandler
                0x0000000008011a38                DMA2_Stream0_IRQHandler
                0x0000000008011a38                TIM4_IRQHandler
                0x0000000008011a38                I2C1_EV_IRQHandler
                0x0000000008011a38                DMA1_Stream6_IRQHandler
                0x0000000008011a38                DMA1_Stream1_IRQHandler
                0x0000000008011a38                UART4_IRQHandler
                0x0000000008011a38                TIM3_IRQHandler
                0x0000000008011a38                RCC_IRQHandler
                0x0000000008011a38                TIM8_BRK_TIM12_IRQHandler
                0x0000000008011a38                Default_Handler
                0x0000000008011a38                EXTI15_10_IRQHandler
                0x0000000008011a38                ADC_IRQHandler
                0x0000000008011a38                DMA1_Stream7_IRQHandler
                0x0000000008011a38                TIM7_IRQHandler
                0x0000000008011a38                CAN2_TX_IRQHandler
                0x0000000008011a38                TIM5_IRQHandler
                0x0000000008011a38                DMA2_Stream7_IRQHandler
                0x0000000008011a38                I2C3_EV_IRQHandler
                0x0000000008011a38                EXTI9_5_IRQHandler
                0x0000000008011a38                RTC_WKUP_IRQHandler
                0x0000000008011a38                ETH_WKUP_IRQHandler
                0x0000000008011a38                SPI2_IRQHandler
                0x0000000008011a38                OTG_HS_EP1_IN_IRQHandler
                0x0000000008011a38                DMA1_Stream0_IRQHandler
                0x0000000008011a38                CAN1_TX_IRQHandler
                0x0000000008011a38                EXTI4_IRQHandler
                0x0000000008011a38                FSMC_IRQHandler
                0x0000000008011a38                ETH_IRQHandler
                0x0000000008011a38                OTG_HS_EP1_OUT_IRQHandler
                0x0000000008011a38                WWDG_IRQHandler
                0x0000000008011a38                TIM2_IRQHandler
                0x0000000008011a38                OTG_FS_WKUP_IRQHandler
                0x0000000008011a38                TIM1_TRG_COM_TIM11_IRQHandler
                0x0000000008011a38                OTG_HS_IRQHandler
                0x0000000008011a38                EXTI1_IRQHandler
                0x0000000008011a38                USART2_IRQHandler
                0x0000000008011a38                I2C2_ER_IRQHandler
                0x0000000008011a38                DMA2_Stream1_IRQHandler
                0x0000000008011a38                CAN1_SCE_IRQHandler
                0x0000000008011a38                FLASH_IRQHandler
                0x0000000008011a38                DMA2_Stream4_IRQHandler
                0x0000000008011a38                USART1_IRQHandler
                0x0000000008011a38                OTG_FS_IRQHandler
                0x0000000008011a38                SPI3_IRQHandler
                0x0000000008011a38                DMA1_Stream4_IRQHandler
                0x0000000008011a38                I2C1_ER_IRQHandler
                0x0000000008011a38                DMA2_Stream6_IRQHandler
                0x0000000008011a38                DMA1_Stream3_IRQHandler
 *fill*         0x0000000008011a3a        0x2 
 .text.HAL_Init
                0x0000000008011a3c       0x44 ./Drivers/STM32F4xx_HAL_Driver/Src/stm32f4xx_hal.o
                0x0000000008011a3c                HAL_Init
 .text.HAL_InitTick
                0x0000000008011a80       0x60 ./Drivers/STM32F4xx_HAL_Driver/Src/stm32f4xx_hal.o
                0x0000000008011a80                HAL_InitTick
 .text.HAL_IncTick
                0x0000000008011ae0       0x28 ./Drivers/STM32F4xx_HAL_Driver/Src/stm32f4xx_hal.o
                0x0000000008011ae0                HAL_IncTick
 .text.HAL_GetTick
                0x0000000008011b08       0x18 ./Drivers/STM32F4xx_HAL_Driver/Src/stm32f4xx_hal.o
                0x0000000008011b08                HAL_GetTick
 .text.HAL_Delay
                0x0000000008011b20       0x48 ./Drivers/STM32F4xx_HAL_Driver/Src/stm32f4xx_hal.o
                0x0000000008011b20                HAL_Delay
 .text.__NVIC_SetPriorityGrouping
                0x0000000008011b68       0x48 ./Drivers/STM32F4xx_HAL_Driver/Src/stm32f4xx_hal_cortex.o
 .text.__NVIC_GetPriorityGrouping
                0x0000000008011bb0       0x1c ./Drivers/STM32F4xx_HAL_Driver/Src/stm32f4xx_hal_cortex.o
 .text.__NVIC_SetPriority
                0x0000000008011bcc       0x54 ./Drivers/STM32F4xx_HAL_Driver/Src/stm32f4xx_hal_cortex.o
 .text.NVIC_EncodePriority
                0x0000000008011c20       0x66 ./Drivers/STM32F4xx_HAL_Driver/Src/stm32f4xx_hal_cortex.o
 *fill*         0x0000000008011c86        0x2 
 .text.SysTick_Config
                0x0000000008011c88       0x44 ./Drivers/STM32F4xx_HAL_Driver/Src/stm32f4xx_hal_cortex.o
 .text.HAL_NVIC_SetPriorityGrouping
                0x0000000008011ccc       0x16 ./Drivers/STM32F4xx_HAL_Driver/Src/stm32f4xx_hal_cortex.o
                0x0000000008011ccc                HAL_NVIC_SetPriorityGrouping
 .text.HAL_NVIC_SetPriority
                0x0000000008011ce2       0x38 ./Drivers/STM32F4xx_HAL_Driver/Src/stm32f4xx_hal_cortex.o
                0x0000000008011ce2                HAL_NVIC_SetPriority
 .text.HAL_SYSTICK_Config
                0x0000000008011d1a       0x18 ./Drivers/STM32F4xx_HAL_Driver/Src/stm32f4xx_hal_cortex.o
                0x0000000008011d1a                HAL_SYSTICK_Config
 *fill*         0x0000000008011d32        0x2 
 .text.HAL_FLASH_Program
                0x0000000008011d34       0xa8 ./Drivers/STM32F4xx_HAL_Driver/Src/stm32f4xx_hal_flash.o
                0x0000000008011d34                HAL_FLASH_Program
 .text.HAL_FLASH_Unlock
                0x0000000008011ddc       0x44 ./Drivers/STM32F4xx_HAL_Driver/Src/stm32f4xx_hal_flash.o
                0x0000000008011ddc                HAL_FLASH_Unlock
 .text.HAL_FLASH_Lock
                0x0000000008011e20       0x20 ./Drivers/STM32F4xx_HAL_Driver/Src/stm32f4xx_hal_flash.o
                0x0000000008011e20                HAL_FLASH_Lock
 .text.FLASH_WaitForLastOperation
                0x0000000008011e40       0x80 ./Drivers/STM32F4xx_HAL_Driver/Src/stm32f4xx_hal_flash.o
                0x0000000008011e40                FLASH_WaitForLastOperation
 .text.FLASH_Program_DoubleWord
                0x0000000008011ec0       0x64 ./Drivers/STM32F4xx_HAL_Driver/Src/stm32f4xx_hal_flash.o
 .text.FLASH_Program_Word
                0x0000000008011f24       0x44 ./Drivers/STM32F4xx_HAL_Driver/Src/stm32f4xx_hal_flash.o
 .text.FLASH_Program_HalfWord
                0x0000000008011f68       0x48 ./Drivers/STM32F4xx_HAL_Driver/Src/stm32f4xx_hal_flash.o
 .text.FLASH_Program_Byte
                0x0000000008011fb0       0x44 ./Drivers/STM32F4xx_HAL_Driver/Src/stm32f4xx_hal_flash.o
 .text.FLASH_SetErrorCode
                0x0000000008011ff4       0xac ./Drivers/STM32F4xx_HAL_Driver/Src/stm32f4xx_hal_flash.o
 .text.HAL_FLASHEx_Erase
                0x00000000080120a0       0xe0 ./Drivers/STM32F4xx_HAL_Driver/Src/stm32f4xx_hal_flash_ex.o
                0x00000000080120a0                HAL_FLASHEx_Erase
 .text.FLASH_MassErase
                0x0000000008012180       0x48 ./Drivers/STM32F4xx_HAL_Driver/Src/stm32f4xx_hal_flash_ex.o
 .text.FLASH_Erase_Sector
                0x00000000080121c8       0x90 ./Drivers/STM32F4xx_HAL_Driver/Src/stm32f4xx_hal_flash_ex.o
                0x00000000080121c8                FLASH_Erase_Sector
 .text.FLASH_FlushCaches
                0x0000000008012258       0x8c ./Drivers/STM32F4xx_HAL_Driver/Src/stm32f4xx_hal_flash_ex.o
                0x0000000008012258                FLASH_FlushCaches
 .text.HAL_GPIO_Init
                0x00000000080122e4      0x338 ./Drivers/STM32F4xx_HAL_Driver/Src/stm32f4xx_hal_gpio.o
                0x00000000080122e4                HAL_GPIO_Init
 .text.HAL_GPIO_WritePin
                0x000000000801261c       0x32 ./Drivers/STM32F4xx_HAL_Driver/Src/stm32f4xx_hal_gpio.o
                0x000000000801261c                HAL_GPIO_WritePin
 *fill*         0x000000000801264e        0x2 
 .text.HAL_RCC_OscConfig
                0x0000000008012650      0x4f0 ./Drivers/STM32F4xx_HAL_Driver/Src/stm32f4xx_hal_rcc.o
                0x0000000008012650                HAL_RCC_OscConfig
 .text.HAL_RCC_ClockConfig
                0x0000000008012b40      0x1cc ./Drivers/STM32F4xx_HAL_Driver/Src/stm32f4xx_hal_rcc.o
                0x0000000008012b40                HAL_RCC_ClockConfig
 .text.HAL_RCC_GetSysClockFreq
                0x0000000008012d0c      0x1c4 ./Drivers/STM32F4xx_HAL_Driver/Src/stm32f4xx_hal_rcc.o
                0x0000000008012d0c                HAL_RCC_GetSysClockFreq
 .text.HAL_RCC_GetHCLKFreq
                0x0000000008012ed0       0x18 ./Drivers/STM32F4xx_HAL_Driver/Src/stm32f4xx_hal_rcc.o
                0x0000000008012ed0                HAL_RCC_GetHCLKFreq
 .text.HAL_RCC_GetPCLK1Freq
                0x0000000008012ee8       0x28 ./Drivers/STM32F4xx_HAL_Driver/Src/stm32f4xx_hal_rcc.o
                0x0000000008012ee8                HAL_RCC_GetPCLK1Freq
 .text.HAL_RCC_GetPCLK2Freq
                0x0000000008012f10       0x28 ./Drivers/STM32F4xx_HAL_Driver/Src/stm32f4xx_hal_rcc.o
                0x0000000008012f10                HAL_RCC_GetPCLK2Freq
 .text.HAL_SD_Init
                0x0000000008012f38       0x60 ./Drivers/STM32F4xx_HAL_Driver/Src/stm32f4xx_hal_sd.o
                0x0000000008012f38                HAL_SD_Init
 .text.HAL_SD_InitCard
                0x0000000008012f98       0xfc ./Drivers/STM32F4xx_HAL_Driver/Src/stm32f4xx_hal_sd.o
                0x0000000008012f98                HAL_SD_InitCard
 .text.HAL_SD_ReadBlocks
                0x0000000008013094      0x3bc ./Drivers/STM32F4xx_HAL_Driver/Src/stm32f4xx_hal_sd.o
                0x0000000008013094                HAL_SD_ReadBlocks
 .text.HAL_SD_WriteBlocks
                0x0000000008013450      0x30c ./Drivers/STM32F4xx_HAL_Driver/Src/stm32f4xx_hal_sd.o
                0x0000000008013450                HAL_SD_WriteBlocks
 .text.HAL_SD_GetCardCSD
                0x000000000801375c      0x348 ./Drivers/STM32F4xx_HAL_Driver/Src/stm32f4xx_hal_sd.o
                0x000000000801375c                HAL_SD_GetCardCSD
 .text.HAL_SD_GetCardInfo
                0x0000000008013aa4       0x58 ./Drivers/STM32F4xx_HAL_Driver/Src/stm32f4xx_hal_sd.o
                0x0000000008013aa4                HAL_SD_GetCardInfo
 .text.HAL_SD_GetCardState
                0x0000000008013afc       0x40 ./Drivers/STM32F4xx_HAL_Driver/Src/stm32f4xx_hal_sd.o
                0x0000000008013afc                HAL_SD_GetCardState
 .text.SD_InitCard
                0x0000000008013b3c      0x198 ./Drivers/STM32F4xx_HAL_Driver/Src/stm32f4xx_hal_sd.o
 .text.SD_PowerON
                0x0000000008013cd4      0x11c ./Drivers/STM32F4xx_HAL_Driver/Src/stm32f4xx_hal_sd.o
 .text.SD_SendStatus
                0x0000000008013df0       0x50 ./Drivers/STM32F4xx_HAL_Driver/Src/stm32f4xx_hal_sd.o
 .text.HAL_SPI_Init
                0x0000000008013e40      0x112 ./Drivers/STM32F4xx_HAL_Driver/Src/stm32f4xx_hal_spi.o
                0x0000000008013e40                HAL_SPI_Init
 .text.HAL_SPI_Receive
                0x0000000008013f52      0x222 ./Drivers/STM32F4xx_HAL_Driver/Src/stm32f4xx_hal_spi.o
                0x0000000008013f52                HAL_SPI_Receive
 .text.HAL_SPI_TransmitReceive
                0x0000000008014174      0x344 ./Drivers/STM32F4xx_HAL_Driver/Src/stm32f4xx_hal_spi.o
                0x0000000008014174                HAL_SPI_TransmitReceive
 .text.SPI_WaitFlagStateUntilTimeout
                0x00000000080144b8      0x110 ./Drivers/STM32F4xx_HAL_Driver/Src/stm32f4xx_hal_spi.o
 .text.SPI_EndRxTransaction
                0x00000000080145c8       0xca ./Drivers/STM32F4xx_HAL_Driver/Src/stm32f4xx_hal_spi.o
 *fill*         0x0000000008014692        0x2 
 .text.SPI_EndRxTxTransaction
                0x0000000008014694       0x84 ./Drivers/STM32F4xx_HAL_Driver/Src/stm32f4xx_hal_spi.o
 .text.HAL_TIM_Base_Init
                0x0000000008014718       0x9e ./Drivers/STM32F4xx_HAL_Driver/Src/stm32f4xx_hal_tim.o
                0x0000000008014718                HAL_TIM_Base_Init
 *fill*         0x00000000080147b6        0x2 
 .text.HAL_TIM_Base_Start
                0x00000000080147b8       0xd0 ./Drivers/STM32F4xx_HAL_Driver/Src/stm32f4xx_hal_tim.o
                0x00000000080147b8                HAL_TIM_Base_Start
 .text.HAL_TIM_ConfigClockSource
                0x0000000008014888      0x18e ./Drivers/STM32F4xx_HAL_Driver/Src/stm32f4xx_hal_tim.o
                0x0000000008014888                HAL_TIM_ConfigClockSource
 *fill*         0x0000000008014a16        0x2 
 .text.TIM_Base_SetConfig
                0x0000000008014a18      0x140 ./Drivers/STM32F4xx_HAL_Driver/Src/stm32f4xx_hal_tim.o
                0x0000000008014a18                TIM_Base_SetConfig
 .text.TIM_TI1_ConfigInputStage
                0x0000000008014b58       0x5e ./Drivers/STM32F4xx_HAL_Driver/Src/stm32f4xx_hal_tim.o
 .text.TIM_TI2_ConfigInputStage
                0x0000000008014bb6       0x60 ./Drivers/STM32F4xx_HAL_Driver/Src/stm32f4xx_hal_tim.o
 .text.TIM_ITRx_SetConfig
                0x0000000008014c16       0x36 ./Drivers/STM32F4xx_HAL_Driver/Src/stm32f4xx_hal_tim.o
 .text.TIM_ETR_SetConfig
                0x0000000008014c4c       0x40 ./Drivers/STM32F4xx_HAL_Driver/Src/stm32f4xx_hal_tim.o
                0x0000000008014c4c                TIM_ETR_SetConfig
 .text.HAL_TIMEx_MasterConfigSynchronization
                0x0000000008014c8c       0xf8 ./Drivers/STM32F4xx_HAL_Driver/Src/stm32f4xx_hal_tim_ex.o
                0x0000000008014c8c                HAL_TIMEx_MasterConfigSynchronization
 .text.HAL_UART_Init
                0x0000000008014d84       0x9a ./Drivers/STM32F4xx_HAL_Driver/Src/stm32f4xx_hal_uart.o
                0x0000000008014d84                HAL_UART_Init
 .text.HAL_UART_Transmit
                0x0000000008014e1e      0x124 ./Drivers/STM32F4xx_HAL_Driver/Src/stm32f4xx_hal_uart.o
                0x0000000008014e1e                HAL_UART_Transmit
 .text.UART_WaitOnFlagUntilTimeout
                0x0000000008014f42       0xdc ./Drivers/STM32F4xx_HAL_Driver/Src/stm32f4xx_hal_uart.o
 *fill*         0x000000000801501e        0x2 
 .text.UART_SetConfig
                0x0000000008015020      0x390 ./Drivers/STM32F4xx_HAL_Driver/Src/stm32f4xx_hal_uart.o
 .text.SDIO_Init
                0x00000000080153b0       0x56 ./Drivers/STM32F4xx_HAL_Driver/Src/stm32f4xx_ll_sdmmc.o
                0x00000000080153b0                SDIO_Init
 .text.SDIO_ReadFIFO
                0x0000000008015406       0x1a ./Drivers/STM32F4xx_HAL_Driver/Src/stm32f4xx_ll_sdmmc.o
                0x0000000008015406                SDIO_ReadFIFO
 .text.SDIO_WriteFIFO
                0x0000000008015420       0x22 ./Drivers/STM32F4xx_HAL_Driver/Src/stm32f4xx_ll_sdmmc.o
                0x0000000008015420                SDIO_WriteFIFO
 .text.SDIO_PowerState_ON
                0x0000000008015442       0x1e ./Drivers/STM32F4xx_HAL_Driver/Src/stm32f4xx_ll_sdmmc.o
                0x0000000008015442                SDIO_PowerState_ON
 .text.SDIO_GetPowerState
                0x0000000008015460       0x1c ./Drivers/STM32F4xx_HAL_Driver/Src/stm32f4xx_ll_sdmmc.o
                0x0000000008015460                SDIO_GetPowerState
 .text.SDIO_SendCommand
                0x000000000801547c       0x54 ./Drivers/STM32F4xx_HAL_Driver/Src/stm32f4xx_ll_sdmmc.o
                0x000000000801547c                SDIO_SendCommand
 .text.SDIO_GetCommandResponse
                0x00000000080154d0       0x1a ./Drivers/STM32F4xx_HAL_Driver/Src/stm32f4xx_ll_sdmmc.o
                0x00000000080154d0                SDIO_GetCommandResponse
 .text.SDIO_GetResponse
                0x00000000080154ea       0x26 ./Drivers/STM32F4xx_HAL_Driver/Src/stm32f4xx_ll_sdmmc.o
                0x00000000080154ea                SDIO_GetResponse
 .text.SDIO_ConfigData
                0x0000000008015510       0x58 ./Drivers/STM32F4xx_HAL_Driver/Src/stm32f4xx_ll_sdmmc.o
                0x0000000008015510                SDIO_ConfigData
 .text.SDMMC_CmdBlockLength
                0x0000000008015568       0x44 ./Drivers/STM32F4xx_HAL_Driver/Src/stm32f4xx_ll_sdmmc.o
                0x0000000008015568                SDMMC_CmdBlockLength
 .text.SDMMC_CmdReadSingleBlock
                0x00000000080155ac       0x44 ./Drivers/STM32F4xx_HAL_Driver/Src/stm32f4xx_ll_sdmmc.o
                0x00000000080155ac                SDMMC_CmdReadSingleBlock
 .text.SDMMC_CmdReadMultiBlock
                0x00000000080155f0       0x44 ./Drivers/STM32F4xx_HAL_Driver/Src/stm32f4xx_ll_sdmmc.o
                0x00000000080155f0                SDMMC_CmdReadMultiBlock
 .text.SDMMC_CmdWriteSingleBlock
                0x0000000008015634       0x44 ./Drivers/STM32F4xx_HAL_Driver/Src/stm32f4xx_ll_sdmmc.o
                0x0000000008015634                SDMMC_CmdWriteSingleBlock
 .text.SDMMC_CmdWriteMultiBlock
                0x0000000008015678       0x44 ./Drivers/STM32F4xx_HAL_Driver/Src/stm32f4xx_ll_sdmmc.o
                0x0000000008015678                SDMMC_CmdWriteMultiBlock
 .text.SDMMC_CmdStopTransfer
                0x00000000080156bc       0x44 ./Drivers/STM32F4xx_HAL_Driver/Src/stm32f4xx_ll_sdmmc.o
                0x00000000080156bc                SDMMC_CmdStopTransfer
 .text.SDMMC_CmdSelDesel
                0x0000000008015700       0x46 ./Drivers/STM32F4xx_HAL_Driver/Src/stm32f4xx_ll_sdmmc.o
                0x0000000008015700                SDMMC_CmdSelDesel
 .text.SDMMC_CmdGoIdleState
                0x0000000008015746       0x3c ./Drivers/STM32F4xx_HAL_Driver/Src/stm32f4xx_ll_sdmmc.o
                0x0000000008015746                SDMMC_CmdGoIdleState
 .text.SDMMC_CmdOperCond
                0x0000000008015782       0x3e ./Drivers/STM32F4xx_HAL_Driver/Src/stm32f4xx_ll_sdmmc.o
                0x0000000008015782                SDMMC_CmdOperCond
 .text.SDMMC_CmdAppCommand
                0x00000000080157c0       0x44 ./Drivers/STM32F4xx_HAL_Driver/Src/stm32f4xx_ll_sdmmc.o
                0x00000000080157c0                SDMMC_CmdAppCommand
 .text.SDMMC_CmdAppOperCommand
                0x0000000008015804       0x46 ./Drivers/STM32F4xx_HAL_Driver/Src/stm32f4xx_ll_sdmmc.o
                0x0000000008015804                SDMMC_CmdAppOperCommand
 .text.SDMMC_CmdSendCID
                0x000000000801584a       0x3c ./Drivers/STM32F4xx_HAL_Driver/Src/stm32f4xx_ll_sdmmc.o
                0x000000000801584a                SDMMC_CmdSendCID
 .text.SDMMC_CmdSendCSD
                0x0000000008015886       0x3e ./Drivers/STM32F4xx_HAL_Driver/Src/stm32f4xx_ll_sdmmc.o
                0x0000000008015886                SDMMC_CmdSendCSD
 .text.SDMMC_CmdSetRelAdd
                0x00000000080158c4       0x42 ./Drivers/STM32F4xx_HAL_Driver/Src/stm32f4xx_ll_sdmmc.o
                0x00000000080158c4                SDMMC_CmdSetRelAdd
 .text.SDMMC_CmdSendStatus
                0x0000000008015906       0x44 ./Drivers/STM32F4xx_HAL_Driver/Src/stm32f4xx_ll_sdmmc.o
                0x0000000008015906                SDMMC_CmdSendStatus
 *fill*         0x000000000801594a        0x2 
 .text.SDMMC_GetCmdError
                0x000000000801594c       0x58 ./Drivers/STM32F4xx_HAL_Driver/Src/stm32f4xx_ll_sdmmc.o
 .text.SDMMC_GetCmdResp1
                0x00000000080159a4      0x1dc ./Drivers/STM32F4xx_HAL_Driver/Src/stm32f4xx_ll_sdmmc.o
 .text.SDMMC_GetCmdResp2
                0x0000000008015b80       0x90 ./Drivers/STM32F4xx_HAL_Driver/Src/stm32f4xx_ll_sdmmc.o
 .text.SDMMC_GetCmdResp3
                0x0000000008015c10       0x7c ./Drivers/STM32F4xx_HAL_Driver/Src/stm32f4xx_ll_sdmmc.o
 .text.SDMMC_GetCmdResp6
                0x0000000008015c8c       0xec ./Drivers/STM32F4xx_HAL_Driver/Src/stm32f4xx_ll_sdmmc.o
 .text.SDMMC_GetCmdResp7
                0x0000000008015d78       0x9c ./Drivers/STM32F4xx_HAL_Driver/Src/stm32f4xx_ll_sdmmc.o
 .text.MX_FATFS_Init
                0x0000000008015e14       0x24 ./FATFS/App/fatfs.o
                0x0000000008015e14                MX_FATFS_Init
 .text.get_fattime
                0x0000000008015e38       0x10 ./FATFS/App/fatfs.o
                0x0000000008015e38                get_fattime
 .text.BSP_SD_Init
                0x0000000008015e48       0x30 ./FATFS/Target/bsp_driver_sd.o
                0x0000000008015e48                BSP_SD_Init
 .text.BSP_SD_ReadBlocks
                0x0000000008015e78       0x3c ./FATFS/Target/bsp_driver_sd.o
                0x0000000008015e78                BSP_SD_ReadBlocks
 .text.BSP_SD_WriteBlocks
                0x0000000008015eb4       0x3c ./FATFS/Target/bsp_driver_sd.o
                0x0000000008015eb4                BSP_SD_WriteBlocks
 .text.BSP_SD_GetCardState
                0x0000000008015ef0       0x20 ./FATFS/Target/bsp_driver_sd.o
                0x0000000008015ef0                BSP_SD_GetCardState
 .text.BSP_SD_GetCardInfo
                0x0000000008015f10       0x1c ./FATFS/Target/bsp_driver_sd.o
                0x0000000008015f10                BSP_SD_GetCardInfo
 .text.BSP_SD_IsDetected
                0x0000000008015f2c       0x1a ./FATFS/Target/bsp_driver_sd.o
                0x0000000008015f2c                BSP_SD_IsDetected
 *fill*         0x0000000008015f46        0x2 
 .text.SD_CheckStatus
                0x0000000008015f48       0x3c ./FATFS/Target/sd_diskio.o
 .text.SD_initialize
                0x0000000008015f84       0x3c ./FATFS/Target/sd_diskio.o
                0x0000000008015f84                SD_initialize
 .text.SD_status
                0x0000000008015fc0       0x1c ./FATFS/Target/sd_diskio.o
                0x0000000008015fc0                SD_status
 .text.SD_read  0x0000000008015fdc       0x42 ./FATFS/Target/sd_diskio.o
                0x0000000008015fdc                SD_read
 .text.SD_write
                0x000000000801601e       0x42 ./FATFS/Target/sd_diskio.o
                0x000000000801601e                SD_write
 .text.SD_ioctl
                0x0000000008016060       0xb0 ./FATFS/Target/sd_diskio.o
                0x0000000008016060                SD_ioctl
 .text.disk_status
                0x0000000008016110       0x34 ./Middlewares/Third_Party/FatFs/src/diskio.o
                0x0000000008016110                disk_status
 .text.disk_initialize
                0x0000000008016144       0x4c ./Middlewares/Third_Party/FatFs/src/diskio.o
                0x0000000008016144                disk_initialize
 .text.disk_read
                0x0000000008016190       0x40 ./Middlewares/Third_Party/FatFs/src/diskio.o
                0x0000000008016190                disk_read
 .text.disk_write
                0x00000000080161d0       0x40 ./Middlewares/Third_Party/FatFs/src/diskio.o
                0x00000000080161d0                disk_write
 .text.disk_ioctl
                0x0000000008016210       0x3c ./Middlewares/Third_Party/FatFs/src/diskio.o
                0x0000000008016210                disk_ioctl
 .text.ld_word  0x000000000801624c       0x30 ./Middlewares/Third_Party/FatFs/src/ff.o
 .text.ld_dword
                0x000000000801627c       0x46 ./Middlewares/Third_Party/FatFs/src/ff.o
 .text.st_word  0x00000000080162c2       0x36 ./Middlewares/Third_Party/FatFs/src/ff.o
 .text.st_dword
                0x00000000080162f8       0x58 ./Middlewares/Third_Party/FatFs/src/ff.o
 .text.mem_cpy  0x0000000008016350       0x42 ./Middlewares/Third_Party/FatFs/src/ff.o
 .text.mem_set  0x0000000008016392       0x36 ./Middlewares/Third_Party/FatFs/src/ff.o
 .text.mem_cmp  0x00000000080163c8       0x4e ./Middlewares/Third_Party/FatFs/src/ff.o
 .text.chk_chr  0x0000000008016416       0x36 ./Middlewares/Third_Party/FatFs/src/ff.o
 .text.chk_lock
                0x000000000801644c       0xb8 ./Middlewares/Third_Party/FatFs/src/ff.o
 .text.enq_lock
                0x0000000008016504       0x44 ./Middlewares/Third_Party/FatFs/src/ff.o
 .text.inc_lock
                0x0000000008016548      0x11c ./Middlewares/Third_Party/FatFs/src/ff.o
 .text.dec_lock
                0x0000000008016664       0x78 ./Middlewares/Third_Party/FatFs/src/ff.o
 .text.clear_lock
                0x00000000080166dc       0x48 ./Middlewares/Third_Party/FatFs/src/ff.o
 .text.sync_window
                0x0000000008016724       0x88 ./Middlewares/Third_Party/FatFs/src/ff.o
 .text.move_window
                0x00000000080167ac       0x5a ./Middlewares/Third_Party/FatFs/src/ff.o
 *fill*         0x0000000008016806        0x2 
 .text.sync_fs  0x0000000008016808       0xdc ./Middlewares/Third_Party/FatFs/src/ff.o
 .text.clust2sect
                0x00000000080168e4       0x3e ./Middlewares/Third_Party/FatFs/src/ff.o
 .text.get_fat  0x0000000008016922      0x150 ./Middlewares/Third_Party/FatFs/src/ff.o
 .text.put_fat  0x0000000008016a72      0x1d8 ./Middlewares/Third_Party/FatFs/src/ff.o
 .text.remove_chain
                0x0000000008016c4a       0xca ./Middlewares/Third_Party/FatFs/src/ff.o
 .text.create_chain
                0x0000000008016d14      0x130 ./Middlewares/Third_Party/FatFs/src/ff.o
 .text.clmt_clust
                0x0000000008016e44       0x68 ./Middlewares/Third_Party/FatFs/src/ff.o
 .text.dir_sdi  0x0000000008016eac       0xf6 ./Middlewares/Third_Party/FatFs/src/ff.o
 .text.dir_next
                0x0000000008016fa2      0x18a ./Middlewares/Third_Party/FatFs/src/ff.o
 .text.dir_alloc
                0x000000000801712c       0x8e ./Middlewares/Third_Party/FatFs/src/ff.o
 .text.ld_clust
                0x00000000080171ba       0x3e ./Middlewares/Third_Party/FatFs/src/ff.o
 .text.st_clust
                0x00000000080171f8       0x40 ./Middlewares/Third_Party/FatFs/src/ff.o
 .text.dir_find
                0x0000000008017238       0xaa ./Middlewares/Third_Party/FatFs/src/ff.o
 .text.dir_register
                0x00000000080172e2       0x64 ./Middlewares/Third_Party/FatFs/src/ff.o
 *fill*         0x0000000008017346        0x2 
 .text.create_name
                0x0000000008017348      0x128 ./Middlewares/Third_Party/FatFs/src/ff.o
 .text.follow_path
                0x0000000008017470       0xe2 ./Middlewares/Third_Party/FatFs/src/ff.o
 .text.get_ldnumber
                0x0000000008017552       0x88 ./Middlewares/Third_Party/FatFs/src/ff.o
 *fill*         0x00000000080175da        0x2 
 .text.check_fs
                0x00000000080175dc       0xac ./Middlewares/Third_Party/FatFs/src/ff.o
 .text.find_volume
                0x0000000008017688      0x498 ./Middlewares/Third_Party/FatFs/src/ff.o
 .text.validate
                0x0000000008017b20       0x6a ./Middlewares/Third_Party/FatFs/src/ff.o
 *fill*         0x0000000008017b8a        0x2 
 .text.f_mount  0x0000000008017b8c       0x8c ./Middlewares/Third_Party/FatFs/src/ff.o
                0x0000000008017b8c                f_mount
 .text.f_open   0x0000000008017c18      0x37c ./Middlewares/Third_Party/FatFs/src/ff.o
                0x0000000008017c18                f_open
 .text.f_read   0x0000000008017f94      0x27e ./Middlewares/Third_Party/FatFs/src/ff.o
                0x0000000008017f94                f_read
 .text.f_sync   0x0000000008018212       0xfc ./Middlewares/Third_Party/FatFs/src/ff.o
                0x0000000008018212                f_sync
 .text.f_close  0x000000000801830e       0x54 ./Middlewares/Third_Party/FatFs/src/ff.o
                0x000000000801830e                f_close
 *fill*         0x0000000008018362        0x2 
 .text.FATFS_LinkDriverEx
                0x0000000008018364       0x98 ./Middlewares/Third_Party/FatFs/src/ff_gen_drv.o
                0x0000000008018364                FATFS_LinkDriverEx
 .text.FATFS_LinkDriver
                0x00000000080183fc       0x1e ./Middlewares/Third_Party/FatFs/src/ff_gen_drv.o
                0x00000000080183fc                FATFS_LinkDriver
 *fill*         0x000000000801841a        0x2 
 .text.__errno  0x000000000801841c        0xc c:/st/stm32cubeide_1.8.0/stm32cubeide/plugins/com.st.stm32cube.ide.mcu.externaltools.gnu-tools-for-stm32.9-2020-q2-update.win32_2.0.0.202105311346/tools/bin/../lib/gcc/arm-none-eabi/9.3.1/../../../../arm-none-eabi/lib/thumb/v7e-m+fp/hard\libc_nano.a(lib_a-errno.o)
                0x000000000801841c                __errno
 .text.__sflush_r
                0x0000000008018428      0x10c c:/st/stm32cubeide_1.8.0/stm32cubeide/plugins/com.st.stm32cube.ide.mcu.externaltools.gnu-tools-for-stm32.9-2020-q2-update.win32_2.0.0.202105311346/tools/bin/../lib/gcc/arm-none-eabi/9.3.1/../../../../arm-none-eabi/lib/thumb/v7e-m+fp/hard\libc_nano.a(lib_a-fflush.o)
                0x0000000008018428                __sflush_r
 .text._fflush_r
                0x0000000008018534       0x78 c:/st/stm32cubeide_1.8.0/stm32cubeide/plugins/com.st.stm32cube.ide.mcu.externaltools.gnu-tools-for-stm32.9-2020-q2-update.win32_2.0.0.202105311346/tools/bin/../lib/gcc/arm-none-eabi/9.3.1/../../../../arm-none-eabi/lib/thumb/v7e-m+fp/hard\libc_nano.a(lib_a-fflush.o)
                0x0000000008018534                _fflush_r
 .text.std      0x00000000080185ac       0x48 c:/st/stm32cubeide_1.8.0/stm32cubeide/plugins/com.st.stm32cube.ide.mcu.externaltools.gnu-tools-for-stm32.9-2020-q2-update.win32_2.0.0.202105311346/tools/bin/../lib/gcc/arm-none-eabi/9.3.1/../../../../arm-none-eabi/lib/thumb/v7e-m+fp/hard\libc_nano.a(lib_a-findfp.o)
 .text._cleanup_r
                0x00000000080185f4        0xc c:/st/stm32cubeide_1.8.0/stm32cubeide/plugins/com.st.stm32cube.ide.mcu.externaltools.gnu-tools-for-stm32.9-2020-q2-update.win32_2.0.0.202105311346/tools/bin/../lib/gcc/arm-none-eabi/9.3.1/../../../../arm-none-eabi/lib/thumb/v7e-m+fp/hard\libc_nano.a(lib_a-findfp.o)
                0x00000000080185f4                _cleanup_r
 .text.__sfmoreglue
                0x0000000008018600       0x2c c:/st/stm32cubeide_1.8.0/stm32cubeide/plugins/com.st.stm32cube.ide.mcu.externaltools.gnu-tools-for-stm32.9-2020-q2-update.win32_2.0.0.202105311346/tools/bin/../lib/gcc/arm-none-eabi/9.3.1/../../../../arm-none-eabi/lib/thumb/v7e-m+fp/hard\libc_nano.a(lib_a-findfp.o)
                0x0000000008018600                __sfmoreglue
 .text.__sfp_lock_acquire
                0x000000000801862c        0xc c:/st/stm32cubeide_1.8.0/stm32cubeide/plugins/com.st.stm32cube.ide.mcu.externaltools.gnu-tools-for-stm32.9-2020-q2-update.win32_2.0.0.202105311346/tools/bin/../lib/gcc/arm-none-eabi/9.3.1/../../../../arm-none-eabi/lib/thumb/v7e-m+fp/hard\libc_nano.a(lib_a-findfp.o)
                0x000000000801862c                __sfp_lock_acquire
 .text.__sfp_lock_release
                0x0000000008018638        0xc c:/st/stm32cubeide_1.8.0/stm32cubeide/plugins/com.st.stm32cube.ide.mcu.externaltools.gnu-tools-for-stm32.9-2020-q2-update.win32_2.0.0.202105311346/tools/bin/../lib/gcc/arm-none-eabi/9.3.1/../../../../arm-none-eabi/lib/thumb/v7e-m+fp/hard\libc_nano.a(lib_a-findfp.o)
                0x0000000008018638                __sfp_lock_release
 .text.__sinit_lock_acquire
                0x0000000008018644        0xc c:/st/stm32cubeide_1.8.0/stm32cubeide/plugins/com.st.stm32cube.ide.mcu.externaltools.gnu-tools-for-stm32.9-2020-q2-update.win32_2.0.0.202105311346/tools/bin/../lib/gcc/arm-none-eabi/9.3.1/../../../../arm-none-eabi/lib/thumb/v7e-m+fp/hard\libc_nano.a(lib_a-findfp.o)
                0x0000000008018644                __sinit_lock_acquire
 .text.__sinit_lock_release
                0x0000000008018650        0xc c:/st/stm32cubeide_1.8.0/stm32cubeide/plugins/com.st.stm32cube.ide.mcu.externaltools.gnu-tools-for-stm32.9-2020-q2-update.win32_2.0.0.202105311346/tools/bin/../lib/gcc/arm-none-eabi/9.3.1/../../../../arm-none-eabi/lib/thumb/v7e-m+fp/hard\libc_nano.a(lib_a-findfp.o)
                0x0000000008018650                __sinit_lock_release
 .text.__sinit  0x000000000801865c       0x70 c:/st/stm32cubeide_1.8.0/stm32cubeide/plugins/com.st.stm32cube.ide.mcu.externaltools.gnu-tools-for-stm32.9-2020-q2-update.win32_2.0.0.202105311346/tools/bin/../lib/gcc/arm-none-eabi/9.3.1/../../../../arm-none-eabi/lib/thumb/v7e-m+fp/hard\libc_nano.a(lib_a-findfp.o)
                0x000000000801865c                __sinit
 .text.__sfp    0x00000000080186cc       0x8c c:/st/stm32cubeide_1.8.0/stm32cubeide/plugins/com.st.stm32cube.ide.mcu.externaltools.gnu-tools-for-stm32.9-2020-q2-update.win32_2.0.0.202105311346/tools/bin/../lib/gcc/arm-none-eabi/9.3.1/../../../../arm-none-eabi/lib/thumb/v7e-m+fp/hard\libc_nano.a(lib_a-findfp.o)
                0x00000000080186cc                __sfp
 .text._fwalk_reent
                0x0000000008018758       0x3e c:/st/stm32cubeide_1.8.0/stm32cubeide/plugins/com.st.stm32cube.ide.mcu.externaltools.gnu-tools-for-stm32.9-2020-q2-update.win32_2.0.0.202105311346/tools/bin/../lib/gcc/arm-none-eabi/9.3.1/../../../../arm-none-eabi/lib/thumb/v7e-m+fp/hard\libc_nano.a(lib_a-fwalk.o)
                0x0000000008018758                _fwalk_reent
 *fill*         0x0000000008018796        0x2 
 .text.__libc_init_array
                0x0000000008018798       0x48 c:/st/stm32cubeide_1.8.0/stm32cubeide/plugins/com.st.stm32cube.ide.mcu.externaltools.gnu-tools-for-stm32.9-2020-q2-update.win32_2.0.0.202105311346/tools/bin/../lib/gcc/arm-none-eabi/9.3.1/../../../../arm-none-eabi/lib/thumb/v7e-m+fp/hard\libc_nano.a(lib_a-init.o)
                0x0000000008018798                __libc_init_array
 .text.__retarget_lock_init_recursive
                0x00000000080187e0        0x2 c:/st/stm32cubeide_1.8.0/stm32cubeide/plugins/com.st.stm32cube.ide.mcu.externaltools.gnu-tools-for-stm32.9-2020-q2-update.win32_2.0.0.202105311346/tools/bin/../lib/gcc/arm-none-eabi/9.3.1/../../../../arm-none-eabi/lib/thumb/v7e-m+fp/hard\libc_nano.a(lib_a-lock.o)
                0x00000000080187e0                __retarget_lock_init_recursive
 .text.__retarget_lock_acquire_recursive
                0x00000000080187e2        0x2 c:/st/stm32cubeide_1.8.0/stm32cubeide/plugins/com.st.stm32cube.ide.mcu.externaltools.gnu-tools-for-stm32.9-2020-q2-update.win32_2.0.0.202105311346/tools/bin/../lib/gcc/arm-none-eabi/9.3.1/../../../../arm-none-eabi/lib/thumb/v7e-m+fp/hard\libc_nano.a(lib_a-lock.o)
                0x00000000080187e2                __retarget_lock_acquire_recursive
 .text.__retarget_lock_release_recursive
                0x00000000080187e4        0x2 c:/st/stm32cubeide_1.8.0/stm32cubeide/plugins/com.st.stm32cube.ide.mcu.externaltools.gnu-tools-for-stm32.9-2020-q2-update.win32_2.0.0.202105311346/tools/bin/../lib/gcc/arm-none-eabi/9.3.1/../../../../arm-none-eabi/lib/thumb/v7e-m+fp/hard\libc_nano.a(lib_a-lock.o)
                0x00000000080187e4                __retarget_lock_release_recursive
 .text.__swhatbuf_r
                0x00000000080187e6       0x48 c:/st/stm32cubeide_1.8.0/stm32cubeide/plugins/com.st.stm32cube.ide.mcu.externaltools.gnu-tools-for-stm32.9-2020-q2-update.win32_2.0.0.202105311346/tools/bin/../lib/gcc/arm-none-eabi/9.3.1/../../../../arm-none-eabi/lib/thumb/v7e-m+fp/hard\libc_nano.a(lib_a-makebuf.o)
                0x00000000080187e6                __swhatbuf_r
 *fill*         0x000000000801882e        0x2 
 .text.__smakebuf_r
                0x0000000008018830       0x80 c:/st/stm32cubeide_1.8.0/stm32cubeide/plugins/com.st.stm32cube.ide.mcu.externaltools.gnu-tools-for-stm32.9-2020-q2-update.win32_2.0.0.202105311346/tools/bin/../lib/gcc/arm-none-eabi/9.3.1/../../../../arm-none-eabi/lib/thumb/v7e-m+fp/hard\libc_nano.a(lib_a-makebuf.o)
                0x0000000008018830                __smakebuf_r
 .text.memcpy   0x00000000080188b0       0x1c c:/st/stm32cubeide_1.8.0/stm32cubeide/plugins/com.st.stm32cube.ide.mcu.externaltools.gnu-tools-for-stm32.9-2020-q2-update.win32_2.0.0.202105311346/tools/bin/../lib/gcc/arm-none-eabi/9.3.1/../../../../arm-none-eabi/lib/thumb/v7e-m+fp/hard\libc_nano.a(lib_a-memcpy-stub.o)
                0x00000000080188b0                memcpy
 .text.memset   0x00000000080188cc       0x10 c:/st/stm32cubeide_1.8.0/stm32cubeide/plugins/com.st.stm32cube.ide.mcu.externaltools.gnu-tools-for-stm32.9-2020-q2-update.win32_2.0.0.202105311346/tools/bin/../lib/gcc/arm-none-eabi/9.3.1/../../../../arm-none-eabi/lib/thumb/v7e-m+fp/hard\libc_nano.a(lib_a-memset.o)
                0x00000000080188cc                memset
 .text._free_r  0x00000000080188dc       0xa0 c:/st/stm32cubeide_1.8.0/stm32cubeide/plugins/com.st.stm32cube.ide.mcu.externaltools.gnu-tools-for-stm32.9-2020-q2-update.win32_2.0.0.202105311346/tools/bin/../lib/gcc/arm-none-eabi/9.3.1/../../../../arm-none-eabi/lib/thumb/v7e-m+fp/hard\libc_nano.a(lib_a-nano-freer.o)
                0x00000000080188dc                _free_r
 .text._malloc_r
                0x000000000801897c       0xb4 c:/st/stm32cubeide_1.8.0/stm32cubeide/plugins/com.st.stm32cube.ide.mcu.externaltools.gnu-tools-for-stm32.9-2020-q2-update.win32_2.0.0.202105311346/tools/bin/../lib/gcc/arm-none-eabi/9.3.1/../../../../arm-none-eabi/lib/thumb/v7e-m+fp/hard\libc_nano.a(lib_a-nano-mallocr.o)
                0x000000000801897c                _malloc_r
 .text.__cvt    0x0000000008018a30       0xc4 c:/st/stm32cubeide_1.8.0/stm32cubeide/plugins/com.st.stm32cube.ide.mcu.externaltools.gnu-tools-for-stm32.9-2020-q2-update.win32_2.0.0.202105311346/tools/bin/../lib/gcc/arm-none-eabi/9.3.1/../../../../arm-none-eabi/lib/thumb/v7e-m+fp/hard\libc_nano.a(lib_a-nano-vfprintf_float.o)
                0x0000000008018a30                __cvt
 .text.__exponent
                0x0000000008018af4       0x7c c:/st/stm32cubeide_1.8.0/stm32cubeide/plugins/com.st.stm32cube.ide.mcu.externaltools.gnu-tools-for-stm32.9-2020-q2-update.win32_2.0.0.202105311346/tools/bin/../lib/gcc/arm-none-eabi/9.3.1/../../../../arm-none-eabi/lib/thumb/v7e-m+fp/hard\libc_nano.a(lib_a-nano-vfprintf_float.o)
                0x0000000008018af4                __exponent
 .text._printf_float
                0x0000000008018b70      0x46c c:/st/stm32cubeide_1.8.0/stm32cubeide/plugins/com.st.stm32cube.ide.mcu.externaltools.gnu-tools-for-stm32.9-2020-q2-update.win32_2.0.0.202105311346/tools/bin/../lib/gcc/arm-none-eabi/9.3.1/../../../../arm-none-eabi/lib/thumb/v7e-m+fp/hard\libc_nano.a(lib_a-nano-vfprintf_float.o)
                0x0000000008018b70                _printf_float
 .text._printf_common
                0x0000000008018fdc       0xda c:/st/stm32cubeide_1.8.0/stm32cubeide/plugins/com.st.stm32cube.ide.mcu.externaltools.gnu-tools-for-stm32.9-2020-q2-update.win32_2.0.0.202105311346/tools/bin/../lib/gcc/arm-none-eabi/9.3.1/../../../../arm-none-eabi/lib/thumb/v7e-m+fp/hard\libc_nano.a(lib_a-nano-vfprintf_i.o)
                0x0000000008018fdc                _printf_common
 *fill*         0x00000000080190b6        0x2 
 .text._printf_i
                0x00000000080190b8      0x24c c:/st/stm32cubeide_1.8.0/stm32cubeide/plugins/com.st.stm32cube.ide.mcu.externaltools.gnu-tools-for-stm32.9-2020-q2-update.win32_2.0.0.202105311346/tools/bin/../lib/gcc/arm-none-eabi/9.3.1/../../../../arm-none-eabi/lib/thumb/v7e-m+fp/hard\libc_nano.a(lib_a-nano-vfprintf_i.o)
                0x00000000080190b8                _printf_i
 .text._sbrk_r  0x0000000008019304       0x20 c:/st/stm32cubeide_1.8.0/stm32cubeide/plugins/com.st.stm32cube.ide.mcu.externaltools.gnu-tools-for-stm32.9-2020-q2-update.win32_2.0.0.202105311346/tools/bin/../lib/gcc/arm-none-eabi/9.3.1/../../../../arm-none-eabi/lib/thumb/v7e-m+fp/hard\libc_nano.a(lib_a-sbrkr.o)
                0x0000000008019304                _sbrk_r
 .text.sprintf  0x0000000008019324       0x40 c:/st/stm32cubeide_1.8.0/stm32cubeide/plugins/com.st.stm32cube.ide.mcu.externaltools.gnu-tools-for-stm32.9-2020-q2-update.win32_2.0.0.202105311346/tools/bin/../lib/gcc/arm-none-eabi/9.3.1/../../../../arm-none-eabi/lib/thumb/v7e-m+fp/hard\libc_nano.a(lib_a-sprintf.o)
                0x0000000008019324                siprintf
                0x0000000008019324                sprintf
 .text.__sread  0x0000000008019364       0x22 c:/st/stm32cubeide_1.8.0/stm32cubeide/plugins/com.st.stm32cube.ide.mcu.externaltools.gnu-tools-for-stm32.9-2020-q2-update.win32_2.0.0.202105311346/tools/bin/../lib/gcc/arm-none-eabi/9.3.1/../../../../arm-none-eabi/lib/thumb/v7e-m+fp/hard\libc_nano.a(lib_a-stdio.o)
                0x0000000008019364                __sread
 .text.__swrite
                0x0000000008019386       0x38 c:/st/stm32cubeide_1.8.0/stm32cubeide/plugins/com.st.stm32cube.ide.mcu.externaltools.gnu-tools-for-stm32.9-2020-q2-update.win32_2.0.0.202105311346/tools/bin/../lib/gcc/arm-none-eabi/9.3.1/../../../../arm-none-eabi/lib/thumb/v7e-m+fp/hard\libc_nano.a(lib_a-stdio.o)
                0x0000000008019386                __swrite
 .text.__sseek  0x00000000080193be       0x24 c:/st/stm32cubeide_1.8.0/stm32cubeide/plugins/com.st.stm32cube.ide.mcu.externaltools.gnu-tools-for-stm32.9-2020-q2-update.win32_2.0.0.202105311346/tools/bin/../lib/gcc/arm-none-eabi/9.3.1/../../../../arm-none-eabi/lib/thumb/v7e-m+fp/hard\libc_nano.a(lib_a-stdio.o)
                0x00000000080193be                __sseek
 .text.__sclose
                0x00000000080193e2        0x8 c:/st/stm32cubeide_1.8.0/stm32cubeide/plugins/com.st.stm32cube.ide.mcu.externaltools.gnu-tools-for-stm32.9-2020-q2-update.win32_2.0.0.202105311346/tools/bin/../lib/gcc/arm-none-eabi/9.3.1/../../../../arm-none-eabi/lib/thumb/v7e-m+fp/hard\libc_nano.a(lib_a-stdio.o)
                0x00000000080193e2                __sclose
 *fill*         0x00000000080193ea        0x2 
 .text._write_r
                0x00000000080193ec       0x24 c:/st/stm32cubeide_1.8.0/stm32cubeide/plugins/com.st.stm32cube.ide.mcu.externaltools.gnu-tools-for-stm32.9-2020-q2-update.win32_2.0.0.202105311346/tools/bin/../lib/gcc/arm-none-eabi/9.3.1/../../../../arm-none-eabi/lib/thumb/v7e-m+fp/hard\libc_nano.a(lib_a-writer.o)
                0x00000000080193ec                _write_r
 .text._close_r
                0x0000000008019410       0x20 c:/st/stm32cubeide_1.8.0/stm32cubeide/plugins/com.st.stm32cube.ide.mcu.externaltools.gnu-tools-for-stm32.9-2020-q2-update.win32_2.0.0.202105311346/tools/bin/../lib/gcc/arm-none-eabi/9.3.1/../../../../arm-none-eabi/lib/thumb/v7e-m+fp/hard\libc_nano.a(lib_a-closer.o)
                0x0000000008019410                _close_r
 .text.quorem   0x0000000008019430      0x116 c:/st/stm32cubeide_1.8.0/stm32cubeide/plugins/com.st.stm32cube.ide.mcu.externaltools.gnu-tools-for-stm32.9-2020-q2-update.win32_2.0.0.202105311346/tools/bin/../lib/gcc/arm-none-eabi/9.3.1/../../../../arm-none-eabi/lib/thumb/v7e-m+fp/hard\libc_nano.a(lib_a-dtoa.o)
 *fill*         0x0000000008019546        0x2 
 .text._dtoa_r  0x0000000008019548      0xbd8 c:/st/stm32cubeide_1.8.0/stm32cubeide/plugins/com.st.stm32cube.ide.mcu.externaltools.gnu-tools-for-stm32.9-2020-q2-update.win32_2.0.0.202105311346/tools/bin/../lib/gcc/arm-none-eabi/9.3.1/../../../../arm-none-eabi/lib/thumb/v7e-m+fp/hard\libc_nano.a(lib_a-dtoa.o)
                0x0000000008019548                _dtoa_r
 .text._fstat_r
                0x000000000801a120       0x24 c:/st/stm32cubeide_1.8.0/stm32cubeide/plugins/com.st.stm32cube.ide.mcu.externaltools.gnu-tools-for-stm32.9-2020-q2-update.win32_2.0.0.202105311346/tools/bin/../lib/gcc/arm-none-eabi/9.3.1/../../../../arm-none-eabi/lib/thumb/v7e-m+fp/hard\libc_nano.a(lib_a-fstatr.o)
                0x000000000801a120                _fstat_r
 .text._isatty_r
                0x000000000801a144       0x20 c:/st/stm32cubeide_1.8.0/stm32cubeide/plugins/com.st.stm32cube.ide.mcu.externaltools.gnu-tools-for-stm32.9-2020-q2-update.win32_2.0.0.202105311346/tools/bin/../lib/gcc/arm-none-eabi/9.3.1/../../../../arm-none-eabi/lib/thumb/v7e-m+fp/hard\libc_nano.a(lib_a-isattyr.o)
                0x000000000801a144                _isatty_r
 .text._localeconv_r
                0x000000000801a164        0x8 c:/st/stm32cubeide_1.8.0/stm32cubeide/plugins/com.st.stm32cube.ide.mcu.externaltools.gnu-tools-for-stm32.9-2020-q2-update.win32_2.0.0.202105311346/tools/bin/../lib/gcc/arm-none-eabi/9.3.1/../../../../arm-none-eabi/lib/thumb/v7e-m+fp/hard\libc_nano.a(lib_a-localeconv.o)
                0x000000000801a164                _localeconv_r
 .text._lseek_r
                0x000000000801a16c       0x24 c:/st/stm32cubeide_1.8.0/stm32cubeide/plugins/com.st.stm32cube.ide.mcu.externaltools.gnu-tools-for-stm32.9-2020-q2-update.win32_2.0.0.202105311346/tools/bin/../lib/gcc/arm-none-eabi/9.3.1/../../../../arm-none-eabi/lib/thumb/v7e-m+fp/hard\libc_nano.a(lib_a-lseekr.o)
                0x000000000801a16c                _lseek_r
 .text.malloc   0x000000000801a190       0x10 c:/st/stm32cubeide_1.8.0/stm32cubeide/plugins/com.st.stm32cube.ide.mcu.externaltools.gnu-tools-for-stm32.9-2020-q2-update.win32_2.0.0.202105311346/tools/bin/../lib/gcc/arm-none-eabi/9.3.1/../../../../arm-none-eabi/lib/thumb/v7e-m+fp/hard\libc_nano.a(lib_a-malloc.o)
                0x000000000801a190                malloc
 .text.__malloc_lock
                0x000000000801a1a0        0xc c:/st/stm32cubeide_1.8.0/stm32cubeide/plugins/com.st.stm32cube.ide.mcu.externaltools.gnu-tools-for-stm32.9-2020-q2-update.win32_2.0.0.202105311346/tools/bin/../lib/gcc/arm-none-eabi/9.3.1/../../../../arm-none-eabi/lib/thumb/v7e-m+fp/hard\libc_nano.a(lib_a-mlock.o)
                0x000000000801a1a0                __malloc_lock
 .text.__malloc_unlock
                0x000000000801a1ac        0xc c:/st/stm32cubeide_1.8.0/stm32cubeide/plugins/com.st.stm32cube.ide.mcu.externaltools.gnu-tools-for-stm32.9-2020-q2-update.win32_2.0.0.202105311346/tools/bin/../lib/gcc/arm-none-eabi/9.3.1/../../../../arm-none-eabi/lib/thumb/v7e-m+fp/hard\libc_nano.a(lib_a-mlock.o)
                0x000000000801a1ac                __malloc_unlock
 .text._Balloc  0x000000000801a1b8       0x80 c:/st/stm32cubeide_1.8.0/stm32cubeide/plugins/com.st.stm32cube.ide.mcu.externaltools.gnu-tools-for-stm32.9-2020-q2-update.win32_2.0.0.202105311346/tools/bin/../lib/gcc/arm-none-eabi/9.3.1/../../../../arm-none-eabi/lib/thumb/v7e-m+fp/hard\libc_nano.a(lib_a-mprec.o)
                0x000000000801a1b8                _Balloc
 .text._Bfree   0x000000000801a238       0x44 c:/st/stm32cubeide_1.8.0/stm32cubeide/plugins/com.st.stm32cube.ide.mcu.externaltools.gnu-tools-for-stm32.9-2020-q2-update.win32_2.0.0.202105311346/tools/bin/../lib/gcc/arm-none-eabi/9.3.1/../../../../arm-none-eabi/lib/thumb/v7e-m+fp/hard\libc_nano.a(lib_a-mprec.o)
                0x000000000801a238                _Bfree
 .text.__multadd
                0x000000000801a27c       0x94 c:/st/stm32cubeide_1.8.0/stm32cubeide/plugins/com.st.stm32cube.ide.mcu.externaltools.gnu-tools-for-stm32.9-2020-q2-update.win32_2.0.0.202105311346/tools/bin/../lib/gcc/arm-none-eabi/9.3.1/../../../../arm-none-eabi/lib/thumb/v7e-m+fp/hard\libc_nano.a(lib_a-mprec.o)
                0x000000000801a27c                __multadd
 .text.__hi0bits
                0x000000000801a310       0x40 c:/st/stm32cubeide_1.8.0/stm32cubeide/plugins/com.st.stm32cube.ide.mcu.externaltools.gnu-tools-for-stm32.9-2020-q2-update.win32_2.0.0.202105311346/tools/bin/../lib/gcc/arm-none-eabi/9.3.1/../../../../arm-none-eabi/lib/thumb/v7e-m+fp/hard\libc_nano.a(lib_a-mprec.o)
                0x000000000801a310                __hi0bits
 .text.__lo0bits
                0x000000000801a350       0x60 c:/st/stm32cubeide_1.8.0/stm32cubeide/plugins/com.st.stm32cube.ide.mcu.externaltools.gnu-tools-for-stm32.9-2020-q2-update.win32_2.0.0.202105311346/tools/bin/../lib/gcc/arm-none-eabi/9.3.1/../../../../arm-none-eabi/lib/thumb/v7e-m+fp/hard\libc_nano.a(lib_a-mprec.o)
                0x000000000801a350                __lo0bits
 .text.__i2b    0x000000000801a3b0       0x2c c:/st/stm32cubeide_1.8.0/stm32cubeide/plugins/com.st.stm32cube.ide.mcu.externaltools.gnu-tools-for-stm32.9-2020-q2-update.win32_2.0.0.202105311346/tools/bin/../lib/gcc/arm-none-eabi/9.3.1/../../../../arm-none-eabi/lib/thumb/v7e-m+fp/hard\libc_nano.a(lib_a-mprec.o)
                0x000000000801a3b0                __i2b
 .text.__multiply
                0x000000000801a3dc      0x14c c:/st/stm32cubeide_1.8.0/stm32cubeide/plugins/com.st.stm32cube.ide.mcu.externaltools.gnu-tools-for-stm32.9-2020-q2-update.win32_2.0.0.202105311346/tools/bin/../lib/gcc/arm-none-eabi/9.3.1/../../../../arm-none-eabi/lib/thumb/v7e-m+fp/hard\libc_nano.a(lib_a-mprec.o)
                0x000000000801a3dc                __multiply
 .text.__pow5mult
                0x000000000801a528       0xb4 c:/st/stm32cubeide_1.8.0/stm32cubeide/plugins/com.st.stm32cube.ide.mcu.externaltools.gnu-tools-for-stm32.9-2020-q2-update.win32_2.0.0.202105311346/tools/bin/../lib/gcc/arm-none-eabi/9.3.1/../../../../arm-none-eabi/lib/thumb/v7e-m+fp/hard\libc_nano.a(lib_a-mprec.o)
                0x000000000801a528                __pow5mult
 .text.__lshift
                0x000000000801a5dc       0xd8 c:/st/stm32cubeide_1.8.0/stm32cubeide/plugins/com.st.stm32cube.ide.mcu.externaltools.gnu-tools-for-stm32.9-2020-q2-update.win32_2.0.0.202105311346/tools/bin/../lib/gcc/arm-none-eabi/9.3.1/../../../../arm-none-eabi/lib/thumb/v7e-m+fp/hard\libc_nano.a(lib_a-mprec.o)
                0x000000000801a5dc                __lshift
 .text.__mcmp   0x000000000801a6b4       0x38 c:/st/stm32cubeide_1.8.0/stm32cubeide/plugins/com.st.stm32cube.ide.mcu.externaltools.gnu-tools-for-stm32.9-2020-q2-update.win32_2.0.0.202105311346/tools/bin/../lib/gcc/arm-none-eabi/9.3.1/../../../../arm-none-eabi/lib/thumb/v7e-m+fp/hard\libc_nano.a(lib_a-mprec.o)
                0x000000000801a6b4                __mcmp
 .text.__mdiff  0x000000000801a6ec      0x110 c:/st/stm32cubeide_1.8.0/stm32cubeide/plugins/com.st.stm32cube.ide.mcu.externaltools.gnu-tools-for-stm32.9-2020-q2-update.win32_2.0.0.202105311346/tools/bin/../lib/gcc/arm-none-eabi/9.3.1/../../../../arm-none-eabi/lib/thumb/v7e-m+fp/hard\libc_nano.a(lib_a-mprec.o)
                0x000000000801a6ec                __mdiff
 .text.__d2b    0x000000000801a7fc       0xb8 c:/st/stm32cubeide_1.8.0/stm32cubeide/plugins/com.st.stm32cube.ide.mcu.externaltools.gnu-tools-for-stm32.9-2020-q2-update.win32_2.0.0.202105311346/tools/bin/../lib/gcc/arm-none-eabi/9.3.1/../../../../arm-none-eabi/lib/thumb/v7e-m+fp/hard\libc_nano.a(lib_a-mprec.o)
                0x000000000801a7fc                __d2b
 .text._calloc_r
                0x000000000801a8b4       0x1e c:/st/stm32cubeide_1.8.0/stm32cubeide/plugins/com.st.stm32cube.ide.mcu.externaltools.gnu-tools-for-stm32.9-2020-q2-update.win32_2.0.0.202105311346/tools/bin/../lib/gcc/arm-none-eabi/9.3.1/../../../../arm-none-eabi/lib/thumb/v7e-m+fp/hard\libc_nano.a(lib_a-nano-callocr.o)
                0x000000000801a8b4                _calloc_r
 .text.__ssputs_r
                0x000000000801a8d2       0xb6 c:/st/stm32cubeide_1.8.0/stm32cubeide/plugins/com.st.stm32cube.ide.mcu.externaltools.gnu-tools-for-stm32.9-2020-q2-update.win32_2.0.0.202105311346/tools/bin/../lib/gcc/arm-none-eabi/9.3.1/../../../../arm-none-eabi/lib/thumb/v7e-m+fp/hard\libc_nano.a(lib_a-nano-svfprintf.o)
                0x000000000801a8d2                __ssputs_r
 .text._svfprintf_r
                0x000000000801a988      0x200 c:/st/stm32cubeide_1.8.0/stm32cubeide/plugins/com.st.stm32cube.ide.mcu.externaltools.gnu-tools-for-stm32.9-2020-q2-update.win32_2.0.0.202105311346/tools/bin/../lib/gcc/arm-none-eabi/9.3.1/../../../../arm-none-eabi/lib/thumb/v7e-m+fp/hard\libc_nano.a(lib_a-nano-svfprintf.o)
                0x000000000801a988                _svfiprintf_r
                0x000000000801a988                _svfprintf_r
 .text._read_r  0x000000000801ab88       0x24 c:/st/stm32cubeide_1.8.0/stm32cubeide/plugins/com.st.stm32cube.ide.mcu.externaltools.gnu-tools-for-stm32.9-2020-q2-update.win32_2.0.0.202105311346/tools/bin/../lib/gcc/arm-none-eabi/9.3.1/../../../../arm-none-eabi/lib/thumb/v7e-m+fp/hard\libc_nano.a(lib_a-readr.o)
                0x000000000801ab88                _read_r
 .text.__assert_func
                0x000000000801abac       0x3c c:/st/stm32cubeide_1.8.0/stm32cubeide/plugins/com.st.stm32cube.ide.mcu.externaltools.gnu-tools-for-stm32.9-2020-q2-update.win32_2.0.0.202105311346/tools/bin/../lib/gcc/arm-none-eabi/9.3.1/../../../../arm-none-eabi/lib/thumb/v7e-m+fp/hard\libc_nano.a(lib_a-assert.o)
                0x000000000801abac                __assert_func
 .text.fprintf  0x000000000801abe8       0x24 c:/st/stm32cubeide_1.8.0/stm32cubeide/plugins/com.st.stm32cube.ide.mcu.externaltools.gnu-tools-for-stm32.9-2020-q2-update.win32_2.0.0.202105311346/tools/bin/../lib/gcc/arm-none-eabi/9.3.1/../../../../arm-none-eabi/lib/thumb/v7e-m+fp/hard\libc_nano.a(lib_a-fprintf.o)
                0x000000000801abe8                fiprintf
                0x000000000801abe8                fprintf
 .text.__ascii_mbtowc
                0x000000000801ac0c       0x24 c:/st/stm32cubeide_1.8.0/stm32cubeide/plugins/com.st.stm32cube.ide.mcu.externaltools.gnu-tools-for-stm32.9-2020-q2-update.win32_2.0.0.202105311346/tools/bin/../lib/gcc/arm-none-eabi/9.3.1/../../../../arm-none-eabi/lib/thumb/v7e-m+fp/hard\libc_nano.a(lib_a-mbtowc_r.o)
                0x000000000801ac0c                __ascii_mbtowc
 .text.memmove  0x000000000801ac30       0x34 c:/st/stm32cubeide_1.8.0/stm32cubeide/plugins/com.st.stm32cube.ide.mcu.externaltools.gnu-tools-for-stm32.9-2020-q2-update.win32_2.0.0.202105311346/tools/bin/../lib/gcc/arm-none-eabi/9.3.1/../../../../arm-none-eabi/lib/thumb/v7e-m+fp/hard\libc_nano.a(lib_a-memmove.o)
                0x000000000801ac30                memmove
 .text._realloc_r
                0x000000000801ac64       0x4c c:/st/stm32cubeide_1.8.0/stm32cubeide/plugins/com.st.stm32cube.ide.mcu.externaltools.gnu-tools-for-stm32.9-2020-q2-update.win32_2.0.0.202105311346/tools/bin/../lib/gcc/arm-none-eabi/9.3.1/../../../../arm-none-eabi/lib/thumb/v7e-m+fp/hard\libc_nano.a(lib_a-nano-reallocr.o)
                0x000000000801ac64                _realloc_r
 .text.__sfputc_r
                0x000000000801acb0       0x2e c:/st/stm32cubeide_1.8.0/stm32cubeide/plugins/com.st.stm32cube.ide.mcu.externaltools.gnu-tools-for-stm32.9-2020-q2-update.win32_2.0.0.202105311346/tools/bin/../lib/gcc/arm-none-eabi/9.3.1/../../../../arm-none-eabi/lib/thumb/v7e-m+fp/hard\libc_nano.a(lib_a-nano-vfprintf.o)
 .text.__sfputs_r
                0x000000000801acde       0x24 c:/st/stm32cubeide_1.8.0/stm32cubeide/plugins/com.st.stm32cube.ide.mcu.externaltools.gnu-tools-for-stm32.9-2020-q2-update.win32_2.0.0.202105311346/tools/bin/../lib/gcc/arm-none-eabi/9.3.1/../../../../arm-none-eabi/lib/thumb/v7e-m+fp/hard\libc_nano.a(lib_a-nano-vfprintf.o)
                0x000000000801acde                __sfputs_r
 *fill*         0x000000000801ad02        0x2 
 .text._vfprintf_r
                0x000000000801ad04      0x260 c:/st/stm32cubeide_1.8.0/stm32cubeide/plugins/com.st.stm32cube.ide.mcu.externaltools.gnu-tools-for-stm32.9-2020-q2-update.win32_2.0.0.202105311346/tools/bin/../lib/gcc/arm-none-eabi/9.3.1/../../../../arm-none-eabi/lib/thumb/v7e-m+fp/hard\libc_nano.a(lib_a-nano-vfprintf.o)
                0x000000000801ad04                _vfprintf_r
                0x000000000801ad04                _vfiprintf_r
 .text.__swbuf_r
                0x000000000801af64       0xa4 c:/st/stm32cubeide_1.8.0/stm32cubeide/plugins/com.st.stm32cube.ide.mcu.externaltools.gnu-tools-for-stm32.9-2020-q2-update.win32_2.0.0.202105311346/tools/bin/../lib/gcc/arm-none-eabi/9.3.1/../../../../arm-none-eabi/lib/thumb/v7e-m+fp/hard\libc_nano.a(lib_a-wbuf.o)
                0x000000000801af64                __swbuf_r
 .text.__ascii_wctomb
                0x000000000801b008       0x1a c:/st/stm32cubeide_1.8.0/stm32cubeide/plugins/com.st.stm32cube.ide.mcu.externaltools.gnu-tools-for-stm32.9-2020-q2-update.win32_2.0.0.202105311346/tools/bin/../lib/gcc/arm-none-eabi/9.3.1/../../../../arm-none-eabi/lib/thumb/v7e-m+fp/hard\libc_nano.a(lib_a-wctomb_r.o)
                0x000000000801b008                __ascii_wctomb
 *fill*         0x000000000801b022        0x2 
 .text.__swsetup_r
                0x000000000801b024       0xdc c:/st/stm32cubeide_1.8.0/stm32cubeide/plugins/com.st.stm32cube.ide.mcu.externaltools.gnu-tools-for-stm32.9-2020-q2-update.win32_2.0.0.202105311346/tools/bin/../lib/gcc/arm-none-eabi/9.3.1/../../../../arm-none-eabi/lib/thumb/v7e-m+fp/hard\libc_nano.a(lib_a-wsetup.o)
                0x000000000801b024                __swsetup_r
 .text.abort    0x000000000801b100        0xe c:/st/stm32cubeide_1.8.0/stm32cubeide/plugins/com.st.stm32cube.ide.mcu.externaltools.gnu-tools-for-stm32.9-2020-q2-update.win32_2.0.0.202105311346/tools/bin/../lib/gcc/arm-none-eabi/9.3.1/../../../../arm-none-eabi/lib/thumb/v7e-m+fp/hard\libc_nano.a(lib_a-abort.o)
                0x000000000801b100                abort
 .text._malloc_usable_size_r
                0x000000000801b10e       0x10 c:/st/stm32cubeide_1.8.0/stm32cubeide/plugins/com.st.stm32cube.ide.mcu.externaltools.gnu-tools-for-stm32.9-2020-q2-update.win32_2.0.0.202105311346/tools/bin/../lib/gcc/arm-none-eabi/9.3.1/../../../../arm-none-eabi/lib/thumb/v7e-m+fp/hard\libc_nano.a(lib_a-nano-msizer.o)
                0x000000000801b10e                _malloc_usable_size_r
 .text._raise_r
                0x000000000801b11e       0x50 c:/st/stm32cubeide_1.8.0/stm32cubeide/plugins/com.st.stm32cube.ide.mcu.externaltools.gnu-tools-for-stm32.9-2020-q2-update.win32_2.0.0.202105311346/tools/bin/../lib/gcc/arm-none-eabi/9.3.1/../../../../arm-none-eabi/lib/thumb/v7e-m+fp/hard\libc_nano.a(lib_a-signal.o)
                0x000000000801b11e                _raise_r
 *fill*         0x000000000801b16e        0x2 
 .text.raise    0x000000000801b170       0x10 c:/st/stm32cubeide_1.8.0/stm32cubeide/plugins/com.st.stm32cube.ide.mcu.externaltools.gnu-tools-for-stm32.9-2020-q2-update.win32_2.0.0.202105311346/tools/bin/../lib/gcc/arm-none-eabi/9.3.1/../../../../arm-none-eabi/lib/thumb/v7e-m+fp/hard\libc_nano.a(lib_a-signal.o)
                0x000000000801b170                raise
 .text._kill_r  0x000000000801b180       0x24 c:/st/stm32cubeide_1.8.0/stm32cubeide/plugins/com.st.stm32cube.ide.mcu.externaltools.gnu-tools-for-stm32.9-2020-q2-update.win32_2.0.0.202105311346/tools/bin/../lib/gcc/arm-none-eabi/9.3.1/../../../../arm-none-eabi/lib/thumb/v7e-m+fp/hard\libc_nano.a(lib_a-signalr.o)
                0x000000000801b180                _kill_r
 .text._getpid_r
                0x000000000801b1a4        0x4 c:/st/stm32cubeide_1.8.0/stm32cubeide/plugins/com.st.stm32cube.ide.mcu.externaltools.gnu-tools-for-stm32.9-2020-q2-update.win32_2.0.0.202105311346/tools/bin/../lib/gcc/arm-none-eabi/9.3.1/../../../../arm-none-eabi/lib/thumb/v7e-m+fp/hard\libc_nano.a(lib_a-signalr.o)
                0x000000000801b1a4                _getpid_r
 *(.glue_7)
 .glue_7        0x000000000801b1a8        0x0 linker stubs
 *(.glue_7t)
 .glue_7t       0x000000000801b1a8        0x0 linker stubs
 *(.eh_frame)
 .eh_frame      0x000000000801b1a8        0x0 c:/st/stm32cubeide_1.8.0/stm32cubeide/plugins/com.st.stm32cube.ide.mcu.externaltools.gnu-tools-for-stm32.9-2020-q2-update.win32_2.0.0.202105311346/tools/bin/../lib/gcc/arm-none-eabi/9.3.1/thumb/v7e-m+fp/hard/crtbegin.o
 *(.init)
 .init          0x000000000801b1a8        0x4 c:/st/stm32cubeide_1.8.0/stm32cubeide/plugins/com.st.stm32cube.ide.mcu.externaltools.gnu-tools-for-stm32.9-2020-q2-update.win32_2.0.0.202105311346/tools/bin/../lib/gcc/arm-none-eabi/9.3.1/thumb/v7e-m+fp/hard/crti.o
                0x000000000801b1a8                _init
 .init          0x000000000801b1ac        0x8 c:/st/stm32cubeide_1.8.0/stm32cubeide/plugins/com.st.stm32cube.ide.mcu.externaltools.gnu-tools-for-stm32.9-2020-q2-update.win32_2.0.0.202105311346/tools/bin/../lib/gcc/arm-none-eabi/9.3.1/thumb/v7e-m+fp/hard/crtn.o
 *(.fini)
 .fini          0x000000000801b1b4        0x4 c:/st/stm32cubeide_1.8.0/stm32cubeide/plugins/com.st.stm32cube.ide.mcu.externaltools.gnu-tools-for-stm32.9-2020-q2-update.win32_2.0.0.202105311346/tools/bin/../lib/gcc/arm-none-eabi/9.3.1/thumb/v7e-m+fp/hard/crti.o
                0x000000000801b1b4                _fini
 .fini          0x000000000801b1b8        0x8 c:/st/stm32cubeide_1.8.0/stm32cubeide/plugins/com.st.stm32cube.ide.mcu.externaltools.gnu-tools-for-stm32.9-2020-q2-update.win32_2.0.0.202105311346/tools/bin/../lib/gcc/arm-none-eabi/9.3.1/thumb/v7e-m+fp/hard/crtn.o
                0x000000000801b1c0                . = ALIGN (0x4)
                0x000000000801b1c0                _etext = .

.vfp11_veneer   0x000000000801b1c0        0x0
 .vfp11_veneer  0x000000000801b1c0        0x0 linker stubs

.v4_bx          0x000000000801b1c0        0x0
 .v4_bx         0x000000000801b1c0        0x0 linker stubs

.iplt           0x000000000801b1c0        0x0
 .iplt          0x000000000801b1c0        0x0 c:/st/stm32cubeide_1.8.0/stm32cubeide/plugins/com.st.stm32cube.ide.mcu.externaltools.gnu-tools-for-stm32.9-2020-q2-update.win32_2.0.0.202105311346/tools/bin/../lib/gcc/arm-none-eabi/9.3.1/thumb/v7e-m+fp/hard/crtbegin.o

.rodata         0x000000000801b1c0      0xe64
                0x000000000801b1c0                . = ALIGN (0x4)
 *(.rodata)
 .rodata        0x000000000801b1c0      0x134 ./Core/Src/main.o
 *fill*         0x000000000801b2f4        0x4 
 .rodata        0x000000000801b2f8      0x180 ./Core/Src/sha3.o
 .rodata        0x000000000801b478       0x44 ./Middlewares/Third_Party/FatFs/src/ff.o
 *(.rodata*)
 .rodata.Gb_sculChachaKey
                0x000000000801b4bc       0x20 ./Core/Src/ChaCha20.o
 .rodata.Bi     0x000000000801b4dc      0x3c0 ./Core/Src/ge.o
 .rodata.d      0x000000000801b89c       0x28 ./Core/Src/ge.o
 .rodata.sqrtm1
                0x000000000801b8c4       0x28 ./Core/Src/ge.o
 .rodata.d2     0x000000000801b8ec       0x28 ./Core/Src/ge.o
 *fill*         0x000000000801b914        0x4 
 .rodata.K      0x000000000801b918      0x280 ./Core/Src/sha512.o
 .rodata.AHBPrescTable
                0x000000000801bb98       0x10 ./Core/Src/system_stm32f4xx.o
                0x000000000801bb98                AHBPrescTable
 .rodata.APBPrescTable
                0x000000000801bba8        0x8 ./Core/Src/system_stm32f4xx.o
                0x000000000801bba8                APBPrescTable
 .rodata.SD_Driver
                0x000000000801bbb0       0x14 ./FATFS/Target/sd_diskio.o
                0x000000000801bbb0                SD_Driver
 .rodata.ExCvt  0x000000000801bbc4       0x80 ./Middlewares/Third_Party/FatFs/src/ff.o
 .rodata.__sf_fake_stderr
                0x000000000801bc44       0x20 c:/st/stm32cubeide_1.8.0/stm32cubeide/plugins/com.st.stm32cube.ide.mcu.externaltools.gnu-tools-for-stm32.9-2020-q2-update.win32_2.0.0.202105311346/tools/bin/../lib/gcc/arm-none-eabi/9.3.1/../../../../arm-none-eabi/lib/thumb/v7e-m+fp/hard\libc_nano.a(lib_a-findfp.o)
                0x000000000801bc44                __sf_fake_stderr
 .rodata.__sf_fake_stdin
                0x000000000801bc64       0x20 c:/st/stm32cubeide_1.8.0/stm32cubeide/plugins/com.st.stm32cube.ide.mcu.externaltools.gnu-tools-for-stm32.9-2020-q2-update.win32_2.0.0.202105311346/tools/bin/../lib/gcc/arm-none-eabi/9.3.1/../../../../arm-none-eabi/lib/thumb/v7e-m+fp/hard\libc_nano.a(lib_a-findfp.o)
                0x000000000801bc64                __sf_fake_stdin
 .rodata.__sf_fake_stdout
                0x000000000801bc84       0x20 c:/st/stm32cubeide_1.8.0/stm32cubeide/plugins/com.st.stm32cube.ide.mcu.externaltools.gnu-tools-for-stm32.9-2020-q2-update.win32_2.0.0.202105311346/tools/bin/../lib/gcc/arm-none-eabi/9.3.1/../../../../arm-none-eabi/lib/thumb/v7e-m+fp/hard\libc_nano.a(lib_a-findfp.o)
                0x000000000801bc84                __sf_fake_stdout
 .rodata._global_impure_ptr
                0x000000000801bca4        0x4 c:/st/stm32cubeide_1.8.0/stm32cubeide/plugins/com.st.stm32cube.ide.mcu.externaltools.gnu-tools-for-stm32.9-2020-q2-update.win32_2.0.0.202105311346/tools/bin/../lib/gcc/arm-none-eabi/9.3.1/../../../../arm-none-eabi/lib/thumb/v7e-m+fp/hard\libc_nano.a(lib_a-impure.o)
                0x000000000801bca4                _global_impure_ptr
 .rodata._printf_float.str1.1
                0x000000000801bca8       0x12 c:/st/stm32cubeide_1.8.0/stm32cubeide/plugins/com.st.stm32cube.ide.mcu.externaltools.gnu-tools-for-stm32.9-2020-q2-update.win32_2.0.0.202105311346/tools/bin/../lib/gcc/arm-none-eabi/9.3.1/../../../../arm-none-eabi/lib/thumb/v7e-m+fp/hard\libc_nano.a(lib_a-nano-vfprintf_float.o)
 .rodata._printf_i.str1.1
                0x000000000801bcba       0x22 c:/st/stm32cubeide_1.8.0/stm32cubeide/plugins/com.st.stm32cube.ide.mcu.externaltools.gnu-tools-for-stm32.9-2020-q2-update.win32_2.0.0.202105311346/tools/bin/../lib/gcc/arm-none-eabi/9.3.1/../../../../arm-none-eabi/lib/thumb/v7e-m+fp/hard\libc_nano.a(lib_a-nano-vfprintf_i.o)
 .rodata._dtoa_r.str1.1
                0x000000000801bcdc       0x94 c:/st/stm32cubeide_1.8.0/stm32cubeide/plugins/com.st.stm32cube.ide.mcu.externaltools.gnu-tools-for-stm32.9-2020-q2-update.win32_2.0.0.202105311346/tools/bin/../lib/gcc/arm-none-eabi/9.3.1/../../../../arm-none-eabi/lib/thumb/v7e-m+fp/hard\libc_nano.a(lib_a-dtoa.o)
                                         0x96 (size before relaxing)
 .rodata._Balloc.str1.1