Archive member included to satisfy reference by file (symbol)

c:/st/stm32cubeide_1.8.0/stm32cubeide/plugins/com.st.stm32cube.ide.mcu.externaltools.gnu-tools-for-stm32.9-2020-q2-update.win32_2.0.0.202105311346/tools/bin/../lib/gcc/arm-none-eabi/9.3.1/../../../../arm-none-eabi/lib/thumb/v7e-m+fp/hard\libc_nano.a(lib_a-errno.o)
                              ./Core/Src/syscalls.o (__errno)
c:/st/stm32cubeide_1.8.0/stm32cubeide/plugins/com.st.stm32cube.ide.mcu.externaltools.gnu-tools-for-stm32.9-2020-q2-update.win32_2.0.0.202105311346/tools/bin/../lib/gcc/arm-none-eabi/9.3.1/../../../../arm-none-eabi/lib/thumb/v7e-m+fp/hard\libc_nano.a(lib_a-exit.o)
                              c:/st/stm32cubeide_1.8.0/stm32cubeide/plugins/com.st.stm32cube.ide.mcu.externaltools.gnu-tools-for-stm32.9-2020-q2-update.win32_2.0.0.202105311346/tools/bin/../lib/gcc/arm-none-eabi/9.3.1/../../../../arm-none-eabi/lib/thumb/v7e-m+fp/hard/crt0.o (exit)
c:/st/stm32cubeide_1.8.0/stm32cubeide/plugins/com.st.stm32cube.ide.mcu.externaltools.gnu-tools-for-stm32.9-2020-q2-update.win32_2.0.0.202105311346/tools/bin/../lib/gcc/arm-none-eabi/9.3.1/../../../../arm-none-eabi/lib/thumb/v7e-m+fp/hard\libc_nano.a(lib_a-fclose.o)
                              ./Core/Src/seed.o (fclose)
c:/st/stm32cubeide_1.8.0/stm32cubeide/plugins/com.st.stm32cube.ide.mcu.externaltools.gnu-tools-for-stm32.9-2020-q2-update.win32_2.0.0.202105311346/tools/bin/../lib/gcc/arm-none-eabi/9.3.1/../../../../arm-none-eabi/lib/thumb/v7e-m+fp/hard\libc_nano.a(lib_a-fflush.o)
                              c:/st/stm32cubeide_1.8.0/stm32cubeide/plugins/com.st.stm32cube.ide.mcu.externaltools.gnu-tools-for-stm32.9-2020-q2-update.win32_2.0.0.202105311346/tools/bin/../lib/gcc/arm-none-eabi/9.3.1/../../../../arm-none-eabi/lib/thumb/v7e-m+fp/hard\libc_nano.a(lib_a-fclose.o) (__sflush_r)
c:/st/stm32cubeide_1.8.0/stm32cubeide/plugins/com.st.stm32cube.ide.mcu.externaltools.gnu-tools-for-stm32.9-2020-q2-update.win32_2.0.0.202105311346/tools/bin/../lib/gcc/arm-none-eabi/9.3.1/../../../../arm-none-eabi/lib/thumb/v7e-m+fp/hard\libc_nano.a(lib_a-findfp.o)
                              c:/st/stm32cubeide_1.8.0/stm32cubeide/plugins/com.st.stm32cube.ide.mcu.externaltools.gnu-tools-for-stm32.9-2020-q2-update.win32_2.0.0.202105311346/tools/bin/../lib/gcc/arm-none-eabi/9.3.1/../../../../arm-none-eabi/lib/thumb/v7e-m+fp/hard\libc_nano.a(lib_a-fclose.o) (__sfp_lock_acquire)
c:/st/stm32cubeide_1.8.0/stm32cubeide/plugins/com.st.stm32cube.ide.mcu.externaltools.gnu-tools-for-stm32.9-2020-q2-update.win32_2.0.0.202105311346/tools/bin/../lib/gcc/arm-none-eabi/9.3.1/../../../../arm-none-eabi/lib/thumb/v7e-m+fp/hard\libc_nano.a(lib_a-fopen.o)
                              ./Core/Src/seed.o (fopen)
c:/st/stm32cubeide_1.8.0/stm32cubeide/plugins/com.st.stm32cube.ide.mcu.externaltools.gnu-tools-for-stm32.9-2020-q2-update.win32_2.0.0.202105311346/tools/bin/../lib/gcc/arm-none-eabi/9.3.1/../../../../arm-none-eabi/lib/thumb/v7e-m+fp/hard\libc_nano.a(lib_a-fread.o)
                              ./Core/Src/seed.o (fread)
c:/st/stm32cubeide_1.8.0/stm32cubeide/plugins/com.st.stm32cube.ide.mcu.externaltools.gnu-tools-for-stm32.9-2020-q2-update.win32_2.0.0.202105311346/tools/bin/../lib/gcc/arm-none-eabi/9.3.1/../../../../arm-none-eabi/lib/thumb/v7e-m+fp/hard\libc_nano.a(lib_a-fseek.o)
                              c:/st/stm32cubeide_1.8.0/stm32cubeide/plugins/com.st.stm32cube.ide.mcu.externaltools.gnu-tools-for-stm32.9-2020-q2-update.win32_2.0.0.202105311346/tools/bin/../lib/gcc/arm-none-eabi/9.3.1/../../../../arm-none-eabi/lib/thumb/v7e-m+fp/hard\libc_nano.a(lib_a-fopen.o) (_fseek_r)
c:/st/stm32cubeide_1.8.0/stm32cubeide/plugins/com.st.stm32cube.ide.mcu.externaltools.gnu-tools-for-stm32.9-2020-q2-update.win32_2.0.0.202105311346/tools/bin/../lib/gcc/arm-none-eabi/9.3.1/../../../../arm-none-eabi/lib/thumb/v7e-m+fp/hard\libc_nano.a(lib_a-fseeko.o)
                              c:/st/stm32cubeide_1.8.0/stm32cubeide/plugins/com.st.stm32cube.ide.mcu.externaltools.gnu-tools-for-stm32.9-2020-q2-update.win32_2.0.0.202105311346/tools/bin/../lib/gcc/arm-none-eabi/9.3.1/../../../../arm-none-eabi/lib/thumb/v7e-m+fp/hard\libc_nano.a(lib_a-fseek.o) (_fseeko_r)
c:/st/stm32cubeide_1.8.0/stm32cubeide/plugins/com.st.stm32cube.ide.mcu.externaltools.gnu-tools-for-stm32.9-2020-q2-update.win32_2.0.0.202105311346/tools/bin/../lib/gcc/arm-none-eabi/9.3.1/../../../../arm-none-eabi/lib/thumb/v7e-m+fp/hard\libc_nano.a(lib_a-ftello.o)
                              c:/st/stm32cubeide_1.8.0/stm32cubeide/plugins/com.st.stm32cube.ide.mcu.externaltools.gnu-tools-for-stm32.9-2020-q2-update.win32_2.0.0.202105311346/tools/bin/../lib/gcc/arm-none-eabi/9.3.1/../../../../arm-none-eabi/lib/thumb/v7e-m+fp/hard\libc_nano.a(lib_a-fseeko.o) (_ftello_r)
[...]
Memory Configuration

Name             Origin             Length             Attributes
CCMRAM           0x0000000010000000 0x0000000000010000 xrw
RAM              0x0000000020000000 0x0000000000020000 xrw
FLASH            0x0000000008000000 0x0000000000100000 xr
*default*        0x0000000000000000 0xffffffffffffffff

Linker script and memory map

LOAD c:/st/stm32cubeide_1.8.0/stm32cubeide/plugins/com.st.stm32cube.ide.mcu.externaltools.gnu-tools-for-stm32.9-2020-q2-update.win32_2.0.0.202105311346/tools/bin/../lib/gcc/arm-none-eabi/9.3.1/thumb/v7e-m+fp/hard/crti.o
LOAD c:/st/stm32cubeide_1.8.0/stm32cubeide/plugins/com.st.stm32cube.ide.mcu.externaltools.gnu-tools-for-stm32.9-2020-q2-update.win32_2.0.0.202105311346/tools/bin/../lib/gcc/arm-none-eabi/9.3.1/thumb/v7e-m+fp/hard/crtbegin.o
LOAD c:/st/stm32cubeide_1.8.0/stm32cubeide/plugins/com.st.stm32cube.ide.mcu.externaltools.gnu-tools-for-stm32.9-2020-q2-update.win32_2.0.0.202105311346/tools/bin/../lib/gcc/arm-none-eabi/9.3.1/../../../../arm-none-eabi/lib/thumb/v7e-m+fp/hard/crt0.o
LOAD ./Core/Src/CRC32.o
LOAD ./Core/Src/ChaCha20.o
LOAD ./Core/Src/add_scalar.o
LOAD ./Core/Src/fe.o
LOAD ./Core/Src/ge.o
LOAD ./Core/Src/key_exchange.o
LOAD ./Core/Src/keypair.o
LOAD ./Core/Src/main.o
LOAD ./Core/Src/sc.o
LOAD ./Core/Src/seed.o
LOAD ./Core/Src/sha3.o
LOAD ./Core/Src/sha512.o
LOAD ./Core/Src/sign.o
LOAD ./Core/Src/stm32f4xx_hal_msp.o
LOAD ./Core/Src/stm32f4xx_it.o
LOAD ./Core/Src/syscalls.o
LOAD ./Core/Src/sysmem.o
LOAD ./Core/Src/system_stm32f4xx.o
LOAD ./Core/Src/verify.o
LOAD ./Core/Startup/startup_stm32f407vgtx.o
LOAD ./Drivers/STM32F4xx_HAL_Driver/Src/stm32f4xx_hal.o
LOAD ./Drivers/STM32F4xx_HAL_Driver/Src/stm32f4xx_hal_cortex.o
LOAD ./Drivers/STM32F4xx_HAL_Driver/Src/stm32f4xx_hal_dma.o
LOAD ./Drivers/STM32F4xx_HAL_Driver/Src/stm32f4xx_hal_dma_ex.o
LOAD ./Drivers/STM32F4xx_HAL_Driver/Src/stm32f4xx_hal_exti.o
LOAD ./Drivers/STM32F4xx_HAL_Driver/Src/stm32f4xx_hal_flash.o
LOAD ./Drivers/STM32F4xx_HAL_Driver/Src/stm32f4xx_hal_flash_ex.o
LOAD ./Drivers/STM32F4xx_HAL_Driver/Src/stm32f4xx_hal_flash_ramfunc.o
LOAD ./Drivers/STM32F4xx_HAL_Driver/Src/stm32f4xx_hal_gpio.o
LOAD ./Drivers/STM32F4xx_HAL_Driver/Src/stm32f4xx_hal_pwr.o
LOAD ./Drivers/STM32F4xx_HAL_Driver/Src/stm32f4xx_hal_pwr_ex.o
LOAD ./Drivers/STM32F4xx_HAL_Driver/Src/stm32f4xx_hal_rcc.o
LOAD ./Drivers/STM32F4xx_HAL_Driver/Src/stm32f4xx_hal_rcc_ex.o
LOAD ./Drivers/STM32F4xx_HAL_Driver/Src/stm32f4xx_hal_sd.o
LOAD ./Drivers/STM32F4xx_HAL_Driver/Src/stm32f4xx_hal_tim.o
LOAD ./Drivers/STM32F4xx_HAL_Driver/Src/stm32f4xx_hal_tim_ex.o
LOAD ./Drivers/STM32F4xx_HAL_Driver/Src/stm32f4xx_hal_uart.o
LOAD ./Drivers/STM32F4xx_HAL_Driver/Src/stm32f4xx_ll_sdmmc.o
LOAD ./FATFS/App/fatfs.o
LOAD ./FATFS/Target/bsp_driver_sd.o
LOAD ./FATFS/Target/sd_diskio.o
LOAD ./Middlewares/Third_Party/FatFs/src/diskio.o
LOAD ./Middlewares/Third_Party/FatFs/src/ff.o
LOAD ./Middlewares/Third_Party/FatFs/src/ff_gen_drv.o
LOAD ./Middlewares/Third_Party/FatFs/src/option/syscall.o
START GROUP
LOAD c:/st/stm32cubeide_1.8.0/stm32cubeide/plugins/com.st.stm32cube.ide.mcu.externaltools.gnu-tools-for-stm32.9-2020-q2-update.win32_2.0.0.202105311346/tools/bin/../lib/gcc/arm-none-eabi/9.3.1/../../../../arm-none-eabi/lib/thumb/v7e-m+fp/hard\libc_nano.a
LOAD c:/st/stm32cubeide_1.8.0/stm32cubeide/plugins/com.st.stm32cube.ide.mcu.externaltools.gnu-tools-for-stm32.9-2020-q2-update.win32_2.0.0.202105311346/tools/bin/../lib/gcc/arm-none-eabi/9.3.1/../../../../arm-none-eabi/lib/thumb/v7e-m+fp/hard\libm.a
END GROUP
START GROUP
LOAD c:/st/stm32cubeide_1.8.0/stm32cubeide/plugins/com.st.stm32cube.ide.mcu.externaltools.gnu-tools-for-stm32.9-2020-q2-update.win32_2.0.0.202105311346/tools/bin/../lib/gcc/arm-none-eabi/9.3.1/thumb/v7e-m+fp/hard\libgcc.a
LOAD c:/st/stm32cubeide_1.8.0/stm32cubeide/plugins/com.st.stm32cube.ide.mcu.externaltools.gnu-tools-for-stm32.9-2020-q2-update.win32_2.0.0.202105311346/tools/bin/../lib/gcc/arm-none-eabi/9.3.1/../../../../arm-none-eabi/lib/thumb/v7e-m+fp/hard\libc_nano.a
END GROUP
START GROUP
LOAD c:/st/stm32cubeide_1.8.0/stm32cubeide/plugins/com.st.stm32cube.ide.mcu.externaltools.gnu-tools-for-stm32.9-2020-q2-update.win32_2.0.0.202105311346/tools/bin/../lib/gcc/arm-none-eabi/9.3.1/thumb/v7e-m+fp/hard\libgcc.a
LOAD c:/st/stm32cubeide_1.8.0/stm32cubeide/plugins/com.st.stm32cube.ide.mcu.externaltools.gnu-tools-for-stm32.9-2020-q2-update.win32_2.0.0.202105311346/tools/bin/../lib/gcc/arm-none-eabi/9.3.1/../../../../arm-none-eabi/lib/thumb/v7e-m+fp/hard\libc_nano.a
LOAD c:/st/stm32cubeide_1.8.0/stm32cubeide/plugins/com.st.stm32cube.ide.mcu.externaltools.gnu-tools-for-stm32.9-2020-q2-update.win32_2.0.0.202105311346/tools/bin/../lib/gcc/arm-none-eabi/9.3.1/../../../../arm-none-eabi/lib/thumb/v7e-m+fp/hard\libnosys.a
END GROUP
START GROUP
LOAD c:/st/stm32cubeide_1.8.0/stm32cubeide/plugins/com.st.stm32cube.ide.mcu.externaltools.gnu-tools-for-stm32.9-2020-q2-update.win32_2.0.0.202105311346/tools/bin/../lib/gcc/arm-none-eabi/9.3.1/thumb/v7e-m+fp/hard\libgcc.a
LOAD c:/st/stm32cubeide_1.8.0/stm32cubeide/plugins/com.st.stm32cube.ide.mcu.externaltools.gnu-tools-for-stm32.9-2020-q2-update.win32_2.0.0.202105311346/tools/bin/../lib/gcc/arm-none-eabi/9.3.1/../../../../arm-none-eabi/lib/thumb/v7e-m+fp/hard\libc_nano.a
LOAD c:/st/stm32cubeide_1.8.0/stm32cubeide/plugins/com.st.stm32cube.ide.mcu.externaltools.gnu-tools-for-stm32.9-2020-q2-update.win32_2.0.0.202105311346/tools/bin/../lib/gcc/arm-none-eabi/9.3.1/../../../../arm-none-eabi/lib/thumb/v7e-m+fp/hard\libnosys.a
END GROUP
LOAD c:/st/stm32cubeide_1.8.0/stm32cubeide/plugins/com.st.stm32cube.ide.mcu.externaltools.gnu-tools-for-stm32.9-2020-q2-update.win32_2.0.0.202105311346/tools/bin/../lib/gcc/arm-none-eabi/9.3.1/thumb/v7e-m+fp/hard/crtend.o
LOAD c:/st/stm32cubeide_1.8.0/stm32cubeide/plugins/com.st.stm32cube.ide.mcu.externaltools.gnu-tools-for-stm32.9-2020-q2-update.win32_2.0.0.202105311346/tools/bin/../lib/gcc/arm-none-eabi/9.3.1/thumb/v7e-m+fp/hard/crtn.o
                0x0000000020020000                _estack = (ORIGIN (RAM) + LENGTH (RAM))
                0x0000000000000200                _Min_Heap_Size = 0x200
                0x0000000000000400                _Min_Stack_Size = 0x400

.isr_vector     0x0000000008000000      0x188
                0x0000000008000000                . = ALIGN (0x4)
 *(.isr_vector)
 .isr_vector    0x0000000008000000      0x188 ./Core/Startup/startup_stm32f407vgtx.o
                0x0000000008000000                g_pfnVectors
                0x0000000008000188                . = ALIGN (0x4)

.text           0x0000000008000190    0x1a0c8
                0x0000000008000190                . = ALIGN (0x4)
 *(.text)
 .text          0x0000000008000190       0x40 c:/st/stm32cubeide_1.8.0/stm32cubeide/plugins/com.st.stm32cube.ide.mcu.externaltools.gnu-tools-for-stm32.9-2020-q2-update.win32_2.0.0.202105311346/tools/bin/../lib/gcc/arm-none-eabi/9.3.1/thumb/v7e-m+fp/hard/crtbegin.o
 .text          0x00000000080001d0       0x10 c:/st/stm32cubeide_1.8.0/stm32cubeide/plugins/com.st.stm32cube.ide.mcu.externaltools.gnu-tools-for-stm32.9-2020-q2-update.win32_2.0.0.202105311346/tools/bin/../lib/gcc/arm-none-eabi/9.3.1/../../../../arm-none-eabi/lib/thumb/v7e-m+fp/hard\libc_nano.a(lib_a-strlen.o)
                0x00000000080001d0                strlen
 .text          0x00000000080001e0       0xa0 c:/st/stm32cubeide_1.8.0/stm32cubeide/plugins/com.st.stm32cube.ide.mcu.externaltools.gnu-tools-for-stm32.9-2020-q2-update.win32_2.0.0.202105311346/tools/bin/../lib/gcc/arm-none-eabi/9.3.1/../../../../arm-none-eabi/lib/thumb/v7e-m+fp/hard\libc_nano.a(lib_a-memchr.o)
                0x00000000080001e0                memchr
 .text          0x0000000008000280      0x378 c:/st/stm32cubeide_1.8.0/stm32cubeide/plugins/com.st.stm32cube.ide.mcu.externaltools.gnu-tools-for-stm32.9-2020-q2-update.win32_2.0.0.202105311346/tools/bin/../lib/gcc/arm-none-eabi/9.3.1/thumb/v7e-m+fp/hard\libgcc.a(_arm_addsubdf3.o)
                0x0000000008000280                __aeabi_drsub
                0x0000000008000288                __aeabi_dsub
                0x0000000008000288                __subdf3
                0x000000000800028c                __aeabi_dadd
                0x000000000800028c                __adddf3
                0x0000000008000504                __floatunsidf
                0x0000000008000504                __aeabi_ui2d
                0x0000000008000524                __floatsidf
                0x0000000008000524                __aeabi_i2d
                0x0000000008000548                __aeabi_f2d
                0x0000000008000548                __extendsfdf2
                0x000000000800058c                __floatundidf
                0x000000000800058c                __aeabi_ul2d
                0x000000000800059c                __floatdidf
                0x000000000800059c                __aeabi_l2d
 .text          0x00000000080005f8      0x424 c:/st/stm32cubeide_1.8.0/stm32cubeide/plugins/com.st.stm32cube.ide.mcu.externaltools.gnu-tools-for-stm32.9-2020-q2-update.win32_2.0.0.202105311346/tools/bin/../lib/gcc/arm-none-eabi/9.3.1/thumb/v7e-m+fp/hard\libgcc.a(_arm_muldivdf3.o)
                0x00000000080005f8                __aeabi_dmul
                0x00000000080005f8                __muldf3
                0x000000000800084c                __divdf3
                0x000000000800084c                __aeabi_ddiv
 .text          0x0000000008000a1c      0x110 c:/st/stm32cubeide_1.8.0/stm32cubeide/plugins/com.st.stm32cube.ide.mcu.externaltools.gnu-tools-for-stm32.9-2020-q2-update.win32_2.0.0.202105311346/tools/bin/../lib/gcc/arm-none-eabi/9.3.1/thumb/v7e-m+fp/hard\libgcc.a(_arm_cmpdf2.o)
                0x0000000008000a1c                __gtdf2
                0x0000000008000a1c                __gedf2
                0x0000000008000a24                __ltdf2
                0x0000000008000a24                __ledf2
                0x0000000008000a2c                __nedf2
                0x0000000008000a2c                __eqdf2
                0x0000000008000a2c                __cmpdf2
                0x0000000008000aa8                __aeabi_cdrcmple
                0x0000000008000ab8                __aeabi_cdcmpeq
                0x0000000008000ab8                __aeabi_cdcmple
                0x0000000008000ac8                __aeabi_dcmpeq
                0x0000000008000adc                __aeabi_dcmplt
                0x0000000008000af0                __aeabi_dcmple
                0x0000000008000b04                __aeabi_dcmpge
                0x0000000008000b18                __aeabi_dcmpgt
 .text          0x0000000008000b2c       0x2c c:/st/stm32cubeide_1.8.0/stm32cubeide/plugins/com.st.stm32cube.ide.mcu.externaltools.gnu-tools-for-stm32.9-2020-q2-update.win32_2.0.0.202105311346/tools/bin/../lib/gcc/arm-none-eabi/9.3.1/thumb/v7e-m+fp/hard\libgcc.a(_arm_unorddf2.o)
                0x0000000008000b2c                __unorddf2
                0x0000000008000b2c                __aeabi_dcmpun
 .text          0x0000000008000b58       0x50 c:/st/stm32cubeide_1.8.0/stm32cubeide/plugins/com.st.stm32cube.ide.mcu.externaltools.gnu-tools-for-stm32.9-2020-q2-update.win32_2.0.0.202105311346/tools/bin/../lib/gcc/arm-none-eabi/9.3.1/thumb/v7e-m+fp/hard\libgcc.a(_arm_fixdfsi.o)
                0x0000000008000b58                __aeabi_d2iz
                0x0000000008000b58                __fixdfsi
 .text          0x0000000008000ba8       0x30 c:/st/stm32cubeide_1.8.0/stm32cubeide/plugins/com.st.stm32cube.ide.mcu.externaltools.gnu-tools-for-stm32.9-2020-q2-update.win32_2.0.0.202105311346/tools/bin/../lib/gcc/arm-none-eabi/9.3.1/thumb/v7e-m+fp/hard\libgcc.a(_aeabi_uldivmod.o)
                0x0000000008000ba8                __aeabi_uldivmod
 .text          0x0000000008000bd8      0x2c4 c:/st/stm32cubeide_1.8.0/stm32cubeide/plugins/com.st.stm32cube.ide.mcu.externaltools.gnu-tools-for-stm32.9-2020-q2-update.win32_2.0.0.202105311346/tools/bin/../lib/gcc/arm-none-eabi/9.3.1/thumb/v7e-m+fp/hard\libgcc.a(_udivmoddi4.o)
                0x0000000008000bd8                __udivmoddi4
 .text          0x0000000008000e9c        0x4 c:/st/stm32cubeide_1.8.0/stm32cubeide/plugins/com.st.stm32cube.ide.mcu.externaltools.gnu-tools-for-stm32.9-2020-q2-update.win32_2.0.0.202105311346/tools/bin/../lib/gcc/arm-none-eabi/9.3.1/thumb/v7e-m+fp/hard\libgcc.a(_dvmd_tls.o)
                0x0000000008000e9c                __aeabi_idiv0
                0x0000000008000e9c                __aeabi_ldiv0
 *(.text*)
 .text.Chacha20_Xor
                0x0000000008000ea0       0x48 ./Core/Src/ChaCha20.o
                0x0000000008000ea0                Chacha20_Xor
 .text.ChaCha20_SetCell
                0x0000000008000ee8       0xc6 ./Core/Src/ChaCha20.o
                0x0000000008000ee8                ChaCha20_SetCell
 .text.ChaCha20_Round
                0x0000000008000fae      0x44e ./Core/Src/ChaCha20.o
                0x0000000008000fae                ChaCha20_Round
 .text.ChaCha20_FinalXor
                0x00000000080013fc       0x90 ./Core/Src/ChaCha20.o
                0x00000000080013fc                ChaCha20_FinalXor
 .text.load_3   0x000000000800148c       0x82 ./Core/Src/fe.o
 .text.load_4   0x000000000800150e       0xa8 ./Core/Src/fe.o
 .text.fe_0     0x00000000080015b6       0x62 ./Core/Src/fe.o
                0x00000000080015b6                fe_0
 .text.fe_1     0x0000000008001618       0x62 ./Core/Src/fe.o
                0x0000000008001618                fe_1
 .text.fe_add   0x000000000800167a      0x136 ./Core/Src/fe.o
                0x000000000800167a                fe_add
 .text.fe_copy  0x00000000080017b0       0xa0 ./Core/Src/fe.o
                0x00000000080017b0                fe_copy
 .text.fe_frombytes
                0x0000000008001850      0x6bc ./Core/Src/fe.o
                0x0000000008001850                fe_frombytes
 .text.fe_invert
                0x0000000008001f0c      0x34e ./Core/Src/fe.o
                0x0000000008001f0c                fe_invert
 .text.fe_isnegative
                0x000000000800225a       0x22 ./Core/Src/fe.o
                0x000000000800225a                fe_isnegative
 .text.fe_isnonzero
                0x000000000800227c      0x1bc ./Core/Src/fe.o
                0x000000000800227c                fe_isnonzero
 .text.fe_mul   0x0000000008002438     0x29f6 ./Core/Src/fe.o
                0x0000000008002438                fe_mul
 .text.fe_neg   0x0000000008004e2e       0xdc ./Core/Src/fe.o
                0x0000000008004e2e                fe_neg
 .text.fe_pow22523
                0x0000000008004f0a      0x34c ./Core/Src/fe.o
                0x0000000008004f0a                fe_pow22523
 .text.fe_sq    0x0000000008005256     0x179e ./Core/Src/fe.o
                0x0000000008005256                fe_sq
 .text.fe_sq2   0x00000000080069f4     0x1908 ./Core/Src/fe.o
                0x00000000080069f4                fe_sq2
 .text.fe_sub   0x00000000080082fc      0x136 ./Core/Src/fe.o
                0x00000000080082fc                fe_sub
 .text.fe_tobytes
                0x0000000008008432      0x39e ./Core/Src/fe.o
                0x0000000008008432                fe_tobytes
 .text.ge_add   0x00000000080087d0       0xe2 ./Core/Src/ge.o
                0x00000000080087d0                ge_add
 .text.slide    0x00000000080088b2      0x1b8 ./Core/Src/ge.o
 *fill*         0x0000000008008a6a        0x2 
 .text.ge_double_scalarmult_vartime
                0x0000000008008a6c      0x3e0 ./Core/Src/ge.o
                0x0000000008008a6c                ge_double_scalarmult_vartime
 .text.ge_frombytes_negate_vartime
                0x0000000008008e4c      0x19c ./Core/Src/ge.o
                0x0000000008008e4c                ge_frombytes_negate_vartime
 .text.ge_madd  0x0000000008008fe8       0xd8 ./Core/Src/ge.o
                0x0000000008008fe8                ge_madd
 .text.ge_msub  0x00000000080090c0       0xd8 ./Core/Src/ge.o
                0x00000000080090c0                ge_msub
 .text.ge_p1p1_to_p2
                0x0000000008009198       0x4c ./Core/Src/ge.o
                0x0000000008009198                ge_p1p1_to_p2
 .text.ge_p1p1_to_p3
                0x00000000080091e4       0x5e ./Core/Src/ge.o
                0x00000000080091e4                ge_p1p1_to_p3
 .text.ge_p2_0  0x0000000008009242       0x2c ./Core/Src/ge.o
                0x0000000008009242                ge_p2_0
 .text.ge_p2_dbl
                0x000000000800926e       0xb2 ./Core/Src/ge.o
                0x000000000800926e                ge_p2_dbl
 .text.ge_p3_dbl
                0x0000000008009320       0x2a ./Core/Src/ge.o
                0x0000000008009320                ge_p3_dbl
 *fill*         0x000000000800934a        0x2 
 .text.ge_p3_to_cached
                0x000000000800934c       0x5c ./Core/Src/ge.o
                0x000000000800934c                ge_p3_to_cached
 .text.ge_p3_to_p2
                0x00000000080093a8       0x42 ./Core/Src/ge.o
                0x00000000080093a8                ge_p3_to_p2
 .text.ge_sub   0x00000000080093ea       0xe2 ./Core/Src/ge.o
                0x00000000080093ea                ge_sub
 .text.ge_tobytes
                0x00000000080094cc       0x78 ./Core/Src/ge.o
                0x00000000080094cc                ge_tobytes
 .text.goto_application
                0x0000000008009544       0x1c ./Core/Src/main.o
 .text.sd_init  0x0000000008009560       0x18 ./Core/Src/main.o
                0x0000000008009560                sd_init
 .text.sd_mount
                0x0000000008009578       0x20 ./Core/Src/main.o
                0x0000000008009578                sd_mount
 .text.sd_open  0x0000000008009598       0x24 ./Core/Src/main.o
                0x0000000008009598                sd_open
 .text.sd_read  0x00000000080095bc       0x28 ./Core/Src/main.o
                0x00000000080095bc                sd_read
 .text.sd_close
                0x00000000080095e4       0x16 ./Core/Src/main.o
                0x00000000080095e4                sd_close
 .text.store_into_flash
                0x00000000080095fa       0x4a ./Core/Src/main.o
                0x00000000080095fa                store_into_flash
 .text.init_flash
                0x0000000008009644       0x7a ./Core/Src/main.o
                0x0000000008009644                init_flash
 *fill*         0x00000000080096be        0x2 
 .text.read_file_and_store_into_flash
                0x00000000080096c0      0x278 ./Core/Src/main.o
                0x00000000080096c0                read_file_and_store_into_flash
 .text.read_chunk_data_in_flash
                0x0000000008009938       0x44 ./Core/Src/main.o
                0x0000000008009938                read_chunk_data_in_flash
 .text.tree_hash_on_flash
                0x000000000800997c      0x268 ./Core/Src/main.o
                0x000000000800997c                tree_hash_on_flash
 .text.read_reset_cause
                0x0000000008009be4       0x2c ./Core/Src/main.o
                0x0000000008009be4                read_reset_cause
 .text.main     0x0000000008009c10      0x2b4 ./Core/Src/main.o
                0x0000000008009c10                main
 .text.SystemClock_Config
                0x0000000008009ec4       0xd4 ./Core/Src/main.o
                0x0000000008009ec4                SystemClock_Config
 .text.MX_SDIO_SD_Init
                0x0000000008009f98       0x40 ./Core/Src/main.o
 .text.MX_TIM1_Init
                0x0000000008009fd8       0xa4 ./Core/Src/main.o
 .text.MX_UART4_Init
                0x000000000800a07c       0x54 ./Core/Src/main.o
 .text.MX_USART1_UART_Init
                0x000000000800a0d0       0x54 ./Core/Src/main.o
 .text.MX_USART2_UART_Init
                0x000000000800a124       0x54 ./Core/Src/main.o
 .text.MX_GPIO_Init
                0x000000000800a178       0xc0 ./Core/Src/main.o
 .text.Error_Handler
                0x000000000800a238        0xa ./Core/Src/main.o
                0x000000000800a238                Error_Handler
 .text.load_3   0x000000000800a242       0x82 ./Core/Src/sc.o
 .text.load_4   0x000000000800a2c4       0xa8 ./Core/Src/sc.o
 .text.sc_reduce
                0x000000000800a36c     0x3f2c ./Core/Src/sc.o
                0x000000000800a36c                sc_reduce
 .text.sha3_keccakf
                0x000000000800e298      0x45c ./Core/Src/sha3.o
                0x000000000800e298                sha3_keccakf
 .text.sha3_init
                0x000000000800e6f4       0x5c ./Core/Src/sha3.o
                0x000000000800e6f4                sha3_init
 .text.sha3_update
                0x000000000800e750       0x6c ./Core/Src/sha3.o
                0x000000000800e750                sha3_update
 .text.sha3_final
                0x000000000800e7bc       0x7e ./Core/Src/sha3.o
                0x000000000800e7bc                sha3_final
 .text.sha3     0x000000000800e83a       0x3e ./Core/Src/sha3.o
                0x000000000800e83a                sha3
 .text.sha512_compress
                0x000000000800e878     0x1d5c ./Core/Src/sha512.o
 *fill*         0x00000000080105d4        0x4 
 .text.sha512_init
                0x00000000080105d8       0xd8 ./Core/Src/sha512.o
                0x00000000080105d8                sha512_init
 .text.sha512_update
                0x00000000080106b0      0x11a ./Core/Src/sha512.o
                0x00000000080106b0                sha512_update
 .text.sha512_final
                0x00000000080107ca      0x2ec ./Core/Src/sha512.o
                0x00000000080107ca                sha512_final
 *fill*         0x0000000008010ab6        0x2 
 .text.HAL_MspInit
                0x0000000008010ab8       0x50 ./Core/Src/stm32f4xx_hal_msp.o
                0x0000000008010ab8                HAL_MspInit
 .text.HAL_SD_MspInit
                0x0000000008010b08       0xd0 ./Core/Src/stm32f4xx_hal_msp.o
                0x0000000008010b08                HAL_SD_MspInit
 .text.HAL_TIM_Base_MspInit
                0x0000000008010bd8       0x44 ./Core/Src/stm32f4xx_hal_msp.o
                0x0000000008010bd8                HAL_TIM_Base_MspInit
 .text.HAL_UART_MspInit
                0x0000000008010c1c      0x160 ./Core/Src/stm32f4xx_hal_msp.o
                0x0000000008010c1c                HAL_UART_MspInit
 .text.NMI_Handler
                0x0000000008010d7c        0x6 ./Core/Src/stm32f4xx_it.o
                0x0000000008010d7c                NMI_Handler
 .text.HardFault_Handler
                0x0000000008010d82        0x6 ./Core/Src/stm32f4xx_it.o
                0x0000000008010d82                HardFault_Handler
 .text.MemManage_Handler
                0x0000000008010d88        0x6 ./Core/Src/stm32f4xx_it.o
                0x0000000008010d88                MemManage_Handler
 .text.BusFault_Handler
                0x0000000008010d8e        0x6 ./Core/Src/stm32f4xx_it.o
                0x0000000008010d8e                BusFault_Handler
 .text.UsageFault_Handler
                0x0000000008010d94        0x6 ./Core/Src/stm32f4xx_it.o
                0x0000000008010d94                UsageFault_Handler
 .text.SVC_Handler
                0x0000000008010d9a        0xe ./Core/Src/stm32f4xx_it.o
                0x0000000008010d9a                SVC_Handler
 .text.DebugMon_Handler
                0x0000000008010da8        0xe ./Core/Src/stm32f4xx_it.o
                0x0000000008010da8                DebugMon_Handler
 .text.PendSV_Handler
                0x0000000008010db6        0xe ./Core/Src/stm32f4xx_it.o
                0x0000000008010db6                PendSV_Handler
 .text.SysTick_Handler
                0x0000000008010dc4        0xc ./Core/Src/stm32f4xx_it.o
                0x0000000008010dc4                SysTick_Handler
 .text._getpid  0x0000000008010dd0       0x10 ./Core/Src/syscalls.o
                0x0000000008010dd0                _getpid
 .text._kill    0x0000000008010de0       0x20 ./Core/Src/syscalls.o
                0x0000000008010de0                _kill
 .text._exit    0x0000000008010e00       0x14 ./Core/Src/syscalls.o
                0x0000000008010e00                _exit
 .text._read    0x0000000008010e14       0x3a ./Core/Src/syscalls.o
                0x0000000008010e14                _read
 .text._write   0x0000000008010e4e       0x38 ./Core/Src/syscalls.o
                0x0000000008010e4e                _write
 .text._close   0x0000000008010e86       0x18 ./Core/Src/syscalls.o
                0x0000000008010e86                _close
 .text._fstat   0x0000000008010e9e       0x20 ./Core/Src/syscalls.o
                0x0000000008010e9e                _fstat
 .text._isatty  0x0000000008010ebe       0x16 ./Core/Src/syscalls.o
                0x0000000008010ebe                _isatty
 .text._lseek   0x0000000008010ed4       0x1a ./Core/Src/syscalls.o
                0x0000000008010ed4                _lseek
 *fill*         0x0000000008010eee        0x2 
 .text._sbrk    0x0000000008010ef0       0x6c ./Core/Src/sysmem.o
                0x0000000008010ef0                _sbrk
 .text.SystemInit
                0x0000000008010f5c       0x24 ./Core/Src/system_stm32f4xx.o
                0x0000000008010f5c                SystemInit
 .text.consttime_equal
                0x0000000008010f80      0x2dc ./Core/Src/verify.o
 .text.ed25519_verify
                0x000000000801125c       0xfc ./Core/Src/verify.o
                0x000000000801125c                ed25519_verify
 .text.Reset_Handler
                0x0000000008011358       0x50 ./Core/Startup/startup_stm32f407vgtx.o
                0x0000000008011358                Reset_Handler
 .text.Default_Handler
                0x00000000080113a8        0x2 ./Core/Startup/startup_stm32f407vgtx.o
                0x00000000080113a8                RTC_Alarm_IRQHandler
                0x00000000080113a8                HASH_RNG_IRQHandler
                0x00000000080113a8                EXTI2_IRQHandler
                0x00000000080113a8                TIM8_CC_IRQHandler
                0x00000000080113a8                TIM1_CC_IRQHandler
                0x00000000080113a8                DMA2_Stream5_IRQHandler
                0x00000000080113a8                DMA1_Stream5_IRQHandler
                0x00000000080113a8                PVD_IRQHandler
                0x00000000080113a8                SDIO_IRQHandler
                0x00000000080113a8                TAMP_STAMP_IRQHandler
                0x00000000080113a8                CAN2_RX1_IRQHandler
                0x00000000080113a8                EXTI3_IRQHandler
                0x00000000080113a8                TIM8_TRG_COM_TIM14_IRQHandler
                0x00000000080113a8                TIM1_UP_TIM10_IRQHandler
                0x00000000080113a8                TIM8_UP_TIM13_IRQHandler
                0x00000000080113a8                I2C3_ER_IRQHandler
                0x00000000080113a8                EXTI0_IRQHandler
                0x00000000080113a8                I2C2_EV_IRQHandler
                0x00000000080113a8                DMA1_Stream2_IRQHandler
                0x00000000080113a8                CAN1_RX0_IRQHandler
                0x00000000080113a8                FPU_IRQHandler
                0x00000000080113a8                OTG_HS_WKUP_IRQHandler
                0x00000000080113a8                CAN2_SCE_IRQHandler
                0x00000000080113a8                DMA2_Stream2_IRQHandler
                0x00000000080113a8                SPI1_IRQHandler
                0x00000000080113a8                TIM6_DAC_IRQHandler
                0x00000000080113a8                TIM1_BRK_TIM9_IRQHandler
                0x00000000080113a8                DCMI_IRQHandler
                0x00000000080113a8                CAN2_RX0_IRQHandler
                0x00000000080113a8                DMA2_Stream3_IRQHandler
                0x00000000080113a8                USART6_IRQHandler
                0x00000000080113a8                USART3_IRQHandler
                0x00000000080113a8                CAN1_RX1_IRQHandler
                0x00000000080113a8                UART5_IRQHandler
                0x00000000080113a8                DMA2_Stream0_IRQHandler
                0x00000000080113a8                TIM4_IRQHandler
                0x00000000080113a8                I2C1_EV_IRQHandler
                0x00000000080113a8                DMA1_Stream6_IRQHandler
                0x00000000080113a8                DMA1_Stream1_IRQHandler
                0x00000000080113a8                UART4_IRQHandler
                0x00000000080113a8                TIM3_IRQHandler
                0x00000000080113a8                RCC_IRQHandler
                0x00000000080113a8                TIM8_BRK_TIM12_IRQHandler
                0x00000000080113a8                Default_Handler
                0x00000000080113a8                EXTI15_10_IRQHandler
                0x00000000080113a8                ADC_IRQHandler
                0x00000000080113a8                DMA1_Stream7_IRQHandler
                0x00000000080113a8                TIM7_IRQHandler
                0x00000000080113a8                CAN2_TX_IRQHandler
                0x00000000080113a8                TIM5_IRQHandler
                0x00000000080113a8                DMA2_Stream7_IRQHandler
                0x00000000080113a8                I2C3_EV_IRQHandler
                0x00000000080113a8                EXTI9_5_IRQHandler
                0x00000000080113a8                RTC_WKUP_IRQHandler
                0x00000000080113a8                ETH_WKUP_IRQHandler
                0x00000000080113a8                SPI2_IRQHandler
                0x00000000080113a8                OTG_HS_EP1_IN_IRQHandler
                0x00000000080113a8                DMA1_Stream0_IRQHandler
                0x00000000080113a8                CAN1_TX_IRQHandler
                0x00000000080113a8                EXTI4_IRQHandler
                0x00000000080113a8                FSMC_IRQHandler
                0x00000000080113a8                ETH_IRQHandler
                0x00000000080113a8                OTG_HS_EP1_OUT_IRQHandler
                0x00000000080113a8                WWDG_IRQHandler
                0x00000000080113a8                TIM2_IRQHandler
                0x00000000080113a8                OTG_FS_WKUP_IRQHandler
                0x00000000080113a8                TIM1_TRG_COM_TIM11_IRQHandler
                0x00000000080113a8                OTG_HS_IRQHandler
                0x00000000080113a8                EXTI1_IRQHandler
                0x00000000080113a8                USART2_IRQHandler
                0x00000000080113a8                I2C2_ER_IRQHandler
                0x00000000080113a8                DMA2_Stream1_IRQHandler
                0x00000000080113a8                CAN1_SCE_IRQHandler
                0x00000000080113a8                FLASH_IRQHandler
                0x00000000080113a8                DMA2_Stream4_IRQHandler
                0x00000000080113a8                USART1_IRQHandler
                0x00000000080113a8                OTG_FS_IRQHandler
                0x00000000080113a8                SPI3_IRQHandler
                0x00000000080113a8                DMA1_Stream4_IRQHandler
                0x00000000080113a8                I2C1_ER_IRQHandler
                0x00000000080113a8                DMA2_Stream6_IRQHandler
                0x00000000080113a8                DMA1_Stream3_IRQHandler
 *fill*         0x00000000080113aa        0x2 
 .text.HAL_Init
                0x00000000080113ac       0x44 ./Drivers/STM32F4xx_HAL_Driver/Src/stm32f4xx_hal.o
                0x00000000080113ac                HAL_Init
 .text.HAL_InitTick
                0x00000000080113f0       0x60 ./Drivers/STM32F4xx_HAL_Driver/Src/stm32f4xx_hal.o
                0x00000000080113f0                HAL_InitTick
 .text.HAL_IncTick
                0x0000000008011450       0x28 ./Drivers/STM32F4xx_HAL_Driver/Src/stm32f4xx_hal.o
                0x0000000008011450                HAL_IncTick
 .text.HAL_GetTick
                0x0000000008011478       0x18 ./Drivers/STM32F4xx_HAL_Driver/Src/stm32f4xx_hal.o
                0x0000000008011478                HAL_GetTick
 .text.HAL_Delay
                0x0000000008011490       0x48 ./Drivers/STM32F4xx_HAL_Driver/Src/stm32f4xx_hal.o
                0x0000000008011490                HAL_Delay
 .text.__NVIC_SetPriorityGrouping
                0x00000000080114d8       0x48 ./Drivers/STM32F4xx_HAL_Driver/Src/stm32f4xx_hal_cortex.o
 .text.__NVIC_GetPriorityGrouping
                0x0000000008011520       0x1c ./Drivers/STM32F4xx_HAL_Driver/Src/stm32f4xx_hal_cortex.o
 .text.__NVIC_SetPriority
                0x000000000801153c       0x54 ./Drivers/STM32F4xx_HAL_Driver/Src/stm32f4xx_hal_cortex.o
 .text.NVIC_EncodePriority
                0x0000000008011590       0x66 ./Drivers/STM32F4xx_HAL_Driver/Src/stm32f4xx_hal_cortex.o
 *fill*         0x00000000080115f6        0x2 
 .text.SysTick_Config
                0x00000000080115f8       0x44 ./Drivers/STM32F4xx_HAL_Driver/Src/stm32f4xx_hal_cortex.o
 .text.HAL_NVIC_SetPriorityGrouping
                0x000000000801163c       0x16 ./Drivers/STM32F4xx_HAL_Driver/Src/stm32f4xx_hal_cortex.o
                0x000000000801163c                HAL_NVIC_SetPriorityGrouping
 .text.HAL_NVIC_SetPriority
                0x0000000008011652       0x38 ./Drivers/STM32F4xx_HAL_Driver/Src/stm32f4xx_hal_cortex.o
                0x0000000008011652                HAL_NVIC_SetPriority
 .text.HAL_SYSTICK_Config
                0x000000000801168a       0x18 ./Drivers/STM32F4xx_HAL_Driver/Src/stm32f4xx_hal_cortex.o
                0x000000000801168a                HAL_SYSTICK_Config
 *fill*         0x00000000080116a2        0x2 
 .text.HAL_FLASH_Program
                0x00000000080116a4       0xa8 ./Drivers/STM32F4xx_HAL_Driver/Src/stm32f4xx_hal_flash.o
                0x00000000080116a4                HAL_FLASH_Program
 .text.HAL_FLASH_Unlock
                0x000000000801174c       0x44 ./Drivers/STM32F4xx_HAL_Driver/Src/stm32f4xx_hal_flash.o
                0x000000000801174c                HAL_FLASH_Unlock
 .text.HAL_FLASH_Lock
                0x0000000008011790       0x20 ./Drivers/STM32F4xx_HAL_Driver/Src/stm32f4xx_hal_flash.o
                0x0000000008011790                HAL_FLASH_Lock
 .text.FLASH_WaitForLastOperation
                0x00000000080117b0       0x80 ./Drivers/STM32F4xx_HAL_Driver/Src/stm32f4xx_hal_flash.o
                0x00000000080117b0                FLASH_WaitForLastOperation
 .text.FLASH_Program_DoubleWord
                0x0000000008011830       0x64 ./Drivers/STM32F4xx_HAL_Driver/Src/stm32f4xx_hal_flash.o
 .text.FLASH_Program_Word
                0x0000000008011894       0x44 ./Drivers/STM32F4xx_HAL_Driver/Src/stm32f4xx_hal_flash.o
 .text.FLASH_Program_HalfWord
                0x00000000080118d8       0x48 ./Drivers/STM32F4xx_HAL_Driver/Src/stm32f4xx_hal_flash.o
 .text.FLASH_Program_Byte
                0x0000000008011920       0x44 ./Drivers/STM32F4xx_HAL_Driver/Src/stm32f4xx_hal_flash.o
 .text.FLASH_SetErrorCode
                0x0000000008011964       0xac ./Drivers/STM32F4xx_HAL_Driver/Src/stm32f4xx_hal_flash.o
 .text.HAL_FLASHEx_Erase
                0x0000000008011a10       0xe0 ./Drivers/STM32F4xx_HAL_Driver/Src/stm32f4xx_hal_flash_ex.o
                0x0000000008011a10                HAL_FLASHEx_Erase
 .text.FLASH_MassErase
                0x0000000008011af0       0x48 ./Drivers/STM32F4xx_HAL_Driver/Src/stm32f4xx_hal_flash_ex.o
 .text.FLASH_Erase_Sector
                0x0000000008011b38       0x90 ./Drivers/STM32F4xx_HAL_Driver/Src/stm32f4xx_hal_flash_ex.o
                0x0000000008011b38                FLASH_Erase_Sector
 .text.FLASH_FlushCaches
                0x0000000008011bc8       0x8c ./Drivers/STM32F4xx_HAL_Driver/Src/stm32f4xx_hal_flash_ex.o
                0x0000000008011bc8                FLASH_FlushCaches
 .text.HAL_GPIO_Init
                0x0000000008011c54      0x338 ./Drivers/STM32F4xx_HAL_Driver/Src/stm32f4xx_hal_gpio.o
                0x0000000008011c54                HAL_GPIO_Init
 .text.HAL_GPIO_WritePin
                0x0000000008011f8c       0x32 ./Drivers/STM32F4xx_HAL_Driver/Src/stm32f4xx_hal_gpio.o
                0x0000000008011f8c                HAL_GPIO_WritePin
 *fill*         0x0000000008011fbe        0x2 
 .text.HAL_RCC_OscConfig
                0x0000000008011fc0      0x4f0 ./Drivers/STM32F4xx_HAL_Driver/Src/stm32f4xx_hal_rcc.o
                0x0000000008011fc0                HAL_RCC_OscConfig
 .text.HAL_RCC_ClockConfig
                0x00000000080124b0      0x1cc ./Drivers/STM32F4xx_HAL_Driver/Src/stm32f4xx_hal_rcc.o
                0x00000000080124b0                HAL_RCC_ClockConfig
 .text.HAL_RCC_GetSysClockFreq
                0x000000000801267c      0x1c4 ./Drivers/STM32F4xx_HAL_Driver/Src/stm32f4xx_hal_rcc.o
                0x000000000801267c                HAL_RCC_GetSysClockFreq
 .text.HAL_RCC_GetHCLKFreq
                0x0000000008012840       0x18 ./Drivers/STM32F4xx_HAL_Driver/Src/stm32f4xx_hal_rcc.o
                0x0000000008012840                HAL_RCC_GetHCLKFreq
 .text.HAL_RCC_GetPCLK1Freq
                0x0000000008012858       0x28 ./Drivers/STM32F4xx_HAL_Driver/Src/stm32f4xx_hal_rcc.o
                0x0000000008012858                HAL_RCC_GetPCLK1Freq
 .text.HAL_RCC_GetPCLK2Freq
                0x0000000008012880       0x28 ./Drivers/STM32F4xx_HAL_Driver/Src/stm32f4xx_hal_rcc.o
                0x0000000008012880                HAL_RCC_GetPCLK2Freq
 .text.HAL_SD_Init
                0x00000000080128a8       0x60 ./Drivers/STM32F4xx_HAL_Driver/Src/stm32f4xx_hal_sd.o
                0x00000000080128a8                HAL_SD_Init
 .text.HAL_SD_InitCard
                0x0000000008012908       0xfc ./Drivers/STM32F4xx_HAL_Driver/Src/stm32f4xx_hal_sd.o
                0x0000000008012908                HAL_SD_InitCard
 .text.HAL_SD_ReadBlocks
                0x0000000008012a04      0x3bc ./Drivers/STM32F4xx_HAL_Driver/Src/stm32f4xx_hal_sd.o
                0x0000000008012a04                HAL_SD_ReadBlocks
 .text.HAL_SD_WriteBlocks
                0x0000000008012dc0      0x30c ./Drivers/STM32F4xx_HAL_Driver/Src/stm32f4xx_hal_sd.o
                0x0000000008012dc0                HAL_SD_WriteBlocks
 .text.HAL_SD_GetCardCSD
                0x00000000080130cc      0x348 ./Drivers/STM32F4xx_HAL_Driver/Src/stm32f4xx_hal_sd.o
                0x00000000080130cc                HAL_SD_GetCardCSD
 .text.HAL_SD_GetCardInfo
                0x0000000008013414       0x58 ./Drivers/STM32F4xx_HAL_Driver/Src/stm32f4xx_hal_sd.o
                0x0000000008013414                HAL_SD_GetCardInfo
 .text.HAL_SD_GetCardState
                0x000000000801346c       0x40 ./Drivers/STM32F4xx_HAL_Driver/Src/stm32f4xx_hal_sd.o
                0x000000000801346c                HAL_SD_GetCardState
 .text.SD_InitCard
                0x00000000080134ac      0x198 ./Drivers/STM32F4xx_HAL_Driver/Src/stm32f4xx_hal_sd.o
 .text.SD_PowerON
                0x0000000008013644      0x11c ./Drivers/STM32F4xx_HAL_Driver/Src/stm32f4xx_hal_sd.o
 .text.SD_SendStatus
                0x0000000008013760       0x50 ./Drivers/STM32F4xx_HAL_Driver/Src/stm32f4xx_hal_sd.o
 .text.HAL_TIM_Base_Init
                0x00000000080137b0       0x9e ./Drivers/STM32F4xx_HAL_Driver/Src/stm32f4xx_hal_tim.o
                0x00000000080137b0                HAL_TIM_Base_Init
 *fill*         0x000000000801384e        0x2 
 .text.HAL_TIM_Base_Start
                0x0000000008013850       0xd0 ./Drivers/STM32F4xx_HAL_Driver/Src/stm32f4xx_hal_tim.o
                0x0000000008013850                HAL_TIM_Base_Start
 .text.HAL_TIM_ConfigClockSource
                0x0000000008013920      0x18e ./Drivers/STM32F4xx_HAL_Driver/Src/stm32f4xx_hal_tim.o
                0x0000000008013920                HAL_TIM_ConfigClockSource
 *fill*         0x0000000008013aae        0x2 
 .text.TIM_Base_SetConfig
                0x0000000008013ab0      0x140 ./Drivers/STM32F4xx_HAL_Driver/Src/stm32f4xx_hal_tim.o
                0x0000000008013ab0                TIM_Base_SetConfig
 .text.TIM_TI1_ConfigInputStage
                0x0000000008013bf0       0x5e ./Drivers/STM32F4xx_HAL_Driver/Src/stm32f4xx_hal_tim.o
 .text.TIM_TI2_ConfigInputStage
                0x0000000008013c4e       0x60 ./Drivers/STM32F4xx_HAL_Driver/Src/stm32f4xx_hal_tim.o
 .text.TIM_ITRx_SetConfig
                0x0000000008013cae       0x36 ./Drivers/STM32F4xx_HAL_Driver/Src/stm32f4xx_hal_tim.o
 .text.TIM_ETR_SetConfig
                0x0000000008013ce4       0x40 ./Drivers/STM32F4xx_HAL_Driver/Src/stm32f4xx_hal_tim.o
                0x0000000008013ce4                TIM_ETR_SetConfig
 .text.HAL_TIMEx_MasterConfigSynchronization
                0x0000000008013d24       0xf8 ./Drivers/STM32F4xx_HAL_Driver/Src/stm32f4xx_hal_tim_ex.o
                0x0000000008013d24                HAL_TIMEx_MasterConfigSynchronization
 .text.HAL_UART_Init
                0x0000000008013e1c       0x9a ./Drivers/STM32F4xx_HAL_Driver/Src/stm32f4xx_hal_uart.o
                0x0000000008013e1c                HAL_UART_Init
 .text.HAL_UART_Transmit
                0x0000000008013eb6      0x124 ./Drivers/STM32F4xx_HAL_Driver/Src/stm32f4xx_hal_uart.o
                0x0000000008013eb6                HAL_UART_Transmit
 .text.UART_WaitOnFlagUntilTimeout
                0x0000000008013fda       0xdc ./Drivers/STM32F4xx_HAL_Driver/Src/stm32f4xx_hal_uart.o
 *fill*         0x00000000080140b6        0x2 
 .text.UART_SetConfig
                0x00000000080140b8      0x390 ./Drivers/STM32F4xx_HAL_Driver/Src/stm32f4xx_hal_uart.o
 .text.SDIO_Init
                0x0000000008014448       0x56 ./Drivers/STM32F4xx_HAL_Driver/Src/stm32f4xx_ll_sdmmc.o
                0x0000000008014448                SDIO_Init
 .text.SDIO_ReadFIFO
                0x000000000801449e       0x1a ./Drivers/STM32F4xx_HAL_Driver/Src/stm32f4xx_ll_sdmmc.o
                0x000000000801449e                SDIO_ReadFIFO
 .text.SDIO_WriteFIFO
                0x00000000080144b8       0x22 ./Drivers/STM32F4xx_HAL_Driver/Src/stm32f4xx_ll_sdmmc.o
                0x00000000080144b8                SDIO_WriteFIFO
 .text.SDIO_PowerState_ON
                0x00000000080144da       0x1e ./Drivers/STM32F4xx_HAL_Driver/Src/stm32f4xx_ll_sdmmc.o
                0x00000000080144da                SDIO_PowerState_ON
 .text.SDIO_GetPowerState
                0x00000000080144f8       0x1c ./Drivers/STM32F4xx_HAL_Driver/Src/stm32f4xx_ll_sdmmc.o
                0x00000000080144f8                SDIO_GetPowerState
 .text.SDIO_SendCommand
                0x0000000008014514       0x54 ./Drivers/STM32F4xx_HAL_Driver/Src/stm32f4xx_ll_sdmmc.o
                0x0000000008014514                SDIO_SendCommand
 .text.SDIO_GetCommandResponse
                0x0000000008014568       0x1a ./Drivers/STM32F4xx_HAL_Driver/Src/stm32f4xx_ll_sdmmc.o
                0x0000000008014568                SDIO_GetCommandResponse
 .text.SDIO_GetResponse
                0x0000000008014582       0x26 ./Drivers/STM32F4xx_HAL_Driver/Src/stm32f4xx_ll_sdmmc.o
                0x0000000008014582                SDIO_GetResponse
 .text.SDIO_ConfigData
                0x00000000080145a8       0x58 ./Drivers/STM32F4xx_HAL_Driver/Src/stm32f4xx_ll_sdmmc.o
                0x00000000080145a8                SDIO_ConfigData
 .text.SDMMC_CmdBlockLength
                0x0000000008014600       0x44 ./Drivers/STM32F4xx_HAL_Driver/Src/stm32f4xx_ll_sdmmc.o
                0x0000000008014600                SDMMC_CmdBlockLength
 .text.SDMMC_CmdReadSingleBlock
                0x0000000008014644       0x44 ./Drivers/STM32F4xx_HAL_Driver/Src/stm32f4xx_ll_sdmmc.o
                0x0000000008014644                SDMMC_CmdReadSingleBlock
 .text.SDMMC_CmdReadMultiBlock
                0x0000000008014688       0x44 ./Drivers/STM32F4xx_HAL_Driver/Src/stm32f4xx_ll_sdmmc.o
                0x0000000008014688                SDMMC_CmdReadMultiBlock
 .text.SDMMC_CmdWriteSingleBlock
                0x00000000080146cc       0x44 ./Drivers/STM32F4xx_HAL_Driver/Src/stm32f4xx_ll_sdmmc.o
                0x00000000080146cc                SDMMC_CmdWriteSingleBlock
 .text.SDMMC_CmdWriteMultiBlock
                0x0000000008014710       0x44 ./Drivers/STM32F4xx_HAL_Driver/Src/stm32f4xx_ll_sdmmc.o
                0x0000000008014710                SDMMC_CmdWriteMultiBlock
 .text.SDMMC_CmdStopTransfer
                0x0000000008014754       0x44 ./Drivers/STM32F4xx_HAL_Driver/Src/stm32f4xx_ll_sdmmc.o
                0x0000000008014754                SDMMC_CmdStopTransfer
 .text.SDMMC_CmdSelDesel
                0x0000000008014798       0x46 ./Drivers/STM32F4xx_HAL_Driver/Src/stm32f4xx_ll_sdmmc.o
                0x0000000008014798                SDMMC_CmdSelDesel
 .text.SDMMC_CmdGoIdleState
                0x00000000080147de       0x3c ./Drivers/STM32F4xx_HAL_Driver/Src/stm32f4xx_ll_sdmmc.o
                0x00000000080147de                SDMMC_CmdGoIdleState
 .text.SDMMC_CmdOperCond
                0x000000000801481a       0x3e ./Drivers/STM32F4xx_HAL_Driver/Src/stm32f4xx_ll_sdmmc.o
                0x000000000801481a                SDMMC_CmdOperCond
 .text.SDMMC_CmdAppCommand
                0x0000000008014858       0x44 ./Drivers/STM32F4xx_HAL_Driver/Src/stm32f4xx_ll_sdmmc.o
                0x0000000008014858                SDMMC_CmdAppCommand
 .text.SDMMC_CmdAppOperCommand
                0x000000000801489c       0x46 ./Drivers/STM32F4xx_HAL_Driver/Src/stm32f4xx_ll_sdmmc.o
                0x000000000801489c                SDMMC_CmdAppOperCommand
 .text.SDMMC_CmdSendCID
                0x00000000080148e2       0x3c ./Drivers/STM32F4xx_HAL_Driver/Src/stm32f4xx_ll_sdmmc.o
                0x00000000080148e2                SDMMC_CmdSendCID
 .text.SDMMC_CmdSendCSD
                0x000000000801491e       0x3e ./Drivers/STM32F4xx_HAL_Driver/Src/stm32f4xx_ll_sdmmc.o
                0x000000000801491e                SDMMC_CmdSendCSD
 .text.SDMMC_CmdSetRelAdd
                0x000000000801495c       0x42 ./Drivers/STM32F4xx_HAL_Driver/Src/stm32f4xx_ll_sdmmc.o
                0x000000000801495c                SDMMC_CmdSetRelAdd
 .text.SDMMC_CmdSendStatus
                0x000000000801499e       0x44 ./Drivers/STM32F4xx_HAL_Driver/Src/stm32f4xx_ll_sdmmc.o
                0x000000000801499e                SDMMC_CmdSendStatus
 *fill*         0x00000000080149e2        0x2 
 .text.SDMMC_GetCmdError
                0x00000000080149e4       0x58 ./Drivers/STM32F4xx_HAL_Driver/Src/stm32f4xx_ll_sdmmc.o
 .text.SDMMC_GetCmdResp1
                0x0000000008014a3c      0x1dc ./Drivers/STM32F4xx_HAL_Driver/Src/stm32f4xx_ll_sdmmc.o
 .text.SDMMC_GetCmdResp2
                0x0000000008014c18       0x90 ./Drivers/STM32F4xx_HAL_Driver/Src/stm32f4xx_ll_sdmmc.o
 .text.SDMMC_GetCmdResp3
                0x0000000008014ca8       0x7c ./Drivers/STM32F4xx_HAL_Driver/Src/stm32f4xx_ll_sdmmc.o
 .text.SDMMC_GetCmdResp6
                0x0000000008014d24       0xec ./Drivers/STM32F4xx_HAL_Driver/Src/stm32f4xx_ll_sdmmc.o
 .text.SDMMC_GetCmdResp7
                0x0000000008014e10       0x9c ./Drivers/STM32F4xx_HAL_Driver/Src/stm32f4xx_ll_sdmmc.o
 .text.MX_FATFS_Init
                0x0000000008014eac       0x24 ./FATFS/App/fatfs.o
                0x0000000008014eac                MX_FATFS_Init
 .text.get_fattime
                0x0000000008014ed0       0x10 ./FATFS/App/fatfs.o
                0x0000000008014ed0                get_fattime
 .text.BSP_SD_Init
                0x0000000008014ee0       0x30 ./FATFS/Target/bsp_driver_sd.o
                0x0000000008014ee0                BSP_SD_Init
 .text.BSP_SD_ReadBlocks
                0x0000000008014f10       0x3c ./FATFS/Target/bsp_driver_sd.o
                0x0000000008014f10                BSP_SD_ReadBlocks
 .text.BSP_SD_WriteBlocks
                0x0000000008014f4c       0x3c ./FATFS/Target/bsp_driver_sd.o
                0x0000000008014f4c                BSP_SD_WriteBlocks
 .text.BSP_SD_GetCardState
                0x0000000008014f88       0x20 ./FATFS/Target/bsp_driver_sd.o
                0x0000000008014f88                BSP_SD_GetCardState
 .text.BSP_SD_GetCardInfo
                0x0000000008014fa8       0x1c ./FATFS/Target/bsp_driver_sd.o
                0x0000000008014fa8                BSP_SD_GetCardInfo
 .text.BSP_SD_IsDetected
                0x0000000008014fc4       0x1a ./FATFS/Target/bsp_driver_sd.o
                0x0000000008014fc4                BSP_SD_IsDetected
 *fill*         0x0000000008014fde        0x2 
 .text.SD_CheckStatus
                0x0000000008014fe0       0x3c ./FATFS/Target/sd_diskio.o
 .text.SD_initialize
                0x000000000801501c       0x3c ./FATFS/Target/sd_diskio.o
                0x000000000801501c                SD_initialize
 .text.SD_status
                0x0000000008015058       0x1c ./FATFS/Target/sd_diskio.o
                0x0000000008015058                SD_status
 .text.SD_read  0x0000000008015074       0x42 ./FATFS/Target/sd_diskio.o
                0x0000000008015074                SD_read
 .text.SD_write
                0x00000000080150b6       0x42 ./FATFS/Target/sd_diskio.o
                0x00000000080150b6                SD_write
 .text.SD_ioctl
                0x00000000080150f8       0xb0 ./FATFS/Target/sd_diskio.o
                0x00000000080150f8                SD_ioctl
 .text.disk_status
                0x00000000080151a8       0x34 ./Middlewares/Third_Party/FatFs/src/diskio.o
                0x00000000080151a8                disk_status
 .text.disk_initialize
                0x00000000080151dc       0x4c ./Middlewares/Third_Party/FatFs/src/diskio.o
                0x00000000080151dc                disk_initialize
 .text.disk_read
                0x0000000008015228       0x40 ./Middlewares/Third_Party/FatFs/src/diskio.o
                0x0000000008015228                disk_read
 .text.disk_write
                0x0000000008015268       0x40 ./Middlewares/Third_Party/FatFs/src/diskio.o
                0x0000000008015268                disk_write
 .text.disk_ioctl
                0x00000000080152a8       0x3c ./Middlewares/Third_Party/FatFs/src/diskio.o
                0x00000000080152a8                disk_ioctl
 .text.ld_word  0x00000000080152e4       0x30 ./Middlewares/Third_Party/FatFs/src/ff.o
 .text.ld_dword
                0x0000000008015314       0x46 ./Middlewares/Third_Party/FatFs/src/ff.o
 .text.st_word  0x000000000801535a       0x36 ./Middlewares/Third_Party/FatFs/src/ff.o
 .text.st_dword
                0x0000000008015390       0x58 ./Middlewares/Third_Party/FatFs/src/ff.o
 .text.mem_cpy  0x00000000080153e8       0x42 ./Middlewares/Third_Party/FatFs/src/ff.o
 .text.mem_set  0x000000000801542a       0x36 ./Middlewares/Third_Party/FatFs/src/ff.o
 .text.mem_cmp  0x0000000008015460       0x4e ./Middlewares/Third_Party/FatFs/src/ff.o
 .text.chk_chr  0x00000000080154ae       0x36 ./Middlewares/Third_Party/FatFs/src/ff.o
 .text.chk_lock
                0x00000000080154e4       0xb8 ./Middlewares/Third_Party/FatFs/src/ff.o
 .text.enq_lock
                0x000000000801559c       0x44 ./Middlewares/Third_Party/FatFs/src/ff.o
 .text.inc_lock
                0x00000000080155e0      0x11c ./Middlewares/Third_Party/FatFs/src/ff.o
 .text.dec_lock
                0x00000000080156fc       0x78 ./Middlewares/Third_Party/FatFs/src/ff.o
 .text.clear_lock
                0x0000000008015774       0x48 ./Middlewares/Third_Party/FatFs/src/ff.o
 .text.sync_window
                0x00000000080157bc       0x88 ./Middlewares/Third_Party/FatFs/src/ff.o
 .text.move_window
                0x0000000008015844       0x5a ./Middlewares/Third_Party/FatFs/src/ff.o
 *fill*         0x000000000801589e        0x2 
 .text.sync_fs  0x00000000080158a0       0xdc ./Middlewares/Third_Party/FatFs/src/ff.o
 .text.clust2sect
                0x000000000801597c       0x3e ./Middlewares/Third_Party/FatFs/src/ff.o
 .text.get_fat  0x00000000080159ba      0x150 ./Middlewares/Third_Party/FatFs/src/ff.o
 .text.put_fat  0x0000000008015b0a      0x1d8 ./Middlewares/Third_Party/FatFs/src/ff.o
 .text.remove_chain
                0x0000000008015ce2       0xca ./Middlewares/Third_Party/FatFs/src/ff.o
 .text.create_chain
                0x0000000008015dac      0x130 ./Middlewares/Third_Party/FatFs/src/ff.o
 .text.clmt_clust
                0x0000000008015edc       0x68 ./Middlewares/Third_Party/FatFs/src/ff.o
 .text.dir_sdi  0x0000000008015f44       0xf6 ./Middlewares/Third_Party/FatFs/src/ff.o
 .text.dir_next
                0x000000000801603a      0x18a ./Middlewares/Third_Party/FatFs/src/ff.o
 .text.dir_alloc
                0x00000000080161c4       0x8e ./Middlewares/Third_Party/FatFs/src/ff.o
 .text.ld_clust
                0x0000000008016252       0x3e ./Middlewares/Third_Party/FatFs/src/ff.o
 .text.st_clust
                0x0000000008016290       0x40 ./Middlewares/Third_Party/FatFs/src/ff.o
 .text.dir_find
                0x00000000080162d0       0xaa ./Middlewares/Third_Party/FatFs/src/ff.o
 .text.dir_register
                0x000000000801637a       0x64 ./Middlewares/Third_Party/FatFs/src/ff.o
 *fill*         0x00000000080163de        0x2 
 .text.create_name
                0x00000000080163e0      0x128 ./Middlewares/Third_Party/FatFs/src/ff.o
 .text.follow_path
                0x0000000008016508       0xe2 ./Middlewares/Third_Party/FatFs/src/ff.o
 .text.get_ldnumber
                0x00000000080165ea       0x88 ./Middlewares/Third_Party/FatFs/src/ff.o
 *fill*         0x0000000008016672        0x2 
 .text.check_fs
                0x0000000008016674       0xac ./Middlewares/Third_Party/FatFs/src/ff.o
 .text.find_volume
                0x0000000008016720      0x498 ./Middlewares/Third_Party/FatFs/src/ff.o
 .text.validate
                0x0000000008016bb8       0x6a ./Middlewares/Third_Party/FatFs/src/ff.o
 *fill*         0x0000000008016c22        0x2 
 .text.f_mount  0x0000000008016c24       0x8c ./Middlewares/Third_Party/FatFs/src/ff.o
                0x0000000008016c24                f_mount
 .text.f_open   0x0000000008016cb0      0x37c ./Middlewares/Third_Party/FatFs/src/ff.o
                0x0000000008016cb0                f_open
 .text.f_read   0x000000000801702c      0x27e ./Middlewares/Third_Party/FatFs/src/ff.o
                0x000000000801702c                f_read
 .text.f_sync   0x00000000080172aa       0xfc ./Middlewares/Third_Party/FatFs/src/ff.o
                0x00000000080172aa                f_sync
 .text.f_close  0x00000000080173a6       0x54 ./Middlewares/Third_Party/FatFs/src/ff.o
                0x00000000080173a6                f_close
 *fill*         0x00000000080173fa        0x2 
 .text.FATFS_LinkDriverEx
                0x00000000080173fc       0x98 ./Middlewares/Third_Party/FatFs/src/ff_gen_drv.o
                0x00000000080173fc                FATFS_LinkDriverEx
 .text.FATFS_LinkDriver
                0x0000000008017494       0x1e ./Middlewares/Third_Party/FatFs/src/ff_gen_drv.o
                0x0000000008017494                FATFS_LinkDriver
 *fill*         0x00000000080174b2        0x2 
 .text.__errno  0x00000000080174b4        0xc c:/st/stm32cubeide_1.8.0/stm32cubeide/plugins/com.st.stm32cube.ide.mcu.externaltools.gnu-tools-for-stm32.9-2020-q2-update.win32_2.0.0.202105311346/tools/bin/../lib/gcc/arm-none-eabi/9.3.1/../../../../arm-none-eabi/lib/thumb/v7e-m+fp/hard\libc_nano.a(lib_a-errno.o)
                0x00000000080174b4                __errno
 .text.__sflush_r
                0x00000000080174c0      0x10c c:/st/stm32cubeide_1.8.0/stm32cubeide/plugins/com.st.stm32cube.ide.mcu.externaltools.gnu-tools-for-stm32.9-2020-q2-update.win32_2.0.0.202105311346/tools/bin/../lib/gcc/arm-none-eabi/9.3.1/../../../../arm-none-eabi/lib/thumb/v7e-m+fp/hard\libc_nano.a(lib_a-fflush.o)
                0x00000000080174c0                __sflush_r
 .text._fflush_r
                0x00000000080175cc       0x78 c:/st/stm32cubeide_1.8.0/stm32cubeide/plugins/com.st.stm32cube.ide.mcu.externaltools.gnu-tools-for-stm32.9-2020-q2-update.win32_2.0.0.202105311346/tools/bin/../lib/gcc/arm-none-eabi/9.3.1/../../../../arm-none-eabi/lib/thumb/v7e-m+fp/hard\libc_nano.a(lib_a-fflush.o)
                0x00000000080175cc                _fflush_r
 .text.std      0x0000000008017644       0x48 c:/st/stm32cubeide_1.8.0/stm32cubeide/plugins/com.st.stm32cube.ide.mcu.externaltools.gnu-tools-for-stm32.9-2020-q2-update.win32_2.0.0.202105311346/tools/bin/../lib/gcc/arm-none-eabi/9.3.1/../../../../arm-none-eabi/lib/thumb/v7e-m+fp/hard\libc_nano.a(lib_a-findfp.o)
 .text._cleanup_r
                0x000000000801768c        0xc c:/st/stm32cubeide_1.8.0/stm32cubeide/plugins/com.st.stm32cube.ide.mcu.externaltools.gnu-tools-for-stm32.9-2020-q2-update.win32_2.0.0.202105311346/tools/bin/../lib/gcc/arm-none-eabi/9.3.1/../../../../arm-none-eabi/lib/thumb/v7e-m+fp/hard\libc_nano.a(lib_a-findfp.o)
                0x000000000801768c                _cleanup_r
 .text.__sfmoreglue
                0x0000000008017698       0x2c c:/st/stm32cubeide_1.8.0/stm32cubeide/plugins/com.st.stm32cube.ide.mcu.externaltools.gnu-tools-for-stm32.9-2020-q2-update.win32_2.0.0.202105311346/tools/bin/../lib/gcc/arm-none-eabi/9.3.1/../../../../arm-none-eabi/lib/thumb/v7e-m+fp/hard\libc_nano.a(lib_a-findfp.o)
                0x0000000008017698                __sfmoreglue
 .text.__sfp_lock_acquire
                0x00000000080176c4        0xc c:/st/stm32cubeide_1.8.0/stm32cubeide/plugins/com.st.stm32cube.ide.mcu.externaltools.gnu-tools-for-stm32.9-2020-q2-update.win32_2.0.0.202105311346/tools/bin/../lib/gcc/arm-none-eabi/9.3.1/../../../../arm-none-eabi/lib/thumb/v7e-m+fp/hard\libc_nano.a(lib_a-findfp.o)
                0x00000000080176c4                __sfp_lock_acquire
 .text.__sfp_lock_release
                0x00000000080176d0        0xc c:/st/stm32cubeide_1.8.0/stm32cubeide/plugins/com.st.stm32cube.ide.mcu.externaltools.gnu-tools-for-stm32.9-2020-q2-update.win32_2.0.0.202105311346/tools/bin/../lib/gcc/arm-none-eabi/9.3.1/../../../../arm-none-eabi/lib/thumb/v7e-m+fp/hard\libc_nano.a(lib_a-findfp.o)
                0x00000000080176d0                __sfp_lock_release
 .text.__sinit_lock_acquire
                0x00000000080176dc        0xc c:/st/stm32cubeide_1.8.0/stm32cubeide/plugins/com.st.stm32cube.ide.mcu.externaltools.gnu-tools-for-stm32.9-2020-q2-update.win32_2.0.0.202105311346/tools/bin/../lib/gcc/arm-none-eabi/9.3.1/../../../../arm-none-eabi/lib/thumb/v7e-m+fp/hard\libc_nano.a(lib_a-findfp.o)
                0x00000000080176dc                __sinit_lock_acquire
 .text.__sinit_lock_release
                0x00000000080176e8        0xc c:/st/stm32cubeide_1.8.0/stm32cubeide/plugins/com.st.stm32cube.ide.mcu.externaltools.gnu-tools-for-stm32.9-2020-q2-update.win32_2.0.0.202105311346/tools/bin/../lib/gcc/arm-none-eabi/9.3.1/../../../../arm-none-eabi/lib/thumb/v7e-m+fp/hard\libc_nano.a(lib_a-findfp.o)
                0x00000000080176e8                __sinit_lock_release
 .text.__sinit  0x00000000080176f4       0x70 c:/st/stm32cubeide_1.8.0/stm32cubeide/plugins/com.st.stm32cube.ide.mcu.externaltools.gnu-tools-for-stm32.9-2020-q2-update.win32_2.0.0.202105311346/tools/bin/../lib/gcc/arm-none-eabi/9.3.1/../../../../arm-none-eabi/lib/thumb/v7e-m+fp/hard\libc_nano.a(lib_a-findfp.o)
                0x00000000080176f4                __sinit
 .text.__sfp    0x0000000008017764       0x8c c:/st/stm32cubeide_1.8.0/stm32cubeide/plugins/com.st.stm32cube.ide.mcu.externaltools.gnu-tools-for-stm32.9-2020-q2-update.win32_2.0.0.202105311346/tools/bin/../lib/gcc/arm-none-eabi/9.3.1/../../../../arm-none-eabi/lib/thumb/v7e-m+fp/hard\libc_nano.a(lib_a-findfp.o)
                0x0000000008017764                __sfp
 .text._fwalk_reent
                0x00000000080177f0       0x3e c:/st/stm32cubeide_1.8.0/stm32cubeide/plugins/com.st.stm32cube.ide.mcu.externaltools.gnu-tools-for-stm32.9-2020-q2-update.win32_2.0.0.202105311346/tools/bin/../lib/gcc/arm-none-eabi/9.3.1/../../../../arm-none-eabi/lib/thumb/v7e-m+fp/hard\libc_nano.a(lib_a-fwalk.o)
                0x00000000080177f0                _fwalk_reent
 *fill*         0x000000000801782e        0x2 
 .text.__libc_init_array
                0x0000000008017830       0x48 c:/st/stm32cubeide_1.8.0/stm32cubeide/plugins/com.st.stm32cube.ide.mcu.externaltools.gnu-tools-for-stm32.9-2020-q2-update.win32_2.0.0.202105311346/tools/bin/../lib/gcc/arm-none-eabi/9.3.1/../../../../arm-none-eabi/lib/thumb/v7e-m+fp/hard\libc_nano.a(lib_a-init.o)
                0x0000000008017830                __libc_init_array
 .text.__retarget_lock_init_recursive
                0x0000000008017878        0x2 c:/st/stm32cubeide_1.8.0/stm32cubeide/plugins/com.st.stm32cube.ide.mcu.externaltools.gnu-tools-for-stm32.9-2020-q2-update.win32_2.0.0.202105311346/tools/bin/../lib/gcc/arm-none-eabi/9.3.1/../../../../arm-none-eabi/lib/thumb/v7e-m+fp/hard\libc_nano.a(lib_a-lock.o)
                0x0000000008017878                __retarget_lock_init_recursive
 .text.__retarget_lock_acquire_recursive
                0x000000000801787a        0x2 c:/st/stm32cubeide_1.8.0/stm32cubeide/plugins/com.st.stm32cube.ide.mcu.externaltools.gnu-tools-for-stm32.9-2020-q2-update.win32_2.0.0.202105311346/tools/bin/../lib/gcc/arm-none-eabi/9.3.1/../../../../arm-none-eabi/lib/thumb/v7e-m+fp/hard\libc_nano.a(lib_a-lock.o)
                0x000000000801787a                __retarget_lock_acquire_recursive
 .text.__retarget_lock_release_recursive
                0x000000000801787c        0x2 c:/st/stm32cubeide_1.8.0/stm32cubeide/plugins/com.st.stm32cube.ide.mcu.externaltools.gnu-tools-for-stm32.9-2020-q2-update.win32_2.0.0.202105311346/tools/bin/../lib/gcc/arm-none-eabi/9.3.1/../../../../arm-none-eabi/lib/thumb/v7e-m+fp/hard\libc_nano.a(lib_a-lock.o)
                0x000000000801787c                __retarget_lock_release_recursive
 .text.__swhatbuf_r
                0x000000000801787e       0x48 c:/st/stm32cubeide_1.8.0/stm32cubeide/plugins/com.st.stm32cube.ide.mcu.externaltools.gnu-tools-for-stm32.9-2020-q2-update.win32_2.0.0.202105311346/tools/bin/../lib/gcc/arm-none-eabi/9.3.1/../../../../arm-none-eabi/lib/thumb/v7e-m+fp/hard\libc_nano.a(lib_a-makebuf.o)
                0x000000000801787e                __swhatbuf_r
 *fill*         0x00000000080178c6        0x2 
 .text.__smakebuf_r
                0x00000000080178c8       0x80 c:/st/stm32cubeide_1.8.0/stm32cubeide/plugins/com.st.stm32cube.ide.mcu.externaltools.gnu-tools-for-stm32.9-2020-q2-update.win32_2.0.0.202105311346/tools/bin/../lib/gcc/arm-none-eabi/9.3.1/../../../../arm-none-eabi/lib/thumb/v7e-m+fp/hard\libc_nano.a(lib_a-makebuf.o)
                0x00000000080178c8                __smakebuf_r
 .text.memcpy   0x0000000008017948       0x1c c:/st/stm32cubeide_1.8.0/stm32cubeide/plugins/com.st.stm32cube.ide.mcu.externaltools.gnu-tools-for-stm32.9-2020-q2-update.win32_2.0.0.202105311346/tools/bin/../lib/gcc/arm-none-eabi/9.3.1/../../../../arm-none-eabi/lib/thumb/v7e-m+fp/hard\libc_nano.a(lib_a-memcpy-stub.o)
                0x0000000008017948                memcpy
 .text.memset   0x0000000008017964       0x10 c:/st/stm32cubeide_1.8.0/stm32cubeide/plugins/com.st.stm32cube.ide.mcu.externaltools.gnu-tools-for-stm32.9-2020-q2-update.win32_2.0.0.202105311346/tools/bin/../lib/gcc/arm-none-eabi/9.3.1/../../../../arm-none-eabi/lib/thumb/v7e-m+fp/hard\libc_nano.a(lib_a-memset.o)
                0x0000000008017964                memset
 .text._free_r  0x0000000008017974       0xa0 c:/st/stm32cubeide_1.8.0/stm32cubeide/plugins/com.st.stm32cube.ide.mcu.externaltools.gnu-tools-for-stm32.9-2020-q2-update.win32_2.0.0.202105311346/tools/bin/../lib/gcc/arm-none-eabi/9.3.1/../../../../arm-none-eabi/lib/thumb/v7e-m+fp/hard\libc_nano.a(lib_a-nano-freer.o)
                0x0000000008017974                _free_r
 .text._malloc_r
                0x0000000008017a14       0xb4 c:/st/stm32cubeide_1.8.0/stm32cubeide/plugins/com.st.stm32cube.ide.mcu.externaltools.gnu-tools-for-stm32.9-2020-q2-update.win32_2.0.0.202105311346/tools/bin/../lib/gcc/arm-none-eabi/9.3.1/../../../../arm-none-eabi/lib/thumb/v7e-m+fp/hard\libc_nano.a(lib_a-nano-mallocr.o)
                0x0000000008017a14                _malloc_r
 .text.__cvt    0x0000000008017ac8       0xc4 c:/st/stm32cubeide_1.8.0/stm32cubeide/plugins/com.st.stm32cube.ide.mcu.externaltools.gnu-tools-for-stm32.9-2020-q2-update.win32_2.0.0.202105311346/tools/bin/../lib/gcc/arm-none-eabi/9.3.1/../../../../arm-none-eabi/lib/thumb/v7e-m+fp/hard\libc_nano.a(lib_a-nano-vfprintf_float.o)
                0x0000000008017ac8                __cvt
 .text.__exponent
                0x0000000008017b8c       0x7c c:/st/stm32cubeide_1.8.0/stm32cubeide/plugins/com.st.stm32cube.ide.mcu.externaltools.gnu-tools-for-stm32.9-2020-q2-update.win32_2.0.0.202105311346/tools/bin/../lib/gcc/arm-none-eabi/9.3.1/../../../../arm-none-eabi/lib/thumb/v7e-m+fp/hard\libc_nano.a(lib_a-nano-vfprintf_float.o)
                0x0000000008017b8c                __exponent
 .text._printf_float
                0x0000000008017c08      0x46c c:/st/stm32cubeide_1.8.0/stm32cubeide/plugins/com.st.stm32cube.ide.mcu.externaltools.gnu-tools-for-stm32.9-2020-q2-update.win32_2.0.0.202105311346/tools/bin/../lib/gcc/arm-none-eabi/9.3.1/../../../../arm-none-eabi/lib/thumb/v7e-m+fp/hard\libc_nano.a(lib_a-nano-vfprintf_float.o)
                0x0000000008017c08                _printf_float
 .text._printf_common
                0x0000000008018074       0xda c:/st/stm32cubeide_1.8.0/stm32cubeide/plugins/com.st.stm32cube.ide.mcu.externaltools.gnu-tools-for-stm32.9-2020-q2-update.win32_2.0.0.202105311346/tools/bin/../lib/gcc/arm-none-eabi/9.3.1/../../../../arm-none-eabi/lib/thumb/v7e-m+fp/hard\libc_nano.a(lib_a-nano-vfprintf_i.o)
                0x0000000008018074                _printf_common
 *fill*         0x000000000801814e        0x2 
 .text._printf_i
                0x0000000008018150      0x24c c:/st/stm32cubeide_1.8.0/stm32cubeide/plugins/com.st.stm32cube.ide.mcu.externaltools.gnu-tools-for-stm32.9-2020-q2-update.win32_2.0.0.202105311346/tools/bin/../lib/gcc/arm-none-eabi/9.3.1/../../../../arm-none-eabi/lib/thumb/v7e-m+fp/hard\libc_nano.a(lib_a-nano-vfprintf_i.o)
                0x0000000008018150                _printf_i
 .text._sbrk_r  0x000000000801839c       0x20 c:/st/stm32cubeide_1.8.0/stm32cubeide/plugins/com.st.stm32cube.ide.mcu.externaltools.gnu-tools-for-stm32.9-2020-q2-update.win32_2.0.0.202105311346/tools/bin/../lib/gcc/arm-none-eabi/9.3.1/../../../../arm-none-eabi/lib/thumb/v7e-m+fp/hard\libc_nano.a(lib_a-sbrkr.o)
                0x000000000801839c                _sbrk_r
 .text.sprintf  0x00000000080183bc       0x40 c:/st/stm32cubeide_1.8.0/stm32cubeide/plugins/com.st.stm32cube.ide.mcu.externaltools.gnu-tools-for-stm32.9-2020-q2-update.win32_2.0.0.202105311346/tools/bin/../lib/gcc/arm-none-eabi/9.3.1/../../../../arm-none-eabi/lib/thumb/v7e-m+fp/hard\libc_nano.a(lib_a-sprintf.o)
                0x00000000080183bc                siprintf
                0x00000000080183bc                sprintf
 .text.__sread  0x00000000080183fc       0x22 c:/st/stm32cubeide_1.8.0/stm32cubeide/plugins/com.st.stm32cube.ide.mcu.externaltools.gnu-tools-for-stm32.9-2020-q2-update.win32_2.0.0.202105311346/tools/bin/../lib/gcc/arm-none-eabi/9.3.1/../../../../arm-none-eabi/lib/thumb/v7e-m+fp/hard\libc_nano.a(lib_a-stdio.o)
                0x00000000080183fc                __sread
 .text.__swrite
                0x000000000801841e       0x38 c:/st/stm32cubeide_1.8.0/stm32cubeide/plugins/com.st.stm32cube.ide.mcu.externaltools.gnu-tools-for-stm32.9-2020-q2-update.win32_2.0.0.202105311346/tools/bin/../lib/gcc/arm-none-eabi/9.3.1/../../../../arm-none-eabi/lib/thumb/v7e-m+fp/hard\libc_nano.a(lib_a-stdio.o)
                0x000000000801841e                __swrite
 .text.__sseek  0x0000000008018456       0x24 c:/st/stm32cubeide_1.8.0/stm32cubeide/plugins/com.st.stm32cube.ide.mcu.externaltools.gnu-tools-for-stm32.9-2020-q2-update.win32_2.0.0.202105311346/tools/bin/../lib/gcc/arm-none-eabi/9.3.1/../../../../arm-none-eabi/lib/thumb/v7e-m+fp/hard\libc_nano.a(lib_a-stdio.o)
                0x0000000008018456                __sseek
 .text.__sclose
                0x000000000801847a        0x8 c:/st/stm32cubeide_1.8.0/stm32cubeide/plugins/com.st.stm32cube.ide.mcu.externaltools.gnu-tools-for-stm32.9-2020-q2-update.win32_2.0.0.202105311346/tools/bin/../lib/gcc/arm-none-eabi/9.3.1/../../../../arm-none-eabi/lib/thumb/v7e-m+fp/hard\libc_nano.a(lib_a-stdio.o)
                0x000000000801847a                __sclose
 *fill*         0x0000000008018482        0x2 
 .text._write_r
                0x0000000008018484       0x24 c:/st/stm32cubeide_1.8.0/stm32cubeide/plugins/com.st.stm32cube.ide.mcu.externaltools.gnu-tools-for-stm32.9-2020-q2-update.win32_2.0.0.202105311346/tools/bin/../lib/gcc/arm-none-eabi/9.3.1/../../../../arm-none-eabi/lib/thumb/v7e-m+fp/hard\libc_nano.a(lib_a-writer.o)
                0x0000000008018484                _write_r
 .text._close_r
                0x00000000080184a8       0x20 c:/st/stm32cubeide_1.8.0/stm32cubeide/plugins/com.st.stm32cube.ide.mcu.externaltools.gnu-tools-for-stm32.9-2020-q2-update.win32_2.0.0.202105311346/tools/bin/../lib/gcc/arm-none-eabi/9.3.1/../../../../arm-none-eabi/lib/thumb/v7e-m+fp/hard\libc_nano.a(lib_a-closer.o)
                0x00000000080184a8                _close_r
 .text.quorem   0x00000000080184c8      0x116 c:/st/stm32cubeide_1.8.0/stm32cubeide/plugins/com.st.stm32cube.ide.mcu.externaltools.gnu-tools-for-stm32.9-2020-q2-update.win32_2.0.0.202105311346/tools/bin/../lib/gcc/arm-none-eabi/9.3.1/../../../../arm-none-eabi/lib/thumb/v7e-m+fp/hard\libc_nano.a(lib_a-dtoa.o)
 *fill*         0x00000000080185de        0x2 
 .text._dtoa_r  0x00000000080185e0      0xbd8 c:/st/stm32cubeide_1.8.0/stm32cubeide/plugins/com.st.stm32cube.ide.mcu.externaltools.gnu-tools-for-stm32.9-2020-q2-update.win32_2.0.0.202105311346/tools/bin/../lib/gcc/arm-none-eabi/9.3.1/../../../../arm-none-eabi/lib/thumb/v7e-m+fp/hard\libc_nano.a(lib_a-dtoa.o)
                0x00000000080185e0                _dtoa_r
 .text._fstat_r
                0x00000000080191b8       0x24 c:/st/stm32cubeide_1.8.0/stm32cubeide/plugins/com.st.stm32cube.ide.mcu.externaltools.gnu-tools-for-stm32.9-2020-q2-update.win32_2.0.0.202105311346/tools/bin/../lib/gcc/arm-none-eabi/9.3.1/../../../../arm-none-eabi/lib/thumb/v7e-m+fp/hard\libc_nano.a(lib_a-fstatr.o)
                0x00000000080191b8                _fstat_r
 .text._isatty_r
                0x00000000080191dc       0x20 c:/st/stm32cubeide_1.8.0/stm32cubeide/plugins/com.st.stm32cube.ide.mcu.externaltools.gnu-tools-for-stm32.9-2020-q2-update.win32_2.0.0.202105311346/tools/bin/../lib/gcc/arm-none-eabi/9.3.1/../../../../arm-none-eabi/lib/thumb/v7e-m+fp/hard\libc_nano.a(lib_a-isattyr.o)
                0x00000000080191dc                _isatty_r
 .text._localeconv_r
                0x00000000080191fc        0x8 c:/st/stm32cubeide_1.8.0/stm32cubeide/plugins/com.st.stm32cube.ide.mcu.externaltools.gnu-tools-for-stm32.9-2020-q2-update.win32_2.0.0.202105311346/tools/bin/../lib/gcc/arm-none-eabi/9.3.1/../../../../arm-none-eabi/lib/thumb/v7e-m+fp/hard\libc_nano.a(lib_a-localeconv.o)
                0x00000000080191fc                _localeconv_r
 .text._lseek_r
                0x0000000008019204       0x24 c:/st/stm32cubeide_1.8.0/stm32cubeide/plugins/com.st.stm32cube.ide.mcu.externaltools.gnu-tools-for-stm32.9-2020-q2-update.win32_2.0.0.202105311346/tools/bin/../lib/gcc/arm-none-eabi/9.3.1/../../../../arm-none-eabi/lib/thumb/v7e-m+fp/hard\libc_nano.a(lib_a-lseekr.o)
                0x0000000008019204                _lseek_r
 .text.malloc   0x0000000008019228       0x10 c:/st/stm32cubeide_1.8.0/stm32cubeide/plugins/com.st.stm32cube.ide.mcu.externaltools.gnu-tools-for-stm32.9-2020-q2-update.win32_2.0.0.202105311346/tools/bin/../lib/gcc/arm-none-eabi/9.3.1/../../../../arm-none-eabi/lib/thumb/v7e-m+fp/hard\libc_nano.a(lib_a-malloc.o)
                0x0000000008019228                malloc
 .text.__malloc_lock
                0x0000000008019238        0xc c:/st/stm32cubeide_1.8.0/stm32cubeide/plugins/com.st.stm32cube.ide.mcu.externaltools.gnu-tools-for-stm32.9-2020-q2-update.win32_2.0.0.202105311346/tools/bin/../lib/gcc/arm-none-eabi/9.3.1/../../../../arm-none-eabi/lib/thumb/v7e-m+fp/hard\libc_nano.a(lib_a-mlock.o)
                0x0000000008019238                __malloc_lock
 .text.__malloc_unlock
                0x0000000008019244        0xc c:/st/stm32cubeide_1.8.0/stm32cubeide/plugins/com.st.stm32cube.ide.mcu.externaltools.gnu-tools-for-stm32.9-2020-q2-update.win32_2.0.0.202105311346/tools/bin/../lib/gcc/arm-none-eabi/9.3.1/../../../../arm-none-eabi/lib/thumb/v7e-m+fp/hard\libc_nano.a(lib_a-mlock.o)
                0x0000000008019244                __malloc_unlock
 .text._Balloc  0x0000000008019250       0x80 c:/st/stm32cubeide_1.8.0/stm32cubeide/plugins/com.st.stm32cube.ide.mcu.externaltools.gnu-tools-for-stm32.9-2020-q2-update.win32_2.0.0.202105311346/tools/bin/../lib/gcc/arm-none-eabi/9.3.1/../../../../arm-none-eabi/lib/thumb/v7e-m+fp/hard\libc_nano.a(lib_a-mprec.o)
                0x0000000008019250                _Balloc
 .text._Bfree   0x00000000080192d0       0x44 c:/st/stm32cubeide_1.8.0/stm32cubeide/plugins/com.st.stm32cube.ide.mcu.externaltools.gnu-tools-for-stm32.9-2020-q2-update.win32_2.0.0.202105311346/tools/bin/../lib/gcc/arm-none-eabi/9.3.1/../../../../arm-none-eabi/lib/thumb/v7e-m+fp/hard\libc_nano.a(lib_a-mprec.o)
                0x00000000080192d0                _Bfree
 .text.__multadd
                0x0000000008019314       0x94 c:/st/stm32cubeide_1.8.0/stm32cubeide/plugins/com.st.stm32cube.ide.mcu.externaltools.gnu-tools-for-stm32.9-2020-q2-update.win32_2.0.0.202105311346/tools/bin/../lib/gcc/arm-none-eabi/9.3.1/../../../../arm-none-eabi/lib/thumb/v7e-m+fp/hard\libc_nano.a(lib_a-mprec.o)
                0x0000000008019314                __multadd
 .text.__hi0bits
                0x00000000080193a8       0x40 c:/st/stm32cubeide_1.8.0/stm32cubeide/plugins/com.st.stm32cube.ide.mcu.externaltools.gnu-tools-for-stm32.9-2020-q2-update.win32_2.0.0.202105311346/tools/bin/../lib/gcc/arm-none-eabi/9.3.1/../../../../arm-none-eabi/lib/thumb/v7e-m+fp/hard\libc_nano.a(lib_a-mprec.o)
                0x00000000080193a8                __hi0bits
 .text.__lo0bits
                0x00000000080193e8       0x60 c:/st/stm32cubeide_1.8.0/stm32cubeide/plugins/com.st.stm32cube.ide.mcu.externaltools.gnu-tools-for-stm32.9-2020-q2-update.win32_2.0.0.202105311346/tools/bin/../lib/gcc/arm-none-eabi/9.3.1/../../../../arm-none-eabi/lib/thumb/v7e-m+fp/hard\libc_nano.a(lib_a-mprec.o)
                0x00000000080193e8                __lo0bits
 .text.__i2b    0x0000000008019448       0x2c c:/st/stm32cubeide_1.8.0/stm32cubeide/plugins/com.st.stm32cube.ide.mcu.externaltools.gnu-tools-for-stm32.9-2020-q2-update.win32_2.0.0.202105311346/tools/bin/../lib/gcc/arm-none-eabi/9.3.1/../../../../arm-none-eabi/lib/thumb/v7e-m+fp/hard\libc_nano.a(lib_a-mprec.o)
                0x0000000008019448                __i2b
 .text.__multiply
                0x0000000008019474      0x14c c:/st/stm32cubeide_1.8.0/stm32cubeide/plugins/com.st.stm32cube.ide.mcu.externaltools.gnu-tools-for-stm32.9-2020-q2-update.win32_2.0.0.202105311346/tools/bin/../lib/gcc/arm-none-eabi/9.3.1/../../../../arm-none-eabi/lib/thumb/v7e-m+fp/hard\libc_nano.a(lib_a-mprec.o)
                0x0000000008019474                __multiply
 .text.__pow5mult
                0x00000000080195c0       0xb4 c:/st/stm32cubeide_1.8.0/stm32cubeide/plugins/com.st.stm32cube.ide.mcu.externaltools.gnu-tools-for-stm32.9-2020-q2-update.win32_2.0.0.202105311346/tools/bin/../lib/gcc/arm-none-eabi/9.3.1/../../../../arm-none-eabi/lib/thumb/v7e-m+fp/hard\libc_nano.a(lib_a-mprec.o)
                0x00000000080195c0                __pow5mult
 .text.__lshift
                0x0000000008019674       0xd8 c:/st/stm32cubeide_1.8.0/stm32cubeide/plugins/com.st.stm32cube.ide.mcu.externaltools.gnu-tools-for-stm32.9-2020-q2-update.win32_2.0.0.202105311346/tools/bin/../lib/gcc/arm-none-eabi/9.3.1/../../../../arm-none-eabi/lib/thumb/v7e-m+fp/hard\libc_nano.a(lib_a-mprec.o)
                0x0000000008019674                __lshift
 .text.__mcmp   0x000000000801974c       0x38 c:/st/stm32cubeide_1.8.0/stm32cubeide/plugins/com.st.stm32cube.ide.mcu.externaltools.gnu-tools-for-stm32.9-2020-q2-update.win32_2.0.0.202105311346/tools/bin/../lib/gcc/arm-none-eabi/9.3.1/../../../../arm-none-eabi/lib/thumb/v7e-m+fp/hard\libc_nano.a(lib_a-mprec.o)
                0x000000000801974c                __mcmp
 .text.__mdiff  0x0000000008019784      0x110 c:/st/stm32cubeide_1.8.0/stm32cubeide/plugins/com.st.stm32cube.ide.mcu.externaltools.gnu-tools-for-stm32.9-2020-q2-update.win32_2.0.0.202105311346/tools/bin/../lib/gcc/arm-none-eabi/9.3.1/../../../../arm-none-eabi/lib/thumb/v7e-m+fp/hard\libc_nano.a(lib_a-mprec.o)
                0x0000000008019784                __mdiff
 .text.__d2b    0x0000000008019894       0xb8 c:/st/stm32cubeide_1.8.0/stm32cubeide/plugins/com.st.stm32cube.ide.mcu.externaltools.gnu-tools-for-stm32.9-2020-q2-update.win32_2.0.0.202105311346/tools/bin/../lib/gcc/arm-none-eabi/9.3.1/../../../../arm-none-eabi/lib/thumb/v7e-m+fp/hard\libc_nano.a(lib_a-mprec.o)
                0x0000000008019894                __d2b
 .text._calloc_r
                0x000000000801994c       0x1e c:/st/stm32cubeide_1.8.0/stm32cubeide/plugins/com.st.stm32cube.ide.mcu.externaltools.gnu-tools-for-stm32.9-2020-q2-update.win32_2.0.0.202105311346/tools/bin/../lib/gcc/arm-none-eabi/9.3.1/../../../../arm-none-eabi/lib/thumb/v7e-m+fp/hard\libc_nano.a(lib_a-nano-callocr.o)
                0x000000000801994c                _calloc_r
 .text.__ssputs_r
                0x000000000801996a       0xb6 c:/st/stm32cubeide_1.8.0/stm32cubeide/plugins/com.st.stm32cube.ide.mcu.externaltools.gnu-tools-for-stm32.9-2020-q2-update.win32_2.0.0.202105311346/tools/bin/../lib/gcc/arm-none-eabi/9.3.1/../../../../arm-none-eabi/lib/thumb/v7e-m+fp/hard\libc_nano.a(lib_a-nano-svfprintf.o)
                0x000000000801996a                __ssputs_r
 .text._svfprintf_r
                0x0000000008019a20      0x200 c:/st/stm32cubeide_1.8.0/stm32cubeide/plugins/com.st.stm32cube.ide.mcu.externaltools.gnu-tools-for-stm32.9-2020-q2-update.win32_2.0.0.202105311346/tools/bin/../lib/gcc/arm-none-eabi/9.3.1/../../../../arm-none-eabi/lib/thumb/v7e-m+fp/hard\libc_nano.a(lib_a-nano-svfprintf.o)
                0x0000000008019a20                _svfiprintf_r
                0x0000000008019a20                _svfprintf_r
 .text._read_r  0x0000000008019c20       0x24 c:/st/stm32cubeide_1.8.0/stm32cubeide/plugins/com.st.stm32cube.ide.mcu.externaltools.gnu-tools-for-stm32.9-2020-q2-update.win32_2.0.0.202105311346/tools/bin/../lib/gcc/arm-none-eabi/9.3.1/../../../../arm-none-eabi/lib/thumb/v7e-m+fp/hard\libc_nano.a(lib_a-readr.o)
                0x0000000008019c20                _read_r
 .text.__assert_func
                0x0000000008019c44       0x3c c:/st/stm32cubeide_1.8.0/stm32cubeide/plugins/com.st.stm32cube.ide.mcu.externaltools.gnu-tools-for-stm32.9-2020-q2-update.win32_2.0.0.202105311346/tools/bin/../lib/gcc/arm-none-eabi/9.3.1/../../../../arm-none-eabi/lib/thumb/v7e-m+fp/hard\libc_nano.a(lib_a-assert.o)
                0x0000000008019c44                __assert_func
 .text.fprintf  0x0000000008019c80       0x24 c:/st/stm32cubeide_1.8.0/stm32cubeide/plugins/com.st.stm32cube.ide.mcu.externaltools.gnu-tools-for-stm32.9-2020-q2-update.win32_2.0.0.202105311346/tools/bin/../lib/gcc/arm-none-eabi/9.3.1/../../../../arm-none-eabi/lib/thumb/v7e-m+fp/hard\libc_nano.a(lib_a-fprintf.o)
                0x0000000008019c80                fiprintf
                0x0000000008019c80                fprintf
 .text.__ascii_mbtowc
                0x0000000008019ca4       0x24 c:/st/stm32cubeide_1.8.0/stm32cubeide/plugins/com.st.stm32cube.ide.mcu.externaltools.gnu-tools-for-stm32.9-2020-q2-update.win32_2.0.0.202105311346/tools/bin/../lib/gcc/arm-none-eabi/9.3.1/../../../../arm-none-eabi/lib/thumb/v7e-m+fp/hard\libc_nano.a(lib_a-mbtowc_r.o)
                0x0000000008019ca4                __ascii_mbtowc
 .text.memmove  0x0000000008019cc8       0x34 c:/st/stm32cubeide_1.8.0/stm32cubeide/plugins/com.st.stm32cube.ide.mcu.externaltools.gnu-tools-for-stm32.9-2020-q2-update.win32_2.0.0.202105311346/tools/bin/../lib/gcc/arm-none-eabi/9.3.1/../../../../arm-none-eabi/lib/thumb/v7e-m+fp/hard\libc_nano.a(lib_a-memmove.o)
                0x0000000008019cc8                memmove
 .text._realloc_r
                0x0000000008019cfc       0x4c c:/st/stm32cubeide_1.8.0/stm32cubeide/plugins/com.st.stm32cube.ide.mcu.externaltools.gnu-tools-for-stm32.9-2020-q2-update.win32_2.0.0.202105311346/tools/bin/../lib/gcc/arm-none-eabi/9.3.1/../../../../arm-none-eabi/lib/thumb/v7e-m+fp/hard\libc_nano.a(lib_a-nano-reallocr.o)
                0x0000000008019cfc                _realloc_r
 .text.__sfputc_r
                0x0000000008019d48       0x2e c:/st/stm32cubeide_1.8.0/stm32cubeide/plugins/com.st.stm32cube.ide.mcu.externaltools.gnu-tools-for-stm32.9-2020-q2-update.win32_2.0.0.202105311346/tools/bin/../lib/gcc/arm-none-eabi/9.3.1/../../../../arm-none-eabi/lib/thumb/v7e-m+fp/hard\libc_nano.a(lib_a-nano-vfprintf.o)
 .text.__sfputs_r
                0x0000000008019d76       0x24 c:/st/stm32cubeide_1.8.0/stm32cubeide/plugins/com.st.stm32cube.ide.mcu.externaltools.gnu-tools-for-stm32.9-2020-q2-update.win32_2.0.0.202105311346/tools/bin/../lib/gcc/arm-none-eabi/9.3.1/../../../../arm-none-eabi/lib/thumb/v7e-m+fp/hard\libc_nano.a(lib_a-nano-vfprintf.o)
                0x0000000008019d76                __sfputs_r
 *fill*         0x0000000008019d9a        0x2 
 .text._vfprintf_r
                0x0000000008019d9c      0x260 c:/st/stm32cubeide_1.8.0/stm32cubeide/plugins/com.st.stm32cube.ide.mcu.externaltools.gnu-tools-for-stm32.9-2020-q2-update.win32_2.0.0.202105311346/tools/bin/../lib/gcc/arm-none-eabi/9.3.1/../../../../arm-none-eabi/lib/thumb/v7e-m+fp/hard\libc_nano.a(lib_a-nano-vfprintf.o)
                0x0000000008019d9c                _vfprintf_r
                0x0000000008019d9c                _vfiprintf_r
 .text.__swbuf_r
                0x0000000008019ffc       0xa4 c:/st/stm32cubeide_1.8.0/stm32cubeide/plugins/com.st.stm32cube.ide.mcu.externaltools.gnu-tools-for-stm32.9-2020-q2-update.win32_2.0.0.202105311346/tools/bin/../lib/gcc/arm-none-eabi/9.3.1/../../../../arm-none-eabi/lib/thumb/v7e-m+fp/hard\libc_nano.a(lib_a-wbuf.o)
                0x0000000008019ffc                __swbuf_r
 .text.__ascii_wctomb
                0x000000000801a0a0       0x1a c:/st/stm32cubeide_1.8.0/stm32cubeide/plugins/com.st.stm32cube.ide.mcu.externaltools.gnu-tools-for-stm32.9-2020-q2-update.win32_2.0.0.202105311346/tools/bin/../lib/gcc/arm-none-eabi/9.3.1/../../../../arm-none-eabi/lib/thumb/v7e-m+fp/hard\libc_nano.a(lib_a-wctomb_r.o)
                0x000000000801a0a0                __ascii_wctomb
 *fill*         0x000000000801a0ba        0x2 
 .text.__swsetup_r
                0x000000000801a0bc       0xdc c:/st/stm32cubeide_1.8.0/stm32cubeide/plugins/com.st.stm32cube.ide.mcu.externaltools.gnu-tools-for-stm32.9-2020-q2-update.win32_2.0.0.202105311346/tools/bin/../lib/gcc/arm-none-eabi/9.3.1/../../../../arm-none-eabi/lib/thumb/v7e-m+fp/hard\libc_nano.a(lib_a-wsetup.o)
                0x000000000801a0bc                __swsetup_r
 .text.abort    0x000000000801a198        0xe c:/st/stm32cubeide_1.8.0/stm32cubeide/plugins/com.st.stm32cube.ide.mcu.externaltools.gnu-tools-for-stm32.9-2020-q2-update.win32_2.0.0.202105311346/tools/bin/../lib/gcc/arm-none-eabi/9.3.1/../../../../arm-none-eabi/lib/thumb/v7e-m+fp/hard\libc_nano.a(lib_a-abort.o)
                0x000000000801a198                abort
 .text._malloc_usable_size_r
                0x000000000801a1a6       0x10 c:/st/stm32cubeide_1.8.0/stm32cubeide/plugins/com.st.stm32cube.ide.mcu.externaltools.gnu-tools-for-stm32.9-2020-q2-update.win32_2.0.0.202105311346/tools/bin/../lib/gcc/arm-none-eabi/9.3.1/../../../../arm-none-eabi/lib/thumb/v7e-m+fp/hard\libc_nano.a(lib_a-nano-msizer.o)
                0x000000000801a1a6                _malloc_usable_size_r
 .text._raise_r
                0x000000000801a1b6       0x50 c:/st/stm32cubeide_1.8.0/stm32cubeide/plugins/com.st.stm32cube.ide.mcu.externaltools.gnu-tools-for-stm32.9-2020-q2-update.win32_2.0.0.202105311346/tools/bin/../lib/gcc/arm-none-eabi/9.3.1/../../../../arm-none-eabi/lib/thumb/v7e-m+fp/hard\libc_nano.a(lib_a-signal.o)
                0x000000000801a1b6                _raise_r
 *fill*         0x000000000801a206        0x2 
 .text.raise    0x000000000801a208       0x10 c:/st/stm32cubeide_1.8.0/stm32cubeide/plugins/com.st.stm32cube.ide.mcu.externaltools.gnu-tools-for-stm32.9-2020-q2-update.win32_2.0.0.202105311346/tools/bin/../lib/gcc/arm-none-eabi/9.3.1/../../../../arm-none-eabi/lib/thumb/v7e-m+fp/hard\libc_nano.a(lib_a-signal.o)
                0x000000000801a208                raise
 .text._kill_r  0x000000000801a218       0x24 c:/st/stm32cubeide_1.8.0/stm32cubeide/plugins/com.st.stm32cube.ide.mcu.externaltools.gnu-tools-for-stm32.9-2020-q2-update.win32_2.0.0.202105311346/tools/bin/../lib/gcc/arm-none-eabi/9.3.1/../../../../arm-none-eabi/lib/thumb/v7e-m+fp/hard\libc_nano.a(lib_a-signalr.o)
                0x000000000801a218                _kill_r
 .text._getpid_r
                0x000000000801a23c        0x4 c:/st/stm32cubeide_1.8.0/stm32cubeide/plugins/com.st.stm32cube.ide.mcu.externaltools.gnu-tools-for-stm32.9-2020-q2-update.win32_2.0.0.202105311346/tools/bin/../lib/gcc/arm-none-eabi/9.3.1/../../../../arm-none-eabi/lib/thumb/v7e-m+fp/hard\libc_nano.a(lib_a-signalr.o)
                0x000000000801a23c                _getpid_r
 *(.glue_7)
 .glue_7        0x000000000801a240        0x0 linker stubs
 *(.glue_7t)
 .glue_7t       0x000000000801a240        0x0 linker stubs
 *(.eh_frame)
 .eh_frame      0x000000000801a240        0x0 c:/st/stm32cubeide_1.8.0/stm32cubeide/plugins/com.st.stm32cube.ide.mcu.externaltools.gnu-tools-for-stm32.9-2020-q2-update.win32_2.0.0.202105311346/tools/bin/../lib/gcc/arm-none-eabi/9.3.1/thumb/v7e-m+fp/hard/crtbegin.o
 *(.init)
 .init          0x000000000801a240        0x4 c:/st/stm32cubeide_1.8.0/stm32cubeide/plugins/com.st.stm32cube.ide.mcu.externaltools.gnu-tools-for-stm32.9-2020-q2-update.win32_2.0.0.202105311346/tools/bin/../lib/gcc/arm-none-eabi/9.3.1/thumb/v7e-m+fp/hard/crti.o
                0x000000000801a240                _init
 .init          0x000000000801a244        0x8 c:/st/stm32cubeide_1.8.0/stm32cubeide/plugins/com.st.stm32cube.ide.mcu.externaltools.gnu-tools-for-stm32.9-2020-q2-update.win32_2.0.0.202105311346/tools/bin/../lib/gcc/arm-none-eabi/9.3.1/thumb/v7e-m+fp/hard/crtn.o
 *(.fini)
 .fini          0x000000000801a24c        0x4 c:/st/stm32cubeide_1.8.0/stm32cubeide/plugins/com.st.stm32cube.ide.mcu.externaltools.gnu-tools-for-stm32.9-2020-q2-update.win32_2.0.0.202105311346/tools/bin/../lib/gcc/arm-none-eabi/9.3.1/thumb/v7e-m+fp/hard/crti.o
                0x000000000801a24c                _fini
 .fini          0x000000000801a250        0x8 c:/st/stm32cubeide_1.8.0/stm32cubeide/plugins/com.st.stm32cube.ide.mcu.externaltools.gnu-tools-for-stm32.9-2020-q2-update.win32_2.0.0.202105311346/tools/bin/../lib/gcc/arm-none-eabi/9.3.1/thumb/v7e-m+fp/hard/crtn.o
                0x000000000801a258                . = ALIGN (0x4)
                0x000000000801a258                _etext = .

.vfp11_veneer   0x000000000801a258        0x0
 .vfp11_veneer  0x000000000801a258        0x0 linker stubs

.v4_bx          0x000000000801a258        0x0
 .v4_bx         0x000000000801a258        0x0 linker stubs

.iplt           0x000000000801a258        0x0
 .iplt          0x000000000801a258        0x0 c:/st/stm32cubeide_1.8.0/stm32cubeide/plugins/com.st.stm32cube.ide.mcu.externaltools.gnu-tools-for-stm32.9-2020-q2-update.win32_2.0.0.202105311346/tools/bin/../lib/gcc/arm-none-eabi/9.3.1/thumb/v7e-m+fp/hard/crtbegin.o

.rodata         0x000000000801a258      0xe64
                0x000000000801a258                . = ALIGN (0x4)
 *(.rodata)
 .rodata        0x000000000801a258      0x134 ./Core/Src/main.o
 *fill*         0x000000000801a38c        0x4 
 .rodata        0x000000000801a390      0x180 ./Core/Src/sha3.o
 .rodata        0x000000000801a510       0x44 ./Middlewares/Third_Party/FatFs/src/ff.o
 *(.rodata*)
 .rodata.Gb_sculChachaKey
                0x000000000801a554       0x20 ./Core/Src/ChaCha20.o
 .rodata.Bi     0x000000000801a574      0x3c0 ./Core/Src/ge.o
 .rodata.d      0x000000000801a934       0x28 ./Core/Src/ge.o
 .rodata.sqrtm1
                0x000000000801a95c       0x28 ./Core/Src/ge.o
 .rodata.d2     0x000000000801a984       0x28 ./Core/Src/ge.o
 *fill*         0x000000000801a9ac        0x4 
 .rodata.K      0x000000000801a9b0      0x280 ./Core/Src/sha512.o
 .rodata.AHBPrescTable
                0x000000000801ac30       0x10 ./Core/Src/system_stm32f4xx.o
                0x000000000801ac30                AHBPrescTable
 .rodata.APBPrescTable
                0x000000000801ac40        0x8 ./Core/Src/system_stm32f4xx.o
                0x000000000801ac40                APBPrescTable
 .rodata.SD_Driver
                0x000000000801ac48       0x14 ./FATFS/Target/sd_diskio.o
                0x000000000801ac48                SD_Driver
 .rodata.ExCvt  0x000000000801ac5c       0x80 ./Middlewares/Third_Party/FatFs/src/ff.o
 .rodata.__sf_fake_stderr
                0x000000000801acdc       0x20 c:/st/stm32cubeide_1.8.0/stm32cubeide/plugins/com.st.stm32cube.ide.mcu.externaltools.gnu-tools-for-stm32.9-2020-q2-update.win32_2.0.0.202105311346/tools/bin/../lib/gcc/arm-none-eabi/9.3.1/../../../../arm-none-eabi/lib/thumb/v7e-m+fp/hard\libc_nano.a(lib_a-findfp.o)
                0x000000000801acdc                __sf_fake_stderr
 .rodata.__sf_fake_stdin
                0x000000000801acfc       0x20 c:/st/stm32cubeide_1.8.0/stm32cubeide/plugins/com.st.stm32cube.ide.mcu.externaltools.gnu-tools-for-stm32.9-2020-q2-update.win32_2.0.0.202105311346/tools/bin/../lib/gcc/arm-none-eabi/9.3.1/../../../../arm-none-eabi/lib/thumb/v7e-m+fp/hard\libc_nano.a(lib_a-findfp.o)
                0x000000000801acfc                __sf_fake_stdin
 .rodata.__sf_fake_stdout
                0x000000000801ad1c       0x20 c:/st/stm32cubeide_1.8.0/stm32cubeide/plugins/com.st.stm32cube.ide.mcu.externaltools.gnu-tools-for-stm32.9-2020-q2-update.win32_2.0.0.202105311346/tools/bin/../lib/gcc/arm-none-eabi/9.3.1/../../../../arm-none-eabi/lib/thumb/v7e-m+fp/hard\libc_nano.a(lib_a-findfp.o)
                0x000000000801ad1c                __sf_fake_stdout
 .rodata._global_impure_ptr
                0x000000000801ad3c        0x4 c:/st/stm32cubeide_1.8.0/stm32cubeide/plugins/com.st.stm32cube.ide.mcu.externaltools.gnu-tools-for-stm32.9-2020-q2-update.win32_2.0.0.202105311346/tools/bin/../lib/gcc/arm-none-eabi/9.3.1/../../../../arm-none-eabi/lib/thumb/v7e-m+fp/hard\libc_nano.a(lib_a-impure.o)
                0x000000000801ad3c                _global_impure_ptr
 .rodata._printf_float.str1.1
                0x000000000801ad40       0x12 c:/st/stm32cubeide_1.8.0/stm32cubeide/plugins/com.st.stm32cube.ide.mcu.externaltools.gnu-tools-for-stm32.9-2020-q2-update.win32_2.0.0.202105311346/tools/bin/../lib/gcc/arm-none-eabi/9.3.1/../../../../arm-none-eabi/lib/thumb/v7e-m+fp/hard\libc_nano.a(lib_a-nano-vfprintf_float.o)
 .rodata._printf_i.str1.1
                0x000000000801ad52       0x22 c:/st/stm32cubeide_1.8.0/stm32cubeide/plugins/com.st.stm32cube.ide.mcu.externaltools.gnu-tools-for-stm32.9-2020-q2-update.win32_2.0.0.202105311346/tools/bin/../lib/gcc/arm-none-eabi/9.3.1/../../../../arm-none-eabi/lib/thumb/v7e-m+fp/hard\libc_nano.a(lib_a-nano-vfprintf_i.o)
 .rodata._dtoa_r.str1.1
                0x000000000801ad74       0x94 c:/st/stm32cubeide_1.8.0/stm32cubeide/plugins/com.st.stm32cube.ide.mcu.externaltools.gnu-tools-for-stm32.9-2020-q2-update.win32_2.0.0.202105311346/tools/bin/../lib/gcc/arm-none-eabi/9.3.1/../../../../arm-none-eabi/lib/thumb/v7e-m+fp/hard\libc_nano.a(lib_a-dtoa.o)
                                         0x96 (size before relaxing)
 .rodata._Balloc.str1.1
                0x000000000801ae08       0x60 c:/st/stm32cubeide_1.8.0/stm32cubeide/plugins/com.st.stm32cube.ide.mcu.externaltools.gnu-tools-for-stm32.9-2020-q2-update.win32_2.0.0.202105311346/tools/bin/../lib/gcc/arm-none-eabi/9.3.1/../../../../arm-none-eabi/lib/thumb/v7e-m+fp/hard\libc_nano.a(lib_a-mprec.o)
                                         0x77 (size before relaxing)
 .rodata.__multadd.str1.1
                0x000000000801ae68       0x11 c:/st/stm32cubeide_1.8.0/stm32cubeide/plugins/com.st.stm32cube.ide.mcu.externaltools.gnu-tools-for-stm32.9-2020-q2-update.win32_2.0.0.202105311346/tools/bin/../lib/gcc/arm-none-eabi/9.3.1/../../../../arm-none-eabi/lib/thumb/v7e-m+fp/hard\libc_nano.a(lib_a-mprec.o)
 .rodata.__mprec_bigtens
                0x000000000801ae68       0x28 c:/st/stm32cubeide_1.8.0/stm32cubeide/plugins/com.st.stm32cube.ide.mcu.externaltools.gnu-tools-for-stm32.9-2020-q2-update.win32_2.0.0.202105311346/tools/bin/../lib/gcc/arm-none-eabi/9.3.1/../../../../arm-none-eabi/lib/thumb/v7e-m+fp/hard\libc_nano.a(lib_a-mprec.o)
                0x000000000801ae68                __mprec_bigtens
 .rodata.__mprec_tens
                0x000000000801ae90       0xc8 c:/st/stm32cubeide_1.8.0/stm32cubeide/plugins/com.st.stm32cube.ide.mcu.externaltools.gnu-tools-for-stm32.9-2020-q2-update.win32_2.0.0.202105311346/tools/bin/../lib/gcc/arm-none-eabi/9.3.1/../../../../arm-none-eabi/lib/thumb/v7e-m+fp/hard\libc_nano.a(lib_a-mprec.o)
                0x000000000801ae90                __mprec_tens
 .rodata.p05.7513
                0x000000000801af58        0xc c:/st/stm32cubeide_1.8.0/stm32cubeide/plugins/com.st.stm32cube.ide.mcu.externaltools.gnu-tools-for-stm32.9-2020-q2-update.win32_2.0.0.202105311346/tools/bin/../lib/gcc/arm-none-eabi/9.3.1/../../../../arm-none-eabi/lib/thumb/v7e-m+fp/hard\libc_nano.a(lib_a-mprec.o)
 .rodata._svfprintf_r.str1.1
                0x000000000801af64       0x11 c:/st/stm32cubeide_1.8.0/stm32cubeide/plugins/com.st.stm32cube.ide.mcu.externaltools.gnu-tools-for-stm32.9-2020-q2-update.win32_2.0.0.202105311346/tools/bin/../lib/gcc/arm-none-eabi/9.3.1/../../../../arm-none-eabi/lib/thumb/v7e-m+fp/hard\libc_nano.a(lib_a-nano-svfprintf.o)
 .rodata.__assert_func.str1.1
                0x000000000801af75       0x3c c:/st/stm32cubeide_1.8.0/stm32cubeide/plugins/com.st.stm32cube.ide.mcu.externaltools.gnu-tools-for-stm32.9-2020-q2-update.win32_2.0.0.202105311346/tools/bin/../lib/gcc/arm-none-eabi/9.3.1/../../../../arm-none-eabi/lib/thumb/v7e-m+fp/hard\libc_nano.a(lib_a-assert.o)
                                         0x3d (size before relaxing)
 .rodata._setlocale_r.str1.1