main.c:88:13:goto_application	24	static
main.c:102:19:sd_init	8	static
main.c:107:9:sd_mount	16	static
main.c:111:9:sd_open	24	static
main.c:115:6:sd_write	32	static
main.c:121:10:sd_read	32	static
main.c:127:6:sd_close	16	static
main.c:131:6:store_into_flash	32	static
main.c:139:15:init_flash	48	static
main.c:172:10:read_file_and_store_into_flash	2104	static
main.c:222:6:read_chunk_data_in_flash	32	static
main.c:229:19:tree_hash_on_flash	2128	dynamic
main.c:265:9:read_reset_cause	16	static
main.c:295:5:main	1264	static
main.c:397:6:SystemClock_Config	88	static
main.c:442:13:MX_SDIO_SD_Init	4	static
main.c:470:13:MX_TIM1_Init	32	static
main.c:516:13:MX_UART4_Init	8	static
main.c:549:13:MX_USART1_UART_Init	8	static
main.c:582:13:MX_USART2_UART_Init	8	static
main.c:615:13:MX_GPIO_Init	48	static
main.c:648:6:Error_Handler	4	static,ignoring_inline_asm
