main.c:93:13:goto_application	24	static
main.c:107:19:sd_init	8	static
main.c:112:9:sd_mount	16	static
main.c:116:9:sd_open	24	static
main.c:120:6:sd_write	32	static
main.c:126:10:sd_read	32	static
main.c:132:6:sd_close	16	static
main.c:136:6:store_into_flash	32	static
main.c:144:15:init_flash	48	static
main.c:177:10:read_file_and_store_into_flash	2104	static
main.c:227:6:read_chunk_data_in_flash	32	static
main.c:234:19:tree_hash_on_flash	2128	dynamic
main.c:270:9:read_reset_cause	16	static
main.c:296:6:Update_Signature	24	static
main.c:302:6:Update_Publickey	24	static
main.c:307:6:Update_HashValue	24	static
main.c:313:6:Update_BootloaderCert	24	static
main.c:319:6:Update_Application1Cert	24	static
main.c:325:6:Update_Application2Cert	24	static
main.c:337:5:main	1264	static
main.c:471:6:SystemClock_Config	88	static
main.c:516:13:MX_SDIO_SD_Init	4	static
main.c:544:13:MX_SPI2_Init	8	static
main.c:582:13:MX_TIM1_Init	32	static
main.c:628:13:MX_UART4_Init	8	static
main.c:661:13:MX_USART1_UART_Init	8	static
main.c:694:13:MX_USART2_UART_Init	8	static
main.c:727:13:MX_GPIO_Init	48	static
main.c:771:6:Error_Handler	4	static,ignoring_inline_asm
