WQ25xx.c:28:9:W25qxx_Spi	32	static
WQ25xx.c:35:10:W25qxx_ReadID	24	static
WQ25xx.c:48:6:W25qxx_ReadUniqID	24	static
WQ25xx.c:59:6:W25qxx_WriteEnable	8	static
WQ25xx.c:67:6:W25qxx_WriteDisable	8	static
WQ25xx.c:75:9:W25qxx_ReadStatusRegister	24	static
WQ25xx.c:101:6:W25qxx_WriteStatusRegister	16	static
WQ25xx.c:123:6:W25qxx_WaitForWriteEnd	8	static
WQ25xx.c:137:6:W25qxx_Init	16	static
WQ25xx.c:257:6:W25qxx_EraseChip	8	static
WQ25xx.c:278:6:W25qxx_EraseSector	16	static
WQ25xx.c:306:6:W25qxx_EraseBlock	16	static
WQ25xx.c:336:10:W25qxx_PageToSector	16	static
WQ25xx.c:341:10:W25qxx_PageToBlock	16	static
WQ25xx.c:346:10:W25qxx_SectorToBlock	16	static
WQ25xx.c:351:10:W25qxx_SectorToPage	16	static
WQ25xx.c:356:10:W25qxx_BlockToPage	16	static
WQ25xx.c:361:7:W25qxx_IsEmptyPage	72	static
WQ25xx.c:430:7:W25qxx_IsEmptySector	72	static
WQ25xx.c:499:7:W25qxx_IsEmptyBlock	72	static
WQ25xx.c:568:6:W25qxx_WriteByte	16	static
WQ25xx.c:595:7:W25qxx_WritePage	24	static
WQ25xx.c:641:7:W25qxx_WriteSector	40	static
WQ25xx.c:680:7:W25qxx_WriteBlock	40	static
WQ25xx.c:719:7:W25qxx_ReadByte	16	static
WQ25xx.c:744:6:W25qxx_ReadBytes	24	static
WQ25xx.c:782:7:W25qxx_ReadPage	24	static
WQ25xx.c:826:7:W25qxx_ReadSector	40	static
WQ25xx.c:865:7:W25qxx_ReadBlock	40	static
